Archive member included to satisfy reference by file (symbol)

c:/st/stm32cubeide_1.3.0/stm32cubeide/plugins/com.st.stm32cube.ide.mcu.externaltools.gnu-tools-for-stm32.7-2018-q2-update.win32_1.0.0.201904181610/tools/bin/../lib/gcc/arm-none-eabi/7.3.1/../../../../arm-none-eabi/lib/thumb/v7e-m/fpv4-sp/hard\libc_nano.a(lib_a-errno.o)
                              Core/Src/syscalls.o (__errno)
c:/st/stm32cubeide_1.3.0/stm32cubeide/plugins/com.st.stm32cube.ide.mcu.externaltools.gnu-tools-for-stm32.7-2018-q2-update.win32_1.0.0.201904181610/tools/bin/../lib/gcc/arm-none-eabi/7.3.1/../../../../arm-none-eabi/lib/thumb/v7e-m/fpv4-sp/hard\libc_nano.a(lib_a-exit.o)
                              c:/st/stm32cubeide_1.3.0/stm32cubeide/plugins/com.st.stm32cube.ide.mcu.externaltools.gnu-tools-for-stm32.7-2018-q2-update.win32_1.0.0.201904181610/tools/bin/../lib/gcc/arm-none-eabi/7.3.1/../../../../arm-none-eabi/lib/thumb/v7e-m/fpv4-sp/hard/crt0.o (exit)
c:/st/stm32cubeide_1.3.0/stm32cubeide/plugins/com.st.stm32cube.ide.mcu.externaltools.gnu-tools-for-stm32.7-2018-q2-update.win32_1.0.0.201904181610/tools/bin/../lib/gcc/arm-none-eabi/7.3.1/../../../../arm-none-eabi/lib/thumb/v7e-m/fpv4-sp/hard\libc_nano.a(lib_a-impure.o)
                              c:/st/stm32cubeide_1.3.0/stm32cubeide/plugins/com.st.stm32cube.ide.mcu.externaltools.gnu-tools-for-stm32.7-2018-q2-update.win32_1.0.0.201904181610/tools/bin/../lib/gcc/arm-none-eabi/7.3.1/../../../../arm-none-eabi/lib/thumb/v7e-m/fpv4-sp/hard\libc_nano.a(lib_a-exit.o) (_global_impure_ptr)
c:/st/stm32cubeide_1.3.0/stm32cubeide/plugins/com.st.stm32cube.ide.mcu.externaltools.gnu-tools-for-stm32.7-2018-q2-update.win32_1.0.0.201904181610/tools/bin/../lib/gcc/arm-none-eabi/7.3.1/../../../../arm-none-eabi/lib/thumb/v7e-m/fpv4-sp/hard\libc_nano.a(lib_a-init.o)
                              c:/st/stm32cubeide_1.3.0/stm32cubeide/plugins/com.st.stm32cube.ide.mcu.externaltools.gnu-tools-for-stm32.7-2018-q2-update.win32_1.0.0.201904181610/tools/bin/../lib/gcc/arm-none-eabi/7.3.1/../../../../arm-none-eabi/lib/thumb/v7e-m/fpv4-sp/hard/crt0.o (__libc_init_array)
c:/st/stm32cubeide_1.3.0/stm32cubeide/plugins/com.st.stm32cube.ide.mcu.externaltools.gnu-tools-for-stm32.7-2018-q2-update.win32_1.0.0.201904181610/tools/bin/../lib/gcc/arm-none-eabi/7.3.1/../../../../arm-none-eabi/lib/thumb/v7e-m/fpv4-sp/hard\libc_nano.a(lib_a-memcpy-stub.o)
                              Middlewares/FreeRTOS/cmsis_os2.o (memcpy)
c:/st/stm32cubeide_1.3.0/stm32cubeide/plugins/com.st.stm32cube.ide.mcu.externaltools.gnu-tools-for-stm32.7-2018-q2-update.win32_1.0.0.201904181610/tools/bin/../lib/gcc/arm-none-eabi/7.3.1/../../../../arm-none-eabi/lib/thumb/v7e-m/fpv4-sp/hard\libc_nano.a(lib_a-memset.o)
                              c:/st/stm32cubeide_1.3.0/stm32cubeide/plugins/com.st.stm32cube.ide.mcu.externaltools.gnu-tools-for-stm32.7-2018-q2-update.win32_1.0.0.201904181610/tools/bin/../lib/gcc/arm-none-eabi/7.3.1/../../../../arm-none-eabi/lib/thumb/v7e-m/fpv4-sp/hard/crt0.o (memset)
c:/st/stm32cubeide_1.3.0/stm32cubeide/plugins/com.st.stm32cube.ide.mcu.externaltools.gnu-tools-for-stm32.7-2018-q2-update.win32_1.0.0.201904181610/tools/bin/../lib/gcc/arm-none-eabi/7.3.1/../../../../arm-none-eabi/lib/thumb/v7e-m/fpv4-sp/hard\libc_nano.a(lib_a-printf.o)
                              Core/Src/main.o (printf)
c:/st/stm32cubeide_1.3.0/stm32cubeide/plugins/com.st.stm32cube.ide.mcu.externaltools.gnu-tools-for-stm32.7-2018-q2-update.win32_1.0.0.201904181610/tools/bin/../lib/gcc/arm-none-eabi/7.3.1/../../../../arm-none-eabi/lib/thumb/v7e-m/fpv4-sp/hard\libc_nano.a(lib_a-puts.o)
                              Core/Src/main.o (puts)
c:/st/stm32cubeide_1.3.0/stm32cubeide/plugins/com.st.stm32cube.ide.mcu.externaltools.gnu-tools-for-stm32.7-2018-q2-update.win32_1.0.0.201904181610/tools/bin/../lib/gcc/arm-none-eabi/7.3.1/../../../../arm-none-eabi/lib/thumb/v7e-m/fpv4-sp/hard\libc_nano.a(lib_a-wbuf.o)
                              c:/st/stm32cubeide_1.3.0/stm32cubeide/plugins/com.st.stm32cube.ide.mcu.externaltools.gnu-tools-for-stm32.7-2018-q2-update.win32_1.0.0.201904181610/tools/bin/../lib/gcc/arm-none-eabi/7.3.1/../../../../arm-none-eabi/lib/thumb/v7e-m/fpv4-sp/hard\libc_nano.a(lib_a-puts.o) (__swbuf_r)
c:/st/stm32cubeide_1.3.0/stm32cubeide/plugins/com.st.stm32cube.ide.mcu.externaltools.gnu-tools-for-stm32.7-2018-q2-update.win32_1.0.0.201904181610/tools/bin/../lib/gcc/arm-none-eabi/7.3.1/../../../../arm-none-eabi/lib/thumb/v7e-m/fpv4-sp/hard\libc_nano.a(lib_a-wsetup.o)
                              c:/st/stm32cubeide_1.3.0/stm32cubeide/plugins/com.st.stm32cube.ide.mcu.externaltools.gnu-tools-for-stm32.7-2018-q2-update.win32_1.0.0.201904181610/tools/bin/../lib/gcc/arm-none-eabi/7.3.1/../../../../arm-none-eabi/lib/thumb/v7e-m/fpv4-sp/hard\libc_nano.a(lib_a-puts.o) (__swsetup_r)
[...]
Memory Configuration

Name             Origin             Length             Attributes
RAM              0x0000000020000000 0x0000000000018000 xrw
FLASH            0x0000000008000000 0x0000000000080000 xr
*default*        0x0000000000000000 0xffffffffffffffff

Linker script and memory map

LOAD c:/st/stm32cubeide_1.3.0/stm32cubeide/plugins/com.st.stm32cube.ide.mcu.externaltools.gnu-tools-for-stm32.7-2018-q2-update.win32_1.0.0.201904181610/tools/bin/../lib/gcc/arm-none-eabi/7.3.1/thumb/v7e-m/fpv4-sp/hard/crti.o
LOAD c:/st/stm32cubeide_1.3.0/stm32cubeide/plugins/com.st.stm32cube.ide.mcu.externaltools.gnu-tools-for-stm32.7-2018-q2-update.win32_1.0.0.201904181610/tools/bin/../lib/gcc/arm-none-eabi/7.3.1/thumb/v7e-m/fpv4-sp/hard/crtbegin.o
LOAD c:/st/stm32cubeide_1.3.0/stm32cubeide/plugins/com.st.stm32cube.ide.mcu.externaltools.gnu-tools-for-stm32.7-2018-q2-update.win32_1.0.0.201904181610/tools/bin/../lib/gcc/arm-none-eabi/7.3.1/../../../../arm-none-eabi/lib/thumb/v7e-m/fpv4-sp/hard/crt0.o
LOAD Core/Src/freertos.o
LOAD Core/Src/main.o
LOAD Core/Src/stm32f4xx_hal_msp.o
LOAD Core/Src/stm32f4xx_hal_timebase_tim.o
LOAD Core/Src/stm32f4xx_it.o
LOAD Core/Src/syscalls.o
LOAD Core/Src/sysmem.o
LOAD Core/Src/system_stm32f4xx.o
LOAD Core/Startup/startup_stm32f401retx.o
LOAD Drivers/STM32F4xx_HAL_Driver/stm32f4xx_hal.o
LOAD Drivers/STM32F4xx_HAL_Driver/stm32f4xx_hal_cortex.o
LOAD Drivers/STM32F4xx_HAL_Driver/stm32f4xx_hal_dma.o
LOAD Drivers/STM32F4xx_HAL_Driver/stm32f4xx_hal_dma_ex.o
LOAD Drivers/STM32F4xx_HAL_Driver/stm32f4xx_hal_exti.o
LOAD Drivers/STM32F4xx_HAL_Driver/stm32f4xx_hal_flash.o
LOAD Drivers/STM32F4xx_HAL_Driver/stm32f4xx_hal_flash_ex.o
LOAD Drivers/STM32F4xx_HAL_Driver/stm32f4xx_hal_flash_ramfunc.o
LOAD Drivers/STM32F4xx_HAL_Driver/stm32f4xx_hal_gpio.o
LOAD Drivers/STM32F4xx_HAL_Driver/stm32f4xx_hal_pwr.o
LOAD Drivers/STM32F4xx_HAL_Driver/stm32f4xx_hal_pwr_ex.o
LOAD Drivers/STM32F4xx_HAL_Driver/stm32f4xx_hal_rcc.o
LOAD Drivers/STM32F4xx_HAL_Driver/stm32f4xx_hal_rcc_ex.o
LOAD Drivers/STM32F4xx_HAL_Driver/stm32f4xx_hal_tim.o
LOAD Drivers/STM32F4xx_HAL_Driver/stm32f4xx_hal_tim_ex.o
LOAD Drivers/STM32F4xx_HAL_Driver/stm32f4xx_hal_uart.o
LOAD Middlewares/FreeRTOS/cmsis_os2.o
LOAD Middlewares/FreeRTOS/croutine.o
LOAD Middlewares/FreeRTOS/event_groups.o
LOAD Middlewares/FreeRTOS/heap_4.o
LOAD Middlewares/FreeRTOS/list.o
LOAD Middlewares/FreeRTOS/port.o
LOAD Middlewares/FreeRTOS/queue.o
LOAD Middlewares/FreeRTOS/stream_buffer.o
LOAD Middlewares/FreeRTOS/tasks.o
LOAD Middlewares/FreeRTOS/timers.o
START GROUP
LOAD c:/st/stm32cubeide_1.3.0/stm32cubeide/plugins/com.st.stm32cube.ide.mcu.externaltools.gnu-tools-for-stm32.7-2018-q2-update.win32_1.0.0.201904181610/tools/bin/../lib/gcc/arm-none-eabi/7.3.1/../../../../arm-none-eabi/lib/thumb/v7e-m/fpv4-sp/hard\libc_nano.a
LOAD c:/st/stm32cubeide_1.3.0/stm32cubeide/plugins/com.st.stm32cube.ide.mcu.externaltools.gnu-tools-for-stm32.7-2018-q2-update.win32_1.0.0.201904181610/tools/bin/../lib/gcc/arm-none-eabi/7.3.1/../../../../arm-none-eabi/lib/thumb/v7e-m/fpv4-sp/hard\libm.a
END GROUP
START GROUP
LOAD c:/st/stm32cubeide_1.3.0/stm32cubeide/plugins/com.st.stm32cube.ide.mcu.externaltools.gnu-tools-for-stm32.7-2018-q2-update.win32_1.0.0.201904181610/tools/bin/../lib/gcc/arm-none-eabi/7.3.1/thumb/v7e-m/fpv4-sp/hard\libgcc.a
LOAD c:/st/stm32cubeide_1.3.0/stm32cubeide/plugins/com.st.stm32cube.ide.mcu.externaltools.gnu-tools-for-stm32.7-2018-q2-update.win32_1.0.0.201904181610/tools/bin/../lib/gcc/arm-none-eabi/7.3.1/../../../../arm-none-eabi/lib/thumb/v7e-m/fpv4-sp/hard\libc_nano.a
END GROUP
START GROUP
LOAD c:/st/stm32cubeide_1.3.0/stm32cubeide/plugins/com.st.stm32cube.ide.mcu.externaltools.gnu-tools-for-stm32.7-2018-q2-update.win32_1.0.0.201904181610/tools/bin/../lib/gcc/arm-none-eabi/7.3.1/thumb/v7e-m/fpv4-sp/hard\libgcc.a
LOAD c:/st/stm32cubeide_1.3.0/stm32cubeide/plugins/com.st.stm32cube.ide.mcu.externaltools.gnu-tools-for-stm32.7-2018-q2-update.win32_1.0.0.201904181610/tools/bin/../lib/gcc/arm-none-eabi/7.3.1/../../../../arm-none-eabi/lib/thumb/v7e-m/fpv4-sp/hard\libc_nano.a
LOAD c:/st/stm32cubeide_1.3.0/stm32cubeide/plugins/com.st.stm32cube.ide.mcu.externaltools.gnu-tools-for-stm32.7-2018-q2-update.win32_1.0.0.201904181610/tools/bin/../lib/gcc/arm-none-eabi/7.3.1/../../../../arm-none-eabi/lib/thumb/v7e-m/fpv4-sp/hard\libnosys.a
END GROUP
START GROUP
LOAD c:/st/stm32cubeide_1.3.0/stm32cubeide/plugins/com.st.stm32cube.ide.mcu.externaltools.gnu-tools-for-stm32.7-2018-q2-update.win32_1.0.0.201904181610/tools/bin/../lib/gcc/arm-none-eabi/7.3.1/thumb/v7e-m/fpv4-sp/hard\libgcc.a
LOAD c:/st/stm32cubeide_1.3.0/stm32cubeide/plugins/com.st.stm32cube.ide.mcu.externaltools.gnu-tools-for-stm32.7-2018-q2-update.win32_1.0.0.201904181610/tools/bin/../lib/gcc/arm-none-eabi/7.3.1/../../../../arm-none-eabi/lib/thumb/v7e-m/fpv4-sp/hard\libc_nano.a
LOAD c:/st/stm32cubeide_1.3.0/stm32cubeide/plugins/com.st.stm32cube.ide.mcu.externaltools.gnu-tools-for-stm32.7-2018-q2-update.win32_1.0.0.201904181610/tools/bin/../lib/gcc/arm-none-eabi/7.3.1/../../../../arm-none-eabi/lib/thumb/v7e-m/fpv4-sp/hard\libnosys.a
END GROUP
LOAD c:/st/stm32cubeide_1.3.0/stm32cubeide/plugins/com.st.stm32cube.ide.mcu.externaltools.gnu-tools-for-stm32.7-2018-q2-update.win32_1.0.0.201904181610/tools/bin/../lib/gcc/arm-none-eabi/7.3.1/thumb/v7e-m/fpv4-sp/hard/crtend.o
LOAD c:/st/stm32cubeide_1.3.0/stm32cubeide/plugins/com.st.stm32cube.ide.mcu.externaltools.gnu-tools-for-stm32.7-2018-q2-update.win32_1.0.0.201904181610/tools/bin/../lib/gcc/arm-none-eabi/7.3.1/thumb/v7e-m/fpv4-sp/hard/crtn.o
                0x0000000020018000                _estack = (ORIGIN (RAM) + LENGTH (RAM))
                0x0000000000000200                _Min_Heap_Size = 0x200
                0x0000000000000400                _Min_Stack_Size = 0x400

.isr_vector     0x0000000008000000      0x194
                0x0000000008000000                . = ALIGN (0x4)
 *(.isr_vector)
 .isr_vector    0x0000000008000000      0x194 Core/Startup/startup_stm32f401retx.o
                0x0000000008000000                g_pfnVectors
                0x0000000008000194                . = ALIGN (0x4)

.text           0x00000000080001a0     0x6380
                0x00000000080001a0                . = ALIGN (0x4)
 *(.text)
 .text          0x00000000080001a0       0x40 c:/st/stm32cubeide_1.3.0/stm32cubeide/plugins/com.st.stm32cube.ide.mcu.externaltools.gnu-tools-for-stm32.7-2018-q2-update.win32_1.0.0.201904181610/tools/bin/../lib/gcc/arm-none-eabi/7.3.1/thumb/v7e-m/fpv4-sp/hard/crtbegin.o
 .text          0x00000000080001e0       0xa0 c:/st/stm32cubeide_1.3.0/stm32cubeide/plugins/com.st.stm32cube.ide.mcu.externaltools.gnu-tools-for-stm32.7-2018-q2-update.win32_1.0.0.201904181610/tools/bin/../lib/gcc/arm-none-eabi/7.3.1/../../../../arm-none-eabi/lib/thumb/v7e-m/fpv4-sp/hard\libc_nano.a(lib_a-memchr.o)
                0x00000000080001e0                memchr
 .text          0x0000000008000280       0x30 c:/st/stm32cubeide_1.3.0/stm32cubeide/plugins/com.st.stm32cube.ide.mcu.externaltools.gnu-tools-for-stm32.7-2018-q2-update.win32_1.0.0.201904181610/tools/bin/../lib/gcc/arm-none-eabi/7.3.1/thumb/v7e-m/fpv4-sp/hard\libgcc.a(_aeabi_uldivmod.o)
                0x0000000008000280                __aeabi_uldivmod
 .text          0x00000000080002b0      0x2cc c:/st/stm32cubeide_1.3.0/stm32cubeide/plugins/com.st.stm32cube.ide.mcu.externaltools.gnu-tools-for-stm32.7-2018-q2-update.win32_1.0.0.201904181610/tools/bin/../lib/gcc/arm-none-eabi/7.3.1/thumb/v7e-m/fpv4-sp/hard\libgcc.a(_udivmoddi4.o)
                0x00000000080002b0                __udivmoddi4
 .text          0x000000000800057c        0x4 c:/st/stm32cubeide_1.3.0/stm32cubeide/plugins/com.st.stm32cube.ide.mcu.externaltools.gnu-tools-for-stm32.7-2018-q2-update.win32_1.0.0.201904181610/tools/bin/../lib/gcc/arm-none-eabi/7.3.1/thumb/v7e-m/fpv4-sp/hard\libgcc.a(_dvmd_tls.o)
                0x000000000800057c                __aeabi_idiv0
                0x000000000800057c                __aeabi_ldiv0
 *(.text*)
 .text.main     0x0000000008000580       0x8c Core/Src/main.o
                0x0000000008000580                main
 .text.SystemClock_Config
                0x000000000800060c       0xd8 Core/Src/main.o
                0x000000000800060c                SystemClock_Config
 .text.MX_USART2_UART_Init
                0x00000000080006e4       0x54 Core/Src/main.o
 .text.MX_GPIO_Init
                0x0000000008000738       0xe0 Core/Src/main.o
 .text.StartSender1
                0x0000000008000818       0x44 Core/Src/main.o
                0x0000000008000818                StartSender1
 .text.StartSender2
                0x000000000800085c       0x44 Core/Src/main.o
                0x000000000800085c                StartSender2
 .text.StartReceiver
                0x00000000080008a0       0x38 Core/Src/main.o
                0x00000000080008a0                StartReceiver
 .text.HAL_TIM_PeriodElapsedCallback
                0x00000000080008d8       0x24 Core/Src/main.o
                0x00000000080008d8                HAL_TIM_PeriodElapsedCallback
 .text.Error_Handler
                0x00000000080008fc        0xe Core/Src/main.o
                0x00000000080008fc                Error_Handler
 *fill*         0x000000000800090a        0x2 
 .text.HAL_MspInit
                0x000000000800090c       0x58 Core/Src/stm32f4xx_hal_msp.o
                0x000000000800090c                HAL_MspInit
 .text.HAL_UART_MspInit
                0x0000000008000964       0x90 Core/Src/stm32f4xx_hal_msp.o
                0x0000000008000964                HAL_UART_MspInit
 .text.HAL_InitTick
                0x00000000080009f4       0xb0 Core/Src/stm32f4xx_hal_timebase_tim.o
                0x00000000080009f4                HAL_InitTick
 .text.NMI_Handler
                0x0000000008000aa4        0xe Core/Src/stm32f4xx_it.o
                0x0000000008000aa4                NMI_Handler
 .text.HardFault_Handler
                0x0000000008000ab2        0x6 Core/Src/stm32f4xx_it.o
                0x0000000008000ab2                HardFault_Handler
 .text.MemManage_Handler
                0x0000000008000ab8        0x6 Core/Src/stm32f4xx_it.o
                0x0000000008000ab8                MemManage_Handler
 .text.BusFault_Handler
                0x0000000008000abe        0x6 Core/Src/stm32f4xx_it.o
                0x0000000008000abe                BusFault_Handler
 .text.UsageFault_Handler
                0x0000000008000ac4        0x6 Core/Src/stm32f4xx_it.o
                0x0000000008000ac4                UsageFault_Handler
 .text.DebugMon_Handler
                0x0000000008000aca        0xe Core/Src/stm32f4xx_it.o
                0x0000000008000aca                DebugMon_Handler
 .text.TIM1_TRG_COM_TIM11_IRQHandler
                0x0000000008000ad8       0x14 Core/Src/stm32f4xx_it.o
                0x0000000008000ad8                TIM1_TRG_COM_TIM11_IRQHandler
 .text._read    0x0000000008000aec       0x3a Core/Src/syscalls.o
                0x0000000008000aec                _read
 .text._write   0x0000000008000b26       0x38 Core/Src/syscalls.o
                0x0000000008000b26                _write
 .text._close   0x0000000008000b5e       0x18 Core/Src/syscalls.o
                0x0000000008000b5e                _close
 .text._fstat   0x0000000008000b76       0x20 Core/Src/syscalls.o
                0x0000000008000b76                _fstat
 .text._isatty  0x0000000008000b96       0x16 Core/Src/syscalls.o
                0x0000000008000b96                _isatty
 .text._lseek   0x0000000008000bac       0x1a Core/Src/syscalls.o
                0x0000000008000bac                _lseek
 *fill*         0x0000000008000bc6        0x2 
 .text._sbrk    0x0000000008000bc8       0x58 Core/Src/sysmem.o
                0x0000000008000bc8                _sbrk
 .text.SystemInit
                0x0000000008000c20       0x2c Core/Src/system_stm32f4xx.o
                0x0000000008000c20                SystemInit
 .text.Reset_Handler
                0x0000000008000c4c       0x50 Core/Startup/startup_stm32f401retx.o
                0x0000000008000c4c                Reset_Handler
 .text.Default_Handler
                0x0000000008000c9c        0x2 Core/Startup/startup_stm32f401retx.o
                0x0000000008000c9c                RTC_Alarm_IRQHandler
                0x0000000008000c9c                EXTI2_IRQHandler
                0x0000000008000c9c                SPI4_IRQHandler
                0x0000000008000c9c                TIM1_CC_IRQHandler
                0x0000000008000c9c                DMA2_Stream5_IRQHandler
                0x0000000008000c9c                DMA1_Stream5_IRQHandler
                0x0000000008000c9c                PVD_IRQHandler
                0x0000000008000c9c                SDIO_IRQHandler
                0x0000000008000c9c                TAMP_STAMP_IRQHandler
                0x0000000008000c9c                EXTI3_IRQHandler
                0x0000000008000c9c                TIM1_UP_TIM10_IRQHandler
                0x0000000008000c9c                I2C3_ER_IRQHandler
                0x0000000008000c9c                EXTI0_IRQHandler
                0x0000000008000c9c                I2C2_EV_IRQHandler
                0x0000000008000c9c                DMA1_Stream2_IRQHandler
                0x0000000008000c9c                FPU_IRQHandler
                0x0000000008000c9c                DMA2_Stream2_IRQHandler
                0x0000000008000c9c                SPI1_IRQHandler
                0x0000000008000c9c                TIM1_BRK_TIM9_IRQHandler
                0x0000000008000c9c                DMA2_Stream3_IRQHandler
                0x0000000008000c9c                USART6_IRQHandler
                0x0000000008000c9c                DMA2_Stream0_IRQHandler
                0x0000000008000c9c                TIM4_IRQHandler
                0x0000000008000c9c                I2C1_EV_IRQHandler
                0x0000000008000c9c                DMA1_Stream6_IRQHandler
                0x0000000008000c9c                DMA1_Stream1_IRQHandler
                0x0000000008000c9c                TIM3_IRQHandler
                0x0000000008000c9c                RCC_IRQHandler
                0x0000000008000c9c                Default_Handler
                0x0000000008000c9c                EXTI15_10_IRQHandler
                0x0000000008000c9c                ADC_IRQHandler
                0x0000000008000c9c                DMA1_Stream7_IRQHandler
                0x0000000008000c9c                TIM5_IRQHandler
                0x0000000008000c9c                DMA2_Stream7_IRQHandler
                0x0000000008000c9c                I2C3_EV_IRQHandler
                0x0000000008000c9c                EXTI9_5_IRQHandler
                0x0000000008000c9c                RTC_WKUP_IRQHandler
                0x0000000008000c9c                SPI2_IRQHandler
                0x0000000008000c9c                DMA1_Stream0_IRQHandler
                0x0000000008000c9c                EXTI4_IRQHandler
                0x0000000008000c9c                WWDG_IRQHandler
                0x0000000008000c9c                TIM2_IRQHandler
                0x0000000008000c9c                OTG_FS_WKUP_IRQHandler
                0x0000000008000c9c                EXTI1_IRQHandler
                0x0000000008000c9c                USART2_IRQHandler
                0x0000000008000c9c                I2C2_ER_IRQHandler
                0x0000000008000c9c                DMA2_Stream1_IRQHandler
                0x0000000008000c9c                FLASH_IRQHandler
                0x0000000008000c9c                DMA2_Stream4_IRQHandler
                0x0000000008000c9c                USART1_IRQHandler
                0x0000000008000c9c                OTG_FS_IRQHandler
                0x0000000008000c9c                SPI3_IRQHandler
                0x0000000008000c9c                DMA1_Stream4_IRQHandler
                0x0000000008000c9c                I2C1_ER_IRQHandler
                0x0000000008000c9c                DMA2_Stream6_IRQHandler
                0x0000000008000c9c                DMA1_Stream3_IRQHandler
 *fill*         0x0000000008000c9e        0x2 
 .text.HAL_Init
                0x0000000008000ca0       0x44 Drivers/STM32F4xx_HAL_Driver/stm32f4xx_hal.o
                0x0000000008000ca0                HAL_Init
 .text.HAL_IncTick
                0x0000000008000ce4       0x28 Drivers/STM32F4xx_HAL_Driver/stm32f4xx_hal.o
                0x0000000008000ce4                HAL_IncTick
 .text.HAL_GetTick
                0x0000000008000d0c       0x18 Drivers/STM32F4xx_HAL_Driver/stm32f4xx_hal.o
                0x0000000008000d0c                HAL_GetTick
 .text.__NVIC_SetPriorityGrouping
                0x0000000008000d24       0x48 Drivers/STM32F4xx_HAL_Driver/stm32f4xx_hal_cortex.o
 .text.__NVIC_GetPriorityGrouping
                0x0000000008000d6c       0x1c Drivers/STM32F4xx_HAL_Driver/stm32f4xx_hal_cortex.o
 .text.__NVIC_EnableIRQ
                0x0000000008000d88       0x3c Drivers/STM32F4xx_HAL_Driver/stm32f4xx_hal_cortex.o
 .text.__NVIC_SetPriority
                0x0000000008000dc4       0x54 Drivers/STM32F4xx_HAL_Driver/stm32f4xx_hal_cortex.o
 .text.NVIC_EncodePriority
                0x0000000008000e18       0x66 Drivers/STM32F4xx_HAL_Driver/stm32f4xx_hal_cortex.o
 .text.HAL_NVIC_SetPriorityGrouping
                0x0000000008000e7e       0x16 Drivers/STM32F4xx_HAL_Driver/stm32f4xx_hal_cortex.o
                0x0000000008000e7e                HAL_NVIC_SetPriorityGrouping
 .text.HAL_NVIC_SetPriority
                0x0000000008000e94       0x38 Drivers/STM32F4xx_HAL_Driver/stm32f4xx_hal_cortex.o
                0x0000000008000e94                HAL_NVIC_SetPriority
 .text.HAL_NVIC_EnableIRQ
                0x0000000008000ecc       0x1c Drivers/STM32F4xx_HAL_Driver/stm32f4xx_hal_cortex.o
                0x0000000008000ecc                HAL_NVIC_EnableIRQ
 .text.HAL_GPIO_Init
                0x0000000008000ee8      0x304 Drivers/STM32F4xx_HAL_Driver/stm32f4xx_hal_gpio.o
                0x0000000008000ee8                HAL_GPIO_Init
 .text.HAL_GPIO_WritePin
                0x00000000080011ec       0x32 Drivers/STM32F4xx_HAL_Driver/stm32f4xx_hal_gpio.o
                0x00000000080011ec                HAL_GPIO_WritePin
 *fill*         0x000000000800121e        0x2 
 .text.HAL_RCC_OscConfig
                0x0000000008001220      0x4e0 Drivers/STM32F4xx_HAL_Driver/stm32f4xx_hal_rcc.o
                0x0000000008001220                HAL_RCC_OscConfig
 .text.HAL_RCC_ClockConfig
                0x0000000008001700      0x1cc Drivers/STM32F4xx_HAL_Driver/stm32f4xx_hal_rcc.o
                0x0000000008001700                HAL_RCC_ClockConfig
 .text.HAL_RCC_GetSysClockFreq
                0x00000000080018cc      0x1b0 Drivers/STM32F4xx_HAL_Driver/stm32f4xx_hal_rcc.o
                0x00000000080018cc                HAL_RCC_GetSysClockFreq
 .text.HAL_RCC_GetHCLKFreq
                0x0000000008001a7c       0x18 Drivers/STM32F4xx_HAL_Driver/stm32f4xx_hal_rcc.o
                0x0000000008001a7c                HAL_RCC_GetHCLKFreq
 .text.HAL_RCC_GetPCLK1Freq
                0x0000000008001a94       0x28 Drivers/STM32F4xx_HAL_Driver/stm32f4xx_hal_rcc.o
                0x0000000008001a94                HAL_RCC_GetPCLK1Freq
 .text.HAL_RCC_GetPCLK2Freq
                0x0000000008001abc       0x28 Drivers/STM32F4xx_HAL_Driver/stm32f4xx_hal_rcc.o
                0x0000000008001abc                HAL_RCC_GetPCLK2Freq
 .text.HAL_RCC_GetClockConfig
                0x0000000008001ae4       0x64 Drivers/STM32F4xx_HAL_Driver/stm32f4xx_hal_rcc.o
                0x0000000008001ae4                HAL_RCC_GetClockConfig
 .text.HAL_TIM_Base_Init
                0x0000000008001b48       0x56 Drivers/STM32F4xx_HAL_Driver/stm32f4xx_hal_tim.o
                0x0000000008001b48                HAL_TIM_Base_Init
 .text.HAL_TIM_Base_MspInit
                0x0000000008001b9e       0x14 Drivers/STM32F4xx_HAL_Driver/stm32f4xx_hal_tim.o
                0x0000000008001b9e                HAL_TIM_Base_MspInit
 .text.HAL_TIM_Base_Start_IT
                0x0000000008001bb2       0x48 Drivers/STM32F4xx_HAL_Driver/stm32f4xx_hal_tim.o
                0x0000000008001bb2                HAL_TIM_Base_Start_IT
 .text.HAL_TIM_IRQHandler
                0x0000000008001bfa      0x210 Drivers/STM32F4xx_HAL_Driver/stm32f4xx_hal_tim.o
                0x0000000008001bfa                HAL_TIM_IRQHandler
 .text.HAL_TIM_OC_DelayElapsedCallback
                0x0000000008001e0a       0x14 Drivers/STM32F4xx_HAL_Driver/stm32f4xx_hal_tim.o
                0x0000000008001e0a                HAL_TIM_OC_DelayElapsedCallback
 .text.HAL_TIM_IC_CaptureCallback
                0x0000000008001e1e       0x14 Drivers/STM32F4xx_HAL_Driver/stm32f4xx_hal_tim.o
                0x0000000008001e1e                HAL_TIM_IC_CaptureCallback
 .text.HAL_TIM_PWM_PulseFinishedCallback
                0x0000000008001e32       0x14 Drivers/STM32F4xx_HAL_Driver/stm32f4xx_hal_tim.o
                0x0000000008001e32                HAL_TIM_PWM_PulseFinishedCallback
 .text.HAL_TIM_TriggerCallback
                0x0000000008001e46       0x14 Drivers/STM32F4xx_HAL_Driver/stm32f4xx_hal_tim.o
                0x0000000008001e46                HAL_TIM_TriggerCallback
 *fill*         0x0000000008001e5a        0x2 
 .text.TIM_Base_SetConfig
                0x0000000008001e5c      0x100 Drivers/STM32F4xx_HAL_Driver/stm32f4xx_hal_tim.o
                0x0000000008001e5c                TIM_Base_SetConfig
 .text.HAL_TIMEx_CommutCallback
                0x0000000008001f5c       0x14 Drivers/STM32F4xx_HAL_Driver/stm32f4xx_hal_tim_ex.o
                0x0000000008001f5c                HAL_TIMEx_CommutCallback
 .text.HAL_TIMEx_BreakCallback
                0x0000000008001f70       0x14 Drivers/STM32F4xx_HAL_Driver/stm32f4xx_hal_tim_ex.o
                0x0000000008001f70                HAL_TIMEx_BreakCallback
 .text.HAL_UART_Init
                0x0000000008001f84       0x9a Drivers/STM32F4xx_HAL_Driver/stm32f4xx_hal_uart.o
                0x0000000008001f84                HAL_UART_Init
 *fill*         0x000000000800201e        0x2 
 .text.UART_SetConfig
                0x0000000008002020      0x6f8 Drivers/STM32F4xx_HAL_Driver/stm32f4xx_hal_uart.o
 .text.SVC_Setup
                0x0000000008002718        0xe Middlewares/FreeRTOS/cmsis_os2.o
 *fill*         0x0000000008002726        0x2 
 .text.osKernelInitialize
                0x0000000008002728       0x68 Middlewares/FreeRTOS/cmsis_os2.o
                0x0000000008002728                osKernelInitialize
 .text.osKernelStart
                0x0000000008002790       0x6c Middlewares/FreeRTOS/cmsis_os2.o
                0x0000000008002790                osKernelStart
 .text.osThreadNew
                0x00000000080027fc      0x14c Middlewares/FreeRTOS/cmsis_os2.o
                0x00000000080027fc                osThreadNew
 .text.osDelay  0x0000000008002948       0x5c Middlewares/FreeRTOS/cmsis_os2.o
                0x0000000008002948                osDelay
 .text.osMessageQueueNew
                0x00000000080029a4      0x10c Middlewares/FreeRTOS/cmsis_os2.o
                0x00000000080029a4                osMessageQueueNew
 .text.osMessageQueuePut
                0x0000000008002ab0       0xe8 Middlewares/FreeRTOS/cmsis_os2.o
                0x0000000008002ab0                osMessageQueuePut
 .text.osMessageQueueGet
                0x0000000008002b98       0xe4 Middlewares/FreeRTOS/cmsis_os2.o
                0x0000000008002b98                osMessageQueueGet
 .text.vApplicationGetIdleTaskMemory
                0x0000000008002c7c       0x34 Middlewares/FreeRTOS/cmsis_os2.o
                0x0000000008002c7c                vApplicationGetIdleTaskMemory
 .text.vApplicationGetTimerTaskMemory
                0x0000000008002cb0       0x34 Middlewares/FreeRTOS/cmsis_os2.o
                0x0000000008002cb0                vApplicationGetTimerTaskMemory
 .text.pvPortMalloc
                0x0000000008002ce4      0x184 Middlewares/FreeRTOS/heap_4.o
                0x0000000008002ce4                pvPortMalloc
 .text.vPortFree
                0x0000000008002e68       0xb0 Middlewares/FreeRTOS/heap_4.o
                0x0000000008002e68                vPortFree
 .text.prvHeapInit
                0x0000000008002f18       0xc4 Middlewares/FreeRTOS/heap_4.o
 .text.prvInsertBlockIntoFreeList
                0x0000000008002fdc       0xb4 Middlewares/FreeRTOS/heap_4.o
 .text.vListInitialise
                0x0000000008003090       0x40 Middlewares/FreeRTOS/list.o
                0x0000000008003090                vListInitialise
 .text.vListInitialiseItem
                0x00000000080030d0       0x1a Middlewares/FreeRTOS/list.o
                0x00000000080030d0                vListInitialiseItem
 .text.vListInsertEnd
                0x00000000080030ea       0x48 Middlewares/FreeRTOS/list.o
                0x00000000080030ea                vListInsertEnd
 .text.vListInsert
                0x0000000008003132       0x72 Middlewares/FreeRTOS/list.o
                0x0000000008003132                vListInsert
 .text.uxListRemove
                0x00000000080031a4       0x54 Middlewares/FreeRTOS/list.o
                0x00000000080031a4                uxListRemove
 .text.pxPortInitialiseStack
                0x00000000080031f8       0x68 Middlewares/FreeRTOS/port.o
                0x00000000080031f8                pxPortInitialiseStack
 .text.prvTaskExitError
                0x0000000008003260       0x54 Middlewares/FreeRTOS/port.o
 *fill*         0x00000000080032b4        0xc 
 .text.SVC_Handler
                0x00000000080032c0       0x28 Middlewares/FreeRTOS/port.o
                0x00000000080032c0                SVC_Handler
 .text.prvPortStartFirstTask
                0x00000000080032e8       0x28 Middlewares/FreeRTOS/port.o
 .text.xPortStartScheduler
                0x0000000008003310      0x13c Middlewares/FreeRTOS/port.o
                0x0000000008003310                xPortStartScheduler
 .text.vPortEnterCritical
                0x000000000800344c       0x5c Middlewares/FreeRTOS/port.o
                0x000000000800344c                vPortEnterCritical
 .text.vPortExitCritical
                0x00000000080034a8       0x50 Middlewares/FreeRTOS/port.o
                0x00000000080034a8                vPortExitCritical
 *fill*         0x00000000080034f8        0x8 
 .text.PendSV_Handler
                0x0000000008003500       0x68 Middlewares/FreeRTOS/port.o
                0x0000000008003500                PendSV_Handler
 .text.SysTick_Handler
                0x0000000008003568       0x40 Middlewares/FreeRTOS/port.o
                0x0000000008003568                SysTick_Handler
 .text.vPortSetupTimerInterrupt
                0x00000000080035a8       0x48 Middlewares/FreeRTOS/port.o
                0x00000000080035a8                vPortSetupTimerInterrupt
 .text.vPortEnableVFP
                0x00000000080035f0       0x14 Middlewares/FreeRTOS/port.o
 .text.vPortValidateInterruptPriority
                0x0000000008003604       0x7c Middlewares/FreeRTOS/port.o
                0x0000000008003604                vPortValidateInterruptPriority
 .text.xQueueGenericReset
                0x0000000008003680       0xd0 Middlewares/FreeRTOS/queue.o
                0x0000000008003680                xQueueGenericReset
 .text.xQueueGenericCreateStatic
                0x0000000008003750       0xe6 Middlewares/FreeRTOS/queue.o
                0x0000000008003750                xQueueGenericCreateStatic
 .text.xQueueGenericCreate
                0x0000000008003836       0x7e Middlewares/FreeRTOS/queue.o
                0x0000000008003836                xQueueGenericCreate
 .text.prvInitialiseNewQueue
                0x00000000080038b4       0x46 Middlewares/FreeRTOS/queue.o
 *fill*         0x00000000080038fa        0x2 
 .text.xQueueGenericSend
                0x00000000080038fc      0x1f4 Middlewares/FreeRTOS/queue.o
                0x00000000080038fc                xQueueGenericSend
 .text.xQueueGenericSendFromISR
                0x0000000008003af0      0x128 Middlewares/FreeRTOS/queue.o
                0x0000000008003af0                xQueueGenericSendFromISR
 .text.xQueueReceive
                0x0000000008003c18      0x1b8 Middlewares/FreeRTOS/queue.o
                0x0000000008003c18                xQueueReceive
 .text.xQueueReceiveFromISR
                0x0000000008003dd0       0xfa Middlewares/FreeRTOS/queue.o
                0x0000000008003dd0                xQueueReceiveFromISR
 .text.prvCopyDataToQueue
                0x0000000008003eca       0xd4 Middlewares/FreeRTOS/queue.o
 .text.prvCopyDataFromQueue
                0x0000000008003f9e       0x4c Middlewares/FreeRTOS/queue.o
 .text.prvUnlockQueue
                0x0000000008003fea       0xa4 Middlewares/FreeRTOS/queue.o
 .text.prvIsQueueEmpty
                0x000000000800408e       0x2c Middlewares/FreeRTOS/queue.o
 .text.prvIsQueueFull
                0x00000000080040ba       0x30 Middlewares/FreeRTOS/queue.o
 *fill*         0x00000000080040ea        0x2 
 .text.vQueueAddToRegistry
                0x00000000080040ec       0x50 Middlewares/FreeRTOS/queue.o
                0x00000000080040ec                vQueueAddToRegistry
 .text.vQueueWaitForMessageRestricted
                0x000000000800413c       0x68 Middlewares/FreeRTOS/queue.o
                0x000000000800413c                vQueueWaitForMessageRestricted
 .text.xTaskCreateStatic
                0x00000000080041a4       0xb4 Middlewares/FreeRTOS/tasks.o
                0x00000000080041a4                xTaskCreateStatic
 .text.xTaskCreate
                0x0000000008004258       0x8a Middlewares/FreeRTOS/tasks.o
                0x0000000008004258                xTaskCreate
 .text.prvInitialiseNewTask
                0x00000000080042e2      0x11c Middlewares/FreeRTOS/tasks.o
 *fill*         0x00000000080043fe        0x2 
 .text.prvAddNewTaskToReadyList
                0x0000000008004400       0xe0 Middlewares/FreeRTOS/tasks.o
 .text.vTaskDelay
                0x00000000080044e0       0x68 Middlewares/FreeRTOS/tasks.o
                0x00000000080044e0                vTaskDelay
 .text.vTaskStartScheduler
                0x0000000008004548       0xc8 Middlewares/FreeRTOS/tasks.o
                0x0000000008004548                vTaskStartScheduler
 .text.vTaskSuspendAll
                0x0000000008004610       0x1c Middlewares/FreeRTOS/tasks.o
                0x0000000008004610                vTaskSuspendAll
 .text.xTaskResumeAll
                0x000000000800462c      0x138 Middlewares/FreeRTOS/tasks.o
                0x000000000800462c                xTaskResumeAll
 .text.xTaskGetTickCount
                0x0000000008004764       0x20 Middlewares/FreeRTOS/tasks.o
                0x0000000008004764                xTaskGetTickCount
 .text.xTaskIncrementTick
                0x0000000008004784      0x170 Middlewares/FreeRTOS/tasks.o
                0x0000000008004784                xTaskIncrementTick
 .text.vTaskSwitchContext
                0x00000000080048f4       0xb8 Middlewares/FreeRTOS/tasks.o
                0x00000000080048f4                vTaskSwitchContext
 .text.vTaskPlaceOnEventList
                0x00000000080049ac       0x48 Middlewares/FreeRTOS/tasks.o
                0x00000000080049ac                vTaskPlaceOnEventList
 .text.vTaskPlaceOnEventListRestricted
                0x00000000080049f4       0x54 Middlewares/FreeRTOS/tasks.o
                0x00000000080049f4                vTaskPlaceOnEventListRestricted
 .text.xTaskRemoveFromEventList
                0x0000000008004a48       0xc4 Middlewares/FreeRTOS/tasks.o
                0x0000000008004a48                xTaskRemoveFromEventList
 .text.vTaskInternalSetTimeOutState
                0x0000000008004b0c       0x2c Middlewares/FreeRTOS/tasks.o
                0x0000000008004b0c                vTaskInternalSetTimeOutState
 .text.xTaskCheckForTimeOut
                0x0000000008004b38       0xc0 Middlewares/FreeRTOS/tasks.o
                0x0000000008004b38                xTaskCheckForTimeOut
 .text.vTaskMissedYield
                0x0000000008004bf8       0x18 Middlewares/FreeRTOS/tasks.o
                0x0000000008004bf8                vTaskMissedYield
 .text.prvIdleTask
                0x0000000008004c10       0x30 Middlewares/FreeRTOS/tasks.o
 .text.prvInitialiseTaskLists
                0x0000000008004c40       0x80 Middlewares/FreeRTOS/tasks.o
 .text.prvCheckTasksWaitingTermination
                0x0000000008004cc0       0x58 Middlewares/FreeRTOS/tasks.o
 .text.prvDeleteTCB
                0x0000000008004d18       0x5c Middlewares/FreeRTOS/tasks.o
 .text.prvResetNextTaskUnblockTime
                0x0000000008004d74       0x40 Middlewares/FreeRTOS/tasks.o
 .text.xTaskGetSchedulerState
                0x0000000008004db4       0x3c Middlewares/FreeRTOS/tasks.o
                0x0000000008004db4                xTaskGetSchedulerState
 .text.xTaskPriorityDisinherit
                0x0000000008004df0       0xd8 Middlewares/FreeRTOS/tasks.o
                0x0000000008004df0                xTaskPriorityDisinherit
 .text.prvAddCurrentTaskToDelayedList
                0x0000000008004ec8       0xa8 Middlewares/FreeRTOS/tasks.o
 .text.xTimerCreateTimerTask
                0x0000000008004f70       0x90 Middlewares/FreeRTOS/timers.o
                0x0000000008004f70                xTimerCreateTimerTask
 .text.xTimerGenericCommand
                0x0000000008005000       0x98 Middlewares/FreeRTOS/timers.o
                0x0000000008005000                xTimerGenericCommand
 .text.prvProcessExpiredTimer
                0x0000000008005098       0x98 Middlewares/FreeRTOS/timers.o
 .text.prvTimerTask
                0x0000000008005130       0x24 Middlewares/FreeRTOS/timers.o
 .text.prvProcessTimerOrBlockTask
                0x0000000008005154       0x9c Middlewares/FreeRTOS/timers.o
 .text.prvGetNextExpireTime
                0x00000000080051f0       0x48 Middlewares/FreeRTOS/timers.o
 .text.prvSampleTimeNow
                0x0000000008005238       0x40 Middlewares/FreeRTOS/timers.o
 .text.prvInsertTimerInActiveList
                0x0000000008005278       0x84 Middlewares/FreeRTOS/timers.o
 .text.prvProcessReceivedCommands
                0x00000000080052fc      0x1b8 Middlewares/FreeRTOS/timers.o
 .text.prvSwitchTimerLists
                0x00000000080054b4       0xc8 Middlewares/FreeRTOS/timers.o
 .text.prvCheckForValidListAndQueue
                0x000000000800557c       0x80 Middlewares/FreeRTOS/timers.o
 .text.__errno  0x00000000080055fc        0xc c:/st/stm32cubeide_1.3.0/stm32cubeide/plugins/com.st.stm32cube.ide.mcu.externaltools.gnu-tools-for-stm32.7-2018-q2-update.win32_1.0.0.201904181610/tools/bin/../lib/gcc/arm-none-eabi/7.3.1/../../../../arm-none-eabi/lib/thumb/v7e-m/fpv4-sp/hard\libc_nano.a(lib_a-errno.o)
                0x00000000080055fc                __errno
 .text.__libc_init_array
                0x0000000008005608       0x48 c:/st/stm32cubeide_1.3.0/stm32cubeide/plugins/com.st.stm32cube.ide.mcu.externaltools.gnu-tools-for-stm32.7-2018-q2-update.win32_1.0.0.201904181610/tools/bin/../lib/gcc/arm-none-eabi/7.3.1/../../../../arm-none-eabi/lib/thumb/v7e-m/fpv4-sp/hard\libc_nano.a(lib_a-init.o)
                0x0000000008005608                __libc_init_array
 .text.memcpy   0x0000000008005650       0x16 c:/st/stm32cubeide_1.3.0/stm32cubeide/plugins/com.st.stm32cube.ide.mcu.externaltools.gnu-tools-for-stm32.7-2018-q2-update.win32_1.0.0.201904181610/tools/bin/../lib/gcc/arm-none-eabi/7.3.1/../../../../arm-none-eabi/lib/thumb/v7e-m/fpv4-sp/hard\libc_nano.a(lib_a-memcpy-stub.o)
                0x0000000008005650                memcpy
 .text.memset   0x0000000008005666       0x10 c:/st/stm32cubeide_1.3.0/stm32cubeide/plugins/com.st.stm32cube.ide.mcu.externaltools.gnu-tools-for-stm32.7-2018-q2-update.win32_1.0.0.201904181610/tools/bin/../lib/gcc/arm-none-eabi/7.3.1/../../../../arm-none-eabi/lib/thumb/v7e-m/fpv4-sp/hard\libc_nano.a(lib_a-memset.o)
                0x0000000008005666                memset
 *fill*         0x0000000008005676        0x2 
 .text.printf   0x0000000008005678       0x30 c:/st/stm32cubeide_1.3.0/stm32cubeide/plugins/com.st.stm32cube.ide.mcu.externaltools.gnu-tools-for-stm32.7-2018-q2-update.win32_1.0.0.201904181610/tools/bin/../lib/gcc/arm-none-eabi/7.3.1/../../../../arm-none-eabi/lib/thumb/v7e-m/fpv4-sp/hard\libc_nano.a(lib_a-printf.o)
                0x0000000008005678                iprintf
                0x0000000008005678                printf
 .text._puts_r  0x00000000080056a8       0xb8 c:/st/stm32cubeide_1.3.0/stm32cubeide/plugins/com.st.stm32cube.ide.mcu.externaltools.gnu-tools-for-stm32.7-2018-q2-update.win32_1.0.0.201904181610/tools/bin/../lib/gcc/arm-none-eabi/7.3.1/../../../../arm-none-eabi/lib/thumb/v7e-m/fpv4-sp/hard\libc_nano.a(lib_a-puts.o)
                0x00000000080056a8                _puts_r
 .text.puts     0x0000000008005760       0x10 c:/st/stm32cubeide_1.3.0/stm32cubeide/plugins/com.st.stm32cube.ide.mcu.externaltools.gnu-tools-for-stm32.7-2018-q2-update.win32_1.0.0.201904181610/tools/bin/../lib/gcc/arm-none-eabi/7.3.1/../../../../arm-none-eabi/lib/thumb/v7e-m/fpv4-sp/hard\libc_nano.a(lib_a-puts.o)
                0x0000000008005760                puts
 .text.__swbuf_r
                0x0000000008005770       0xa4 c:/st/stm32cubeide_1.3.0/stm32cubeide/plugins/com.st.stm32cube.ide.mcu.externaltools.gnu-tools-for-stm32.7-2018-q2-update.win32_1.0.0.201904181610/tools/bin/../lib/gcc/arm-none-eabi/7.3.1/../../../../arm-none-eabi/lib/thumb/v7e-m/fpv4-sp/hard\libc_nano.a(lib_a-wbuf.o)
                0x0000000008005770                __swbuf_r
 .text.__swsetup_r
                0x0000000008005814       0xdc c:/st/stm32cubeide_1.3.0/stm32cubeide/plugins/com.st.stm32cube.ide.mcu.externaltools.gnu-tools-for-stm32.7-2018-q2-update.win32_1.0.0.201904181610/tools/bin/../lib/gcc/arm-none-eabi/7.3.1/../../../../arm-none-eabi/lib/thumb/v7e-m/fpv4-sp/hard\libc_nano.a(lib_a-wsetup.o)
                0x0000000008005814                __swsetup_r
 .text.__sflush_r
                0x00000000080058f0      0x10c c:/st/stm32cubeide_1.3.0/stm32cubeide/plugins/com.st.stm32cube.ide.mcu.externaltools.gnu-tools-for-stm32.7-2018-q2-update.win32_1.0.0.201904181610/tools/bin/../lib/gcc/arm-none-eabi/7.3.1/../../../../arm-none-eabi/lib/thumb/v7e-m/fpv4-sp/hard\libc_nano.a(lib_a-fflush.o)
                0x00000000080058f0                __sflush_r
 .text._fflush_r
                0x00000000080059fc       0x54 c:/st/stm32cubeide_1.3.0/stm32cubeide/plugins/com.st.stm32cube.ide.mcu.externaltools.gnu-tools-for-stm32.7-2018-q2-update.win32_1.0.0.201904181610/tools/bin/../lib/gcc/arm-none-eabi/7.3.1/../../../../arm-none-eabi/lib/thumb/v7e-m/fpv4-sp/hard\libc_nano.a(lib_a-fflush.o)
                0x00000000080059fc                _fflush_r
 .text.std      0x0000000008005a50       0x48 c:/st/stm32cubeide_1.3.0/stm32cubeide/plugins/com.st.stm32cube.ide.mcu.externaltools.gnu-tools-for-stm32.7-2018-q2-update.win32_1.0.0.201904181610/tools/bin/../lib/gcc/arm-none-eabi/7.3.1/../../../../arm-none-eabi/lib/thumb/v7e-m/fpv4-sp/hard\libc_nano.a(lib_a-findfp.o)
 .text._cleanup_r
                0x0000000008005a98        0xc c:/st/stm32cubeide_1.3.0/stm32cubeide/plugins/com.st.stm32cube.ide.mcu.externaltools.gnu-tools-for-stm32.7-2018-q2-update.win32_1.0.0.201904181610/tools/bin/../lib/gcc/arm-none-eabi/7.3.1/../../../../arm-none-eabi/lib/thumb/v7e-m/fpv4-sp/hard\libc_nano.a(lib_a-findfp.o)
                0x0000000008005a98                _cleanup_r
 .text.__sfmoreglue
                0x0000000008005aa4       0x2c c:/st/stm32cubeide_1.3.0/stm32cubeide/plugins/com.st.stm32cube.ide.mcu.externaltools.gnu-tools-for-stm32.7-2018-q2-update.win32_1.0.0.201904181610/tools/bin/../lib/gcc/arm-none-eabi/7.3.1/../../../../arm-none-eabi/lib/thumb/v7e-m/fpv4-sp/hard\libc_nano.a(lib_a-findfp.o)
                0x0000000008005aa4                __sfmoreglue
 .text.__sinit  0x0000000008005ad0       0x60 c:/st/stm32cubeide_1.3.0/stm32cubeide/plugins/com.st.stm32cube.ide.mcu.externaltools.gnu-tools-for-stm32.7-2018-q2-update.win32_1.0.0.201904181610/tools/bin/../lib/gcc/arm-none-eabi/7.3.1/../../../../arm-none-eabi/lib/thumb/v7e-m/fpv4-sp/hard\libc_nano.a(lib_a-findfp.o)
                0x0000000008005ad0                __sinit
 .text.__sfp    0x0000000008005b30       0x78 c:/st/stm32cubeide_1.3.0/stm32cubeide/plugins/com.st.stm32cube.ide.mcu.externaltools.gnu-tools-for-stm32.7-2018-q2-update.win32_1.0.0.201904181610/tools/bin/../lib/gcc/arm-none-eabi/7.3.1/../../../../arm-none-eabi/lib/thumb/v7e-m/fpv4-sp/hard\libc_nano.a(lib_a-findfp.o)
                0x0000000008005b30                __sfp
 .text._fwalk_reent
                0x0000000008005ba8       0x3c c:/st/stm32cubeide_1.3.0/stm32cubeide/plugins/com.st.stm32cube.ide.mcu.externaltools.gnu-tools-for-stm32.7-2018-q2-update.win32_1.0.0.201904181610/tools/bin/../lib/gcc/arm-none-eabi/7.3.1/../../../../arm-none-eabi/lib/thumb/v7e-m/fpv4-sp/hard\libc_nano.a(lib_a-fwalk.o)
                0x0000000008005ba8                _fwalk_reent
 .text.__swhatbuf_r
                0x0000000008005be4       0x48 c:/st/stm32cubeide_1.3.0/stm32cubeide/plugins/com.st.stm32cube.ide.mcu.externaltools.gnu-tools-for-stm32.7-2018-q2-update.win32_1.0.0.201904181610/tools/bin/../lib/gcc/arm-none-eabi/7.3.1/../../../../arm-none-eabi/lib/thumb/v7e-m/fpv4-sp/hard\libc_nano.a(lib_a-makebuf.o)
                0x0000000008005be4                __swhatbuf_r
 .text.__smakebuf_r
                0x0000000008005c2c       0x80 c:/st/stm32cubeide_1.3.0/stm32cubeide/plugins/com.st.stm32cube.ide.mcu.externaltools.gnu-tools-for-stm32.7-2018-q2-update.win32_1.0.0.201904181610/tools/bin/../lib/gcc/arm-none-eabi/7.3.1/../../../../arm-none-eabi/lib/thumb/v7e-m/fpv4-sp/hard\libc_nano.a(lib_a-makebuf.o)
                0x0000000008005c2c                __smakebuf_r
 .text._free_r  0x0000000008005cac       0x9c c:/st/stm32cubeide_1.3.0/stm32cubeide/plugins/com.st.stm32cube.ide.mcu.externaltools.gnu-tools-for-stm32.7-2018-q2-update.win32_1.0.0.201904181610/tools/bin/../lib/gcc/arm-none-eabi/7.3.1/../../../../arm-none-eabi/lib/thumb/v7e-m/fpv4-sp/hard\libc_nano.a(lib_a-nano-freer.o)
                0x0000000008005cac                _free_r
 .text._malloc_r
                0x0000000008005d48       0xb4 c:/st/stm32cubeide_1.3.0/stm32cubeide/plugins/com.st.stm32cube.ide.mcu.externaltools.gnu-tools-for-stm32.7-2018-q2-update.win32_1.0.0.201904181610/tools/bin/../lib/gcc/arm-none-eabi/7.3.1/../../../../arm-none-eabi/lib/thumb/v7e-m/fpv4-sp/hard\libc_nano.a(lib_a-nano-mallocr.o)
                0x0000000008005d48                _malloc_r
 .text.__sfputc_r
                0x0000000008005dfc       0x2e c:/st/stm32cubeide_1.3.0/stm32cubeide/plugins/com.st.stm32cube.ide.mcu.externaltools.gnu-tools-for-stm32.7-2018-q2-update.win32_1.0.0.201904181610/tools/bin/../lib/gcc/arm-none-eabi/7.3.1/../../../../arm-none-eabi/lib/thumb/v7e-m/fpv4-sp/hard\libc_nano.a(lib_a-nano-vfprintf.o)
 .text.__sfputs_r
                0x0000000008005e2a       0x24 c:/st/stm32cubeide_1.3.0/stm32cubeide/plugins/com.st.stm32cube.ide.mcu.externaltools.gnu-tools-for-stm32.7-2018-q2-update.win32_1.0.0.201904181610/tools/bin/../lib/gcc/arm-none-eabi/7.3.1/../../../../arm-none-eabi/lib/thumb/v7e-m/fpv4-sp/hard\libc_nano.a(lib_a-nano-vfprintf.o)
                0x0000000008005e2a                __sfputs_r
 *fill*         0x0000000008005e4e        0x2 
 .text._vfprintf_r
                0x0000000008005e50      0x22c c:/st/stm32cubeide_1.3.0/stm32cubeide/plugins/com.st.stm32cube.ide.mcu.externaltools.gnu-tools-for-stm32.7-2018-q2-update.win32_1.0.0.201904181610/tools/bin/../lib/gcc/arm-none-eabi/7.3.1/../../../../arm-none-eabi/lib/thumb/v7e-m/fpv4-sp/hard\libc_nano.a(lib_a-nano-vfprintf.o)
                0x0000000008005e50                _vfprintf_r
                0x0000000008005e50                _vfiprintf_r
 .text._printf_common
                0x000000000800607c       0xea c:/st/stm32cubeide_1.3.0/stm32cubeide/plugins/com.st.stm32cube.ide.mcu.externaltools.gnu-tools-for-stm32.7-2018-q2-update.win32_1.0.0.201904181610/tools/bin/../lib/gcc/arm-none-eabi/7.3.1/../../../../arm-none-eabi/lib/thumb/v7e-m/fpv4-sp/hard\libc_nano.a(lib_a-nano-vfprintf_i.o)
                0x000000000800607c                _printf_common
 *fill*         0x0000000008006166        0x2 
 .text._printf_i
                0x0000000008006168      0x224 c:/st/stm32cubeide_1.3.0/stm32cubeide/plugins/com.st.stm32cube.ide.mcu.externaltools.gnu-tools-for-stm32.7-2018-q2-update.win32_1.0.0.201904181610/tools/bin/../lib/gcc/arm-none-eabi/7.3.1/../../../../arm-none-eabi/lib/thumb/v7e-m/fpv4-sp/hard\libc_nano.a(lib_a-nano-vfprintf_i.o)
                0x0000000008006168                _printf_i
 .text._sbrk_r  0x000000000800638c       0x20 c:/st/stm32cubeide_1.3.0/stm32cubeide/plugins/com.st.stm32cube.ide.mcu.externaltools.gnu-tools-for-stm32.7-2018-q2-update.win32_1.0.0.201904181610/tools/bin/../lib/gcc/arm-none-eabi/7.3.1/../../../../arm-none-eabi/lib/thumb/v7e-m/fpv4-sp/hard\libc_nano.a(lib_a-sbrkr.o)
                0x000000000800638c                _sbrk_r
 .text.__sread  0x00000000080063ac       0x22 c:/st/stm32cubeide_1.3.0/stm32cubeide/plugins/com.st.stm32cube.ide.mcu.externaltools.gnu-tools-for-stm32.7-2018-q2-update.win32_1.0.0.201904181610/tools/bin/../lib/gcc/arm-none-eabi/7.3.1/../../../../arm-none-eabi/lib/thumb/v7e-m/fpv4-sp/hard\libc_nano.a(lib_a-stdio.o)
                0x00000000080063ac                __sread
 .text.__swrite
                0x00000000080063ce       0x38 c:/st/stm32cubeide_1.3.0/stm32cubeide/plugins/com.st.stm32cube.ide.mcu.externaltools.gnu-tools-for-stm32.7-2018-q2-update.win32_1.0.0.201904181610/tools/bin/../lib/gcc/arm-none-eabi/7.3.1/../../../../arm-none-eabi/lib/thumb/v7e-m/fpv4-sp/hard\libc_nano.a(lib_a-stdio.o)
                0x00000000080063ce                __swrite
 .text.__sseek  0x0000000008006406       0x24 c:/st/stm32cubeide_1.3.0/stm32cubeide/plugins/com.st.stm32cube.ide.mcu.externaltools.gnu-tools-for-stm32.7-2018-q2-update.win32_1.0.0.201904181610/tools/bin/../lib/gcc/arm-none-eabi/7.3.1/../../../../arm-none-eabi/lib/thumb/v7e-m/fpv4-sp/hard\libc_nano.a(lib_a-stdio.o)
                0x0000000008006406                __sseek
 .text.__sclose
                0x000000000800642a        0x8 c:/st/stm32cubeide_1.3.0/stm32cubeide/plugins/com.st.stm32cube.ide.mcu.externaltools.gnu-tools-for-stm32.7-2018-q2-update.win32_1.0.0.201904181610/tools/bin/../lib/gcc/arm-none-eabi/7.3.1/../../../../arm-none-eabi/lib/thumb/v7e-m/fpv4-sp/hard\libc_nano.a(lib_a-stdio.o)
                0x000000000800642a                __sclose
 *fill*         0x0000000008006432        0x2 
 .text._write_r
                0x0000000008006434       0x24 c:/st/stm32cubeide_1.3.0/stm32cubeide/plugins/com.st.stm32cube.ide.mcu.externaltools.gnu-tools-for-stm32.7-2018-q2-update.win32_1.0.0.201904181610/tools/bin/../lib/gcc/arm-none-eabi/7.3.1/../../../../arm-none-eabi/lib/thumb/v7e-m/fpv4-sp/hard\libc_nano.a(lib_a-writer.o)
                0x0000000008006434                _write_r
 .text._close_r
                0x0000000008006458       0x20 c:/st/stm32cubeide_1.3.0/stm32cubeide/plugins/com.st.stm32cube.ide.mcu.externaltools.gnu-tools-for-stm32.7-2018-q2-update.win32_1.0.0.201904181610/tools/bin/../lib/gcc/arm-none-eabi/7.3.1/../../../../arm-none-eabi/lib/thumb/v7e-m/fpv4-sp/hard\libc_nano.a(lib_a-closer.o)
                0x0000000008006458                _close_r
 .text._fstat_r
                0x0000000008006478       0x24 c:/st/stm32cubeide_1.3.0/stm32cubeide/plugins/com.st.stm32cube.ide.mcu.externaltools.gnu-tools-for-stm32.7-2018-q2-update.win32_1.0.0.201904181610/tools/bin/../lib/gcc/arm-none-eabi/7.3.1/../../../../arm-none-eabi/lib/thumb/v7e-m/fpv4-sp/hard\libc_nano.a(lib_a-fstatr.o)
                0x0000000008006478                _fstat_r
 .text._isatty_r
                0x000000000800649c       0x20 c:/st/stm32cubeide_1.3.0/stm32cubeide/plugins/com.st.stm32cube.ide.mcu.externaltools.gnu-tools-for-stm32.7-2018-q2-update.win32_1.0.0.201904181610/tools/bin/../lib/gcc/arm-none-eabi/7.3.1/../../../../arm-none-eabi/lib/thumb/v7e-m/fpv4-sp/hard\libc_nano.a(lib_a-isattyr.o)
                0x000000000800649c                _isatty_r
 .text._lseek_r
                0x00000000080064bc       0x24 c:/st/stm32cubeide_1.3.0/stm32cubeide/plugins/com.st.stm32cube.ide.mcu.externaltools.gnu-tools-for-stm32.7-2018-q2-update.win32_1.0.0.201904181610/tools/bin/../lib/gcc/arm-none-eabi/7.3.1/../../../../arm-none-eabi/lib/thumb/v7e-m/fpv4-sp/hard\libc_nano.a(lib_a-lseekr.o)
                0x00000000080064bc                _lseek_r
 .text.__malloc_lock
                0x00000000080064e0        0x2 c:/st/stm32cubeide_1.3.0/stm32cubeide/plugins/com.st.stm32cube.ide.mcu.externaltools.gnu-tools-for-stm32.7-2018-q2-update.win32_1.0.0.201904181610/tools/bin/../lib/gcc/arm-none-eabi/7.3.1/../../../../arm-none-eabi/lib/thumb/v7e-m/fpv4-sp/hard\libc_nano.a(lib_a-mlock.o)
                0x00000000080064e0                __malloc_lock
 .text.__malloc_unlock
                0x00000000080064e2        0x2 c:/st/stm32cubeide_1.3.0/stm32cubeide/plugins/com.st.stm32cube.ide.mcu.externaltools.gnu-tools-for-stm32.7-2018-q2-update.win32_1.0.0.201904181610/tools/bin/../lib/gcc/arm-none-eabi/7.3.1/../../../../arm-none-eabi/lib/thumb/v7e-m/fpv4-sp/hard\libc_nano.a(lib_a-mlock.o)
                0x00000000080064e2                __malloc_unlock
 .text._read_r  0x00000000080064e4       0x24 c:/st/stm32cubeide_1.3.0/stm32cubeide/plugins/com.st.stm32cube.ide.mcu.externaltools.gnu-tools-for-stm32.7-2018-q2-update.win32_1.0.0.201904181610/tools/bin/../lib/gcc/arm-none-eabi/7.3.1/../../../../arm-none-eabi/lib/thumb/v7e-m/fpv4-sp/hard\libc_nano.a(lib_a-readr.o)
                0x00000000080064e4                _read_r
 *(.glue_7)
 .glue_7        0x0000000008006508        0x0 linker stubs
 *(.glue_7t)
 .glue_7t       0x0000000008006508        0x0 linker stubs
 *(.eh_frame)
 .eh_frame      0x0000000008006508        0x0 c:/st/stm32cubeide_1.3.0/stm32cubeide/plugins/com.st.stm32cube.ide.mcu.externaltools.gnu-tools-for-stm32.7-2018-q2-update.win32_1.0.0.201904181610/tools/bin/../lib/gcc/arm-none-eabi/7.3.1/thumb/v7e-m/fpv4-sp/hard/crtbegin.o
 *(.init)
 .init          0x0000000008006508        0x4 c:/st/stm32cubeide_1.3.0/stm32cubeide/plugins/com.st.stm32cube.ide.mcu.externaltools.gnu-tools-for-stm32.7-2018-q2-update.win32_1.0.0.201904181610/tools/bin/../lib/gcc/arm-none-eabi/7.3.1/thumb/v7e-m/fpv4-sp/hard/crti.o
                0x0000000008006508                _init
 .init          0x000000000800650c        0x8 c:/st/stm32cubeide_1.3.0/stm32cubeide/plugins/com.st.stm32cube.ide.mcu.externaltools.gnu-tools-for-stm32.7-2018-q2-update.win32_1.0.0.201904181610/tools/bin/../lib/gcc/arm-none-eabi/7.3.1/thumb/v7e-m/fpv4-sp/hard/crtn.o
 *(.fini)
 .fini          0x0000000008006514        0x4 c:/st/stm32cubeide_1.3.0/stm32cubeide/plugins/com.st.stm32cube.ide.mcu.externaltools.gnu-tools-for-stm32.7-2018-q2-update.win32_1.0.0.201904181610/tools/bin/../lib/gcc/arm-none-eabi/7.3.1/thumb/v7e-m/fpv4-sp/hard/crti.o
                0x0000000008006514                _fini
 .fini          0x0000000008006518        0x8 c:/st/stm32cubeide_1.3.0/stm32cubeide/plugins/com.st.stm32cube.ide.mcu.externaltools.gnu-tools-for-stm32.7-2018-q2-update.win32_1.0.0.201904181610/tools/bin/../lib/gcc/arm-none-eabi/7.3.1/thumb/v7e-m/fpv4-sp/hard/crtn.o
                0x0000000008006520                . = ALIGN (0x4)
                0x0000000008006520                _etext = .

.vfp11_veneer   0x0000000008006520        0x0
 .vfp11_veneer  0x0000000008006520        0x0 linker stubs

.v4_bx          0x0000000008006520        0x0
 .v4_bx         0x0000000008006520        0x0 linker stubs

.iplt           0x0000000008006520        0x0
 .iplt          0x0000000008006520        0x0 c:/st/stm32cubeide_1.3.0/stm32cubeide/plugins/com.st.stm32cube.ide.mcu.externaltools.gnu-tools-for-stm32.7-2018-q2-update.win32_1.0.0.201904181610/tools/bin/../lib/gcc/arm-none-eabi/7.3.1/thumb/v7e-m/fpv4-sp/hard/crtbegin.o

.rodata         0x0000000008006520      0x1b0
                0x0000000008006520                . = ALIGN (0x4)
 *(.rodata)
 .rodata        0x0000000008006520       0x62 Core/Src/main.o
 *fill*         0x0000000008006582        0x2 
 .rodata        0x0000000008006584        0x5 Middlewares/FreeRTOS/tasks.o
 *fill*         0x0000000008006589        0x3 
 .rodata        0x000000000800658c        0xd Middlewares/FreeRTOS/timers.o
 *(.rodata*)
 *fill*         0x0000000008006599        0x3 
 .rodata.Sender1_attributes
                0x000000000800659c       0x24 Core/Src/main.o
                0x000000000800659c                Sender1_attributes
 .rodata.Receiver_attributes
                0x00000000080065c0       0x24 Core/Src/main.o
                0x00000000080065c0                Receiver_attributes
 .rodata.Sender2_attributes
                0x00000000080065e4       0x24 Core/Src/main.o
                0x00000000080065e4                Sender2_attributes
 .rodata.Queue01_attributes
                0x0000000008006608       0x18 Core/Src/main.o
                0x0000000008006608                Queue01_attributes
 .rodata.AHBPrescTable
                0x0000000008006620       0x10 Core/Src/system_stm32f4xx.o
                0x0000000008006620                AHBPrescTable
 .rodata.APBPrescTable
                0x0000000008006630        0x8 Core/Src/system_stm32f4xx.o
                0x0000000008006630                APBPrescTable
 .rodata._global_impure_ptr
                0x0000000008006638        0x4 c:/st/stm32cubeide_1.3.0/stm32cubeide/plugins/com.st.stm32cube.ide.mcu.externaltools.gnu-tools-for-stm32.7-2018-q2-update.win32_1.0.0.201904181610/tools/bin/../lib/gcc/arm-none-eabi/7.3.1/../../../../arm-none-eabi/lib/thumb/v7e-m/fpv4-sp/hard\libc_nano.a(lib_a-impure.o)
                0x0000000008006638                _global_impure_ptr
 .rodata.__sf_fake_stderr
                0x000000000800663c       0x20 c:/st/stm32cubeide_1.3.0/stm32cubeide/plugins/com.st.stm32cube.ide.mcu.externaltools.gnu-tools-for-stm32.7-2018-q2-update.win32_1.0.0.201904181610/tools/bin/../lib/gcc/arm-none-eabi/7.3.1/../../../../arm-none-eabi/lib/thumb/v7e-m/fpv4-sp/hard\libc_nano.a(lib_a-findfp.o)
                0x000000000800663c                __sf_fake_stderr
 .rodata.__sf_fake_stdin
                0x000000000800665c       0x20 c:/st/stm32cubeide_1.3.0/stm32cubeide/plugins/com.st.stm32cube.ide.mcu.externaltools.gnu-tools-for-stm32.7-2018-q2-update.win32_1.0.0.201904181610/tools/bin/../lib/gcc/arm-none-eabi/7.3.1/../../../../arm-none-eabi/lib/thumb/v7e-m/fpv4-sp/hard\libc_nano.a(lib_a-findfp.o)
                0x000000000800665c                __sf_fake_stdin
 .rodata.__sf_fake_stdout
                0x000000000800667c       0x20 c:/st/stm32cubeide_1.3.0/stm32cubeide/plugins/com.st.stm32cube.ide.mcu.externaltools.gnu-tools-for-stm32.7-2018-q2-update.win32_1.0.0.201904181610/tools/bin/../lib/gcc/arm-none-eabi/7.3.1/../../../../arm-none-eabi/lib/thumb/v7e-m/fpv4-sp/hard\libc_nano.a(lib_a-findfp.o)
                0x000000000800667c                __sf_fake_stdout
 .rodata._vfprintf_r.str1.1
                0x000000000800669c       0x11 c:/st/stm32cubeide_1.3.0/stm32cubeide/plugins/com.st.stm32cube.ide.mcu.externaltools.gnu-tools-for-stm32.7-2018-q2-update.win32_1.0.0.201904181610/tools/bin/../lib/gcc/arm-none-eabi/7.3.1/../../../../arm-none-eabi/lib/thumb/v7e-m/fpv4-sp/hard\libc_nano.a(lib_a-nano-vfprintf.o)
 .rodata._printf_i.str1.1
                0x00000000080066ad       0x22 c:/st/stm32cubeide_1.3.0/stm32cubeide/plugins/com.st.stm32cube.ide.mcu.externaltools.gnu-tools-for-stm32.7-2018-q2-update.win32_1.0.0.201904181610/tools/bin/../lib/gcc/arm-none-eabi/7.3.1/../../../../arm-none-eabi/lib/thumb/v7e-m/fpv4-sp/hard\libc_nano.a(lib_a-nano-vfprintf_i.o)
                0x00000000080066d0                . = ALIGN (0x4)
 *fill*         0x00000000080066cf        0x1 

.ARM.extab      0x00000000080066d0        0x0
                0x00000000080066d0                . = ALIGN (0x4)
 *(.ARM.extab* .gnu.linkonce.armextab.*)
                0x00000000080066d0                . = ALIGN (0x4)

.ARM            0x00000000080066d0        0x8
                0x00000000080066d0                . = ALIGN (0x4)
                0x00000000080066d0                __exidx_start = .
 *(.ARM.exidx*)
 .ARM.exidx     0x00000000080066d0        0x8 c:/st/stm32cubeide_1.3.0/stm32cubeide/plugins/com.st.stm32cube.ide.mcu.externaltools.gnu-tools-for-stm32.7-2018-q2-update.win32_1.0.0.201904181610/tools/bin/../lib/gcc/arm-none-eabi/7.3.1/thumb/v7e-m/fpv4-sp/hard\libgcc.a(_udivmoddi4.o)
                0x00000000080066d8                __exidx_end = .
                0x00000000080066d8                . = ALIGN (0x4)

.rel.dyn        0x00000000080066d8        0x0
 .rel.iplt      0x00000000080066d8        0x0 c:/st/stm32cubeide_1.3.0/stm32cubeide/plugins/com.st.stm32cube.ide.mcu.externaltools.gnu-tools-for-stm32.7-2018-q2-update.win32_1.0.0.201904181610/tools/bin/../lib/gcc/arm-none-eabi/7.3.1/thumb/v7e-m/fpv4-sp/hard/crtbegin.o

.preinit_array  0x00000000080066d8        0x0
                0x00000000080066d8                . = ALIGN (0x4)
                0x00000000080066d8                PROVIDE (__preinit_array_start = .)
 *(.preinit_array*)
                0x00000000080066d8                PROVIDE (__preinit_array_end = .)
                0x00000000080066d8                . = ALIGN (0x4)

.init_array     0x00000000080066d8        0x4
                0x00000000080066d8                . = ALIGN (0x4)
                0x00000000080066d8                PROVIDE (__init_array_start = .)
 *(SORT_BY_NAME(.init_array.*))
 *(.init_array*)
 .init_array    0x00000000080066d8        0x4 c:/st/stm32cubeide_1.3.0/stm32cubeide/plugins/com.st.stm32cube.ide.mcu.externaltools.gnu-tools-for-stm32.7-2018-q2-update.win32_1.0.0.201904181610/tools/bin/../lib/gcc/arm-none-eabi/7.3.1/thumb/v7e-m/fpv4-sp/hard/crtbegin.o
                0x00000000080066dc                PROVIDE (__init_array_end = .)
                0x00000000080066dc                . = ALIGN (0x4)

.fini_array     0x00000000080066dc        0x4
                0x00000000080066dc                . = ALIGN (0x4)
                [!provide]                        PROVIDE (__fini_array_start = .)
 *(SORT_BY_NAME(.fini_array.*))
 *(.fini_array*)
 .fini_array    0x00000000080066dc        0x4 c:/st/stm32cubeide_1.3.0/stm32cubeide/plugins/com.st.stm32cube.ide.mcu.externaltools.gnu-tools-for-stm32.7-2018-q2-update.win32_1.0.0.201904181610/tools/bin/../lib/gcc/arm-none-eabi/7.3.1/thumb/v7e-m/fpv4-sp/hard/crtbegin.o
                [!provide]                        PROVIDE (__fini_array_end = .)
                0x00000000080066e0                . = ALIGN (0x4)
                0x00000000080066e0                _sidata = LOADADDR (.data)

.data           0x0000000020000000       0x74 load address 0x00000000080066e0
                0x0000000020000000                . = ALIGN (0x4)
                0x0000000020000000                _sdata = .
 *(.data)
 *(.data*)
 .data.SystemCoreClock
                0x0000000020000000        0x4 Core/Src/system_stm32f4xx.o
                0x0000000020000000                SystemCoreClock
 .data.uwTickPrio
                0x0000000020000004        0x4 Drivers/STM32F4xx_HAL_Driver/stm32f4xx_hal.o
                0x0000000020000004                uwTickPrio
 .data.uwTickFreq
                0x0000000020000008        0x1 Drivers/STM32F4xx_HAL_Driver/stm32f4xx_hal.o
                0x0000000020000008                uwTickFreq
 *fill*         0x0000000020000009        0x3 
 .data.uxCriticalNesting
                0x000000002000000c        0x4 Middlewares/FreeRTOS/port.o
 .data._impure_ptr
                0x0000000020000010        0x4 c:/st/stm32cubeide_1.3.0/stm32cubeide/plugins/com.st.stm32cube.ide.mcu.externaltools.gnu-tools-for-stm32.7-2018-q2-update.win32_1.0.0.201904181610/tools/bin/../lib/gcc/arm-none-eabi/7.3.1/../../../../arm-none-eabi/lib/thumb/v7e-m/fpv4-sp/hard\libc_nano.a(lib_a-impure.o)
                0x0000000020000010                _impure_ptr
 .data.impure_data
                0x0000000020000014       0x60 c:/st/stm32cubeide_1.3.0/stm32cubeide/plugins/com.st.stm32cube.ide.mcu.externaltools.gnu-tools-for-stm32.7-2018-q2-update.win32_1.0.0.201904181610/tools/bin/../lib/gcc/arm-none-eabi/7.3.1/../../../../arm-none-eabi/lib/thumb/v7e-m/fpv4-sp/hard\libc_nano.a(lib_a-impure.o)
                0x0000000020000074                . = ALIGN (0x4)
                0x0000000020000074                _edata = .

.igot.plt       0x0000000020000074        0x0 load address 0x0000000008006754
 .igot.plt      0x0000000020000074        0x0 c:/st/stm32cubeide_1.3.0/stm32cubeide/plugins/com.st.stm32cube.ide.mcu.externaltools.gnu-tools-for-stm32.7-2018-q2-update.win32_1.0.0.201904181610/tools/bin/../lib/gcc/arm-none-eabi/7.3.1/thumb/v7e-m/fpv4-sp/hard/crtbegin.o
                0x0000000020000074                . = ALIGN (0x4)

.bss            0x0000000020000074     0x4a08 load address 0x0000000008006754
                0x0000000020000074                _sbss = .
                0x0000000020000074                __bss_start__ = _sbss
 *(.bss)
 .bss           0x0000000020000074       0x1c c:/st/stm32cubeide_1.3.0/stm32cubeide/plugins/com.st.stm32cube.ide.mcu.externaltools.gnu-tools-for-stm32.7-2018-q2-update.win32_1.0.0.201904181610/tools/bin/../lib/gcc/arm-none-eabi/7.3.1/thumb/v7e-m/fpv4-sp/hard/crtbegin.o
 *(.bss*)
 .bss.heap_end.6424
                0x0000000020000090        0x4 Core/Src/sysmem.o
 .bss.KernelState
                0x0000000020000094        0x4 Middlewares/FreeRTOS/cmsis_os2.o
 .bss.Idle_TCB  0x0000000020000098       0x5c Middlewares/FreeRTOS/cmsis_os2.o
 .bss.Idle_Stack
                0x00000000200000f4      0x200 Middlewares/FreeRTOS/cmsis_os2.o
 .bss.Timer_TCB
                0x00000000200002f4       0x5c Middlewares/FreeRTOS/cmsis_os2.o
 .bss.Timer_Stack
                0x0000000020000350      0x400 Middlewares/FreeRTOS/cmsis_os2.o
 .bss.ucHeap    0x0000000020000750     0x3c00 Middlewares/FreeRTOS/heap_4.o
 .bss.xStart    0x0000000020004350        0x8 Middlewares/FreeRTOS/heap_4.o
 .bss.pxEnd     0x0000000020004358        0x4 Middlewares/FreeRTOS/heap_4.o
 .bss.xFreeBytesRemaining
                0x000000002000435c        0x4 Middlewares/FreeRTOS/heap_4.o
 .bss.xMinimumEverFreeBytesRemaining
                0x0000000020004360        0x4 Middlewares/FreeRTOS/heap_4.o
 .bss.xBlockAllocatedBit
                0x0000000020004364        0x4 Middlewares/FreeRTOS/heap_4.o
 .bss.ucMaxSysCallPriority
                0x0000000020004368        0x1 Middlewares/FreeRTOS/port.o
 *fill*         0x0000000020004369        0x3 
 .bss.ulMaxPRIGROUPValue
                0x000000002000436c        0x4 Middlewares/FreeRTOS/port.o
 .bss.pxCurrentTCB
                0x0000000020004370        0x4 Middlewares/FreeRTOS/tasks.o
                0x0000000020004370                pxCurrentTCB
 .bss.pxReadyTasksLists
                0x0000000020004374      0x460 Middlewares/FreeRTOS/tasks.o
 .bss.xDelayedTaskList1
                0x00000000200047d4       0x14 Middlewares/FreeRTOS/tasks.o
 .bss.xDelayedTaskList2
                0x00000000200047e8       0x14 Middlewares/FreeRTOS/tasks.o
 .bss.pxDelayedTaskList
                0x00000000200047fc        0x4 Middlewares/FreeRTOS/tasks.o
 .bss.pxOverflowDelayedTaskList
                0x0000000020004800        0x4 Middlewares/FreeRTOS/tasks.o
 .bss.xPendingReadyList
                0x0000000020004804       0x14 Middlewares/FreeRTOS/tasks.o
 .bss.xTasksWaitingTermination
                0x0000000020004818       0x14 Middlewares/FreeRTOS/tasks.o
 .bss.uxDeletedTasksWaitingCleanUp
                0x000000002000482c        0x4 Middlewares/FreeRTOS/tasks.o
 .bss.xSuspendedTaskList
                0x0000000020004830       0x14 Middlewares/FreeRTOS/tasks.o
 .bss.uxCurrentNumberOfTasks
                0x0000000020004844        0x4 Middlewares/FreeRTOS/tasks.o
 .bss.xTickCount
                0x0000000020004848        0x4 Middlewares/FreeRTOS/tasks.o
 .bss.uxTopReadyPriority
                0x000000002000484c        0x4 Middlewares/FreeRTOS/tasks.o
 .bss.xSchedulerRunning
                0x0000000020004850        0x4 Middlewares/FreeRTOS/tasks.o
 .bss.uxPendedTicks
                0x0000000020004854        0x4 Middlewares/FreeRTOS/tasks.o
 .bss.xYieldPending
                0x0000000020004858        0x4 Middlewares/FreeRTOS/tasks.o
 .bss.xNumOfOverflows
                0x000000002000485c        0x4 Middlewares/FreeRTOS/tasks.o
 .bss.uxTaskNumber
                0x0000000020004860        0x4 Middlewares/FreeRTOS/tasks.o
 .bss.xNextTaskUnblockTime
                0x0000000020004864        0x4 Middlewares/FreeRTOS/tasks.o
 .bss.xIdleTaskHandle
                0x0000000020004868        0x4 Middlewares/FreeRTOS/tasks.o
 .bss.uxSchedulerSuspended
                0x000000002000486c        0x4 Middlewares/FreeRTOS/tasks.o
 .bss.xActiveTimerList1
                0x0000000020004870       0x14 Middlewares/FreeRTOS/timers.o
 .bss.xActiveTimerList2
                0x0000000020004884       0x14 Middlewares/FreeRTOS/timers.o
 .bss.pxCurrentTimerList
                0x0000000020004898        0x4 Middlewares/FreeRTOS/timers.o
 .bss.pxOverflowTimerList
                0x000000002000489c        0x4 Middlewares/FreeRTOS/timers.o
 .bss.xTimerQueue
                0x00000000200048a0        0x4 Middlewares/FreeRTOS/timers.o
 .bss.xTimerTaskHandle
                0x00000000200048a4        0x4 Middlewares/FreeRTOS/timers.o
 .bss.xLastTime.6741
                0x00000000200048a8        0x4 Middlewares/FreeRTOS/timers.o
 .bss.ucStaticTimerQueueStorage.6792
                0x00000000200048ac       0xa0 Middlewares/FreeRTOS/timers.o
 .bss.xStaticTimerQueue.6791
                0x000000002000494c       0x50 Middlewares/FreeRTOS/timers.o
 .bss.__malloc_free_list
                0x000000002000499c        0x4 c:/st/stm32cubeide_1.3.0/stm32cubeide/plugins/com.st.stm32cube.ide.mcu.externaltools.gnu-tools-for-stm32.7-2018-q2-update.win32_1.0.0.201904181610/tools/bin/../lib/gcc/arm-none-eabi/7.3.1/../../../../arm-none-eabi/lib/thumb/v7e-m/fpv4-sp/hard\libc_nano.a(lib_a-nano-mallocr.o)
                0x000000002000499c                __malloc_free_list
 .bss.__malloc_sbrk_start
                0x00000000200049a0        0x4 c:/st/stm32cubeide_1.3.0/stm32cubeide/plugins/com.st.stm32cube.ide.mcu.externaltools.gnu-tools-for-stm32.7-2018-q2-update.win32_1.0.0.201904181610/tools/bin/../lib/gcc/arm-none-eabi/7.3.1/../../../../arm-none-eabi/lib/thumb/v7e-m/fpv4-sp/hard\libc_nano.a(lib_a-nano-mallocr.o)
                0x00000000200049a0                __malloc_sbrk_start
 *(COMMON)
 COMMON         0x00000000200049a4       0x50 Core/Src/main.o
                0x00000000200049a4                Queue01Handle
                0x00000000200049a8                Sender1Handle
                0x00000000200049ac                ReceiverHandle
                0x00000000200049b0                Sender2Handle
                0x00000000200049b4                huart2
 COMMON         0x00000000200049f4       0x40 Core/Src/stm32f4xx_hal_timebase_tim.o
                0x00000000200049f4                htim11
 COMMON         0x0000000020004a34        0x4 Drivers/STM32F4xx_HAL_Driver/stm32f4xx_hal.o
                0x0000000020004a34                uwTick
 COMMON         0x0000000020004a38       0x40 Middlewares/FreeRTOS/queue.o
                0x0000000020004a38                xQueueRegistry
 COMMON         0x0000000020004a78        0x4 c:/st/stm32cubeide_1.3.0/stm32cubeide/plugins/com.st.stm32cube.ide.mcu.externaltools.gnu-tools-for-stm32.7-2018-q2-update.win32_1.0.0.201904181610/tools/bin/../lib/gcc/arm-none-eabi/7.3.1/../../../../arm-none-eabi/lib/thumb/v7e-m/fpv4-sp/hard\libc_nano.a(lib_a-reent.o)
                0x0000000020004a78                errno
                0x0000000020004a7c                . = ALIGN (0x4)
                0x0000000020004a7c                _ebss = .
                0x0000000020004a7c                __bss_end__ = _ebss

._user_heap_stack
                0x0000000020004a7c      0x604 load address 0x0000000008006754
                0x0000000020004a80                . = ALIGN (0x8)
 *fill*         0x0000000020004a7c        0x4 
                0x0000000020004a80                PROVIDE (end = .)
                [!provide]                        PROVIDE (_end = .)
                0x0000000020004c80                . = (. + _Min_Heap_Size)
 *fill*         0x0000000020004a80      0x200 
                0x0000000020005080                . = (. + _Min_Stack_Size)
 *fill*         0x0000000020004c80      0x400 
                0x0000000020005080                . = ALIGN (0x8)

/DISCARD/
 libc.a(*)
 libm.a(*)
 libgcc.a(*)

.ARM.attributes
                0x0000000000000000       0x30
 *(.ARM.attributes)
 .ARM.attributes
                0x0000000000000000       0x22 c:/st/stm32cubeide_1.3.0/stm32cubeide/plugins/com.st.stm32cube.ide.mcu.externaltools.gnu-tools-for-stm32.7-2018-q2-update.win32_1.0.0.201904181610/tools/bin/../lib/gcc/arm-none-eabi/7.3.1/thumb/v7e-m/fpv4-sp/hard/crti.o
 .ARM.attributes
                0x0000000000000022       0x34 c:/st/stm32cubeide_1.3.0/stm32cubeide/plugins/com.st.stm32cube.ide.mcu.externaltools.gnu-tools-for-stm32.7-2018-q2-update.win32_1.0.0.201904181610/tools/bin/../lib/gcc/arm-none-eabi/7.3.1/thumb/v7e-m/fpv4-sp/hard/crtbegin.o
 .ARM.attributes
                0x0000000000000056       0x39 Core/Src/main.o
 .ARM.attributes
                0x000000000000008f       0x39 Core/Src/stm32f4xx_hal_msp.o
 .ARM.attributes
                0x00000000000000c8       0x39 Core/Src/stm32f4xx_hal_timebase_tim.o
 .ARM.attributes
                0x0000000000000101       0x39 Core/Src/stm32f4xx_it.o
 .ARM.attributes
                0x000000000000013a       0x39 Core/Src/syscalls.o
 .ARM.attributes
                0x0000000000000173       0x39 Core/Src/sysmem.o
 .ARM.attributes
                0x00000000000001ac       0x39 Core/Src/system_stm32f4xx.o
 .ARM.attributes
                0x00000000000001e5       0x21 Core/Startup/startup_stm32f401retx.o
 .ARM.attributes
                0x0000000000000206       0x39 Drivers/STM32F4xx_HAL_Driver/stm32f4xx_hal.o
 .ARM.attributes
                0x000000000000023f       0x39 Drivers/STM32F4xx_HAL_Driver/stm32f4xx_hal_cortex.o
 .ARM.attributes
                0x0000000000000278       0x39 Drivers/STM32F4xx_HAL_Driver/stm32f4xx_hal_gpio.o
 .ARM.attributes
                0x00000000000002b1       0x39 Drivers/STM32F4xx_HAL_Driver/stm32f4xx_hal_rcc.o
 .ARM.attributes
                0x00000000000002ea       0x39 Drivers/STM32F4xx_HAL_Driver/stm32f4xx_hal_tim.o
 .ARM.attributes
                0x0000000000000323       0x39 Drivers/STM32F4xx_HAL_Driver/stm32f4xx_hal_tim_ex.o
 .ARM.attributes
                0x000000000000035c       0x39 Drivers/STM32F4xx_HAL_Driver/stm32f4xx_hal_uart.o
 .ARM.attributes
                0x0000000000000395       0x39 Middlewares/FreeRTOS/cmsis_os2.o
 .ARM.attributes
                0x00000000000003ce       0x39 Middlewares/FreeRTOS/heap_4.o
 .ARM.attributes
                0x0000000000000407       0x39 Middlewares/FreeRTOS/list.o
 .ARM.attributes
                0x0000000000000440       0x39 Middlewares/FreeRTOS/port.o
 .ARM.attributes
                0x0000000000000479       0x39 Middlewares/FreeRTOS/queue.o
 .ARM.attributes
                0x00000000000004b2       0x39 Middlewares/FreeRTOS/tasks.o
 .ARM.attributes
                0x00000000000004eb       0x39 Middlewares/FreeRTOS/timers.o
 .ARM.attributes
                0x0000000000000524       0x34 c:/st/stm32cubeide_1.3.0/stm32cubeide/plugins/com.st.stm32cube.ide.mcu.externaltools.gnu-tools-for-stm32.7-2018-q2-update.win32_1.0.0.201904181610/tools/bin/../lib/gcc/arm-none-eabi/7.3.1/../../../../arm-none-eabi/lib/thumb/v7e-m/fpv4-sp/hard\libc_nano.a(lib_a-errno.o)
 .ARM.attributes
                0x0000000000000558       0x34 c:/st/stm32cubeide_1.3.0/stm32cubeide/plugins/com.st.stm32cube.ide.mcu.externaltools.gnu-tools-for-stm32.7-2018-q2-update.win32_1.0.0.201904181610/tools/bin/../lib/gcc/arm-none-eabi/7.3.1/../../../../arm-none-eabi/lib/thumb/v7e-m/fpv4-sp/hard\libc_nano.a(lib_a-impure.o)
 .ARM.attributes
                0x000000000000058c       0x34 c:/st/stm32cubeide_1.3.0/stm32cubeide/plugins/com.st.stm32cube.ide.mcu.externaltools.gnu-tools-for-stm32.7-2018-q2-update.win32_1.0.0.201904181610/tools/bin/../lib/gcc/arm-none-eabi/7.3.1/../../../../arm-none-eabi/lib/thumb/v7e-m/fpv4-sp/hard\libc_nano.a(lib_a-init.o)
 .ARM.attributes
                0x00000000000005c0       0x34 c:/st/stm32cubeide_1.3.0/stm32cubeide/plugins/com.st.stm32cube.ide.mcu.externaltools.gnu-tools-for-stm32.7-2018-q2-update.win32_1.0.0.201904181610/tools/bin/../lib/gcc/arm-none-eabi/7.3.1/../../../../arm-none-eabi/lib/thumb/v7e-m/fpv4-sp/hard\libc_nano.a(lib_a-memcpy-stub.o)
 .ARM.attributes
                0x00000000000005f4       0x34 c:/st/stm32cubeide_1.3.0/stm32cubeide/plugins/com.st.stm32cube.ide.mcu.externaltools.gnu-tools-for-stm32.7-2018-q2-update.win32_1.0.0.201904181610/tools/bin/../lib/gcc/arm-none-eabi/7.3.1/../../../../arm-none-eabi/lib/thumb/v7e-m/fpv4-sp/hard\libc_nano.a(lib_a-memset.o)
 .ARM.attributes
                0x0000000000000628       0x34 c:/st/stm32cubeide_1.3.0/stm32cubeide/plugins/com.st.stm32cube.ide.mcu.externaltools.gnu-tools-for-stm32.7-2018-q2-update.win32_1.0.0.201904181610/tools/bin/../lib/gcc/arm-none-eabi/7.3.1/../../../../arm-none-eabi/lib/thumb/v7e-m/fpv4-sp/hard\libc_nano.a(lib_a-printf.o)
 .ARM.attributes
                0x000000000000065c       0x34 c:/st/stm32cubeide_1.3.0/stm32cubeide/plugins/com.st.stm32cube.ide.mcu.externaltools.gnu-tools-for-stm32.7-2018-q2-update.win32_1.0.0.201904181610/tools/bin/../lib/gcc/arm-none-eabi/7.3.1/../../../../arm-none-eabi/lib/thumb/v7e-m/fpv4-sp/hard\libc_nano.a(lib_a-puts.o)
 .ARM.attributes
                0x0000000000000690       0x34 c:/st/stm32cubeide_1.3.0/stm32cubeide/plugins/com.st.stm32cube.ide.mcu.externaltools.gnu-tools-for-stm32.7-2018-q2-update.win32_1.0.0.201904181610/tools/bin/../lib/gcc/arm-none-eabi/7.3.1/../../../../arm-none-eabi/lib/thumb/v7e-m/fpv4-sp/hard\libc_nano.a(lib_a-wbuf.o)
 .ARM.attributes
                0x00000000000006c4       0x34 c:/st/stm32cubeide_1.3.0/stm32cubeide/plugins/com.st.stm32cube.ide.mcu.externaltools.gnu-tools-for-stm32.7-2018-q2-update.win32_1.0.0.201904181610/tools/bin/../lib/gcc/arm-none-eabi/7.3.1/../../../../arm-none-eabi/lib/thumb/v7e-m/fpv4-sp/hard\libc_nano.a(lib_a-wsetup.o)
 .ARM.attributes
                0x00000000000006f8       0x34 c:/st/stm32cubeide_1.3.0/stm32cubeide/plugins/com.st.stm32cube.ide.mcu.externaltools.gnu-tools-for-stm32.7-2018-q2-update.win32_1.0.0.201904181610/tools/bin/../lib/gcc/arm-none-eabi/7.3.1/../../../../arm-none-eabi/lib/thumb/v7e-m/fpv4-sp/hard\libc_nano.a(lib_a-fflush.o)
 .ARM.attributes
                0x000000000000072c       0x34 c:/st/stm32cubeide_1.3.0/stm32cubeide/plugins/com.st.stm32cube.ide.mcu.externaltools.gnu-tools-for-stm32.7-2018-q2-update.win32_1.0.0.201904181610/tools/bin/../lib/gcc/arm-none-eabi/7.3.1/../../../../arm-none-eabi/lib/thumb/v7e-m/fpv4-sp/hard\libc_nano.a(lib_a-findfp.o)
 .ARM.attributes
                0x0000000000000760       0x34 c:/st/stm32cubeide_1.3.0/stm32cubeide/plugins/com.st.stm32cube.ide.mcu.externaltools.gnu-tools-for-stm32.7-2018-q2-update.win32_1.0.0.201904181610/tools/bin/../lib/gcc/arm-none-eabi/7.3.1/../../../../arm-none-eabi/lib/thumb/v7e-m/fpv4-sp/hard\libc_nano.a(lib_a-fwalk.o)
 .ARM.attributes
                0x0000000000000794       0x34 c:/st/stm32cubeide_1.3.0/stm32cubeide/plugins/com.st.stm32cube.ide.mcu.externaltools.gnu-tools-for-stm32.7-2018-q2-update.win32_1.0.0.201904181610/tools/bin/../lib/gcc/arm-none-eabi/7.3.1/../../../../arm-none-eabi/lib/thumb/v7e-m/fpv4-sp/hard\libc_nano.a(lib_a-makebuf.o)
 .ARM.attributes
                0x00000000000007c8       0x34 c:/st/stm32cubeide_1.3.0/stm32cubeide/plugins/com.st.stm32cube.ide.mcu.externaltools.gnu-tools-for-stm32.7-2018-q2-update.win32_1.0.0.201904181610/tools/bin/../lib/gcc/arm-none-eabi/7.3.1/../../../../arm-none-eabi/lib/thumb/v7e-m/fpv4-sp/hard\libc_nano.a(lib_a-nano-freer.o)
 .ARM.attributes
                0x00000000000007fc       0x34 c:/st/stm32cubeide_1.3.0/stm32cubeide/plugins/com.st.stm32cube.ide.mcu.externaltools.gnu-tools-for-stm32.7-2018-q2-update.win32_1.0.0.201904181610/tools/bin/../lib/gcc/arm-none-eabi/7.3.1/../../../../arm-none-eabi/lib/thumb/v7e-m/fpv4-sp/hard\libc_nano.a(lib_a-nano-mallocr.o)
 .ARM.attributes
                0x0000000000000830       0x34 c:/st/stm32cubeide_1.3.0/stm32cubeide/plugins/com.st.stm32cube.ide.mcu.externaltools.gnu-tools-for-stm32.7-2018-q2-update.win32_1.0.0.201904181610/tools/bin/../lib/gcc/arm-none-eabi/7.3.1/../../../../arm-none-eabi/lib/thumb/v7e-m/fpv4-sp/hard\libc_nano.a(lib_a-nano-vfprintf.o)
 .ARM.attributes
                0x0000000000000864       0x34 c:/st/stm32cubeide_1.3.0/stm32cubeide/plugins/com.st.stm32cube.ide.mcu.externaltools.gnu-tools-for-stm32.7-2018-q2-update.win32_1.0.0.201904181610/tools/bin/../lib/gcc/arm-none-eabi/7.3.1/../../../../arm-none-eabi/lib/thumb/v7e-m/fpv4-sp/hard\libc_nano.a(lib_a-nano-vfprintf_i.o)
 .ARM.attributes
                0x0000000000000898       0x34 c:/st/stm32cubeide_1.3.0/stm32cubeide/plugins/com.st.stm32cube.ide.mcu.externaltools.gnu-tools-for-stm32.7-2018-q2-update.win32_1.0.0.201904181610/tools/bin/../lib/gcc/arm-none-eabi/7.3.1/../../../../arm-none-eabi/lib/thumb/v7e-m/fpv4-sp/hard\libc_nano.a(lib_a-sbrkr.o)
 .ARM.attributes
                0x00000000000008cc       0x34 c:/st/stm32cubeide_1.3.0/stm32cubeide/plugins/com.st.stm32cube.ide.mcu.externaltools.gnu-tools-for-stm32.7-2018-q2-update.win32_1.0.0.201904181610/tools/bin/../lib/gcc/arm-none-eabi/7.3.1/../../../../arm-none-eabi/lib/thumb/v7e-m/fpv4-sp/hard\libc_nano.a(lib_a-stdio.o)
 .ARM.attributes
                0x0000000000000900       0x34 c:/st/stm32cubeide_1.3.0/stm32cubeide/plugins/com.st.stm32cube.ide.mcu.externaltools.gnu-tools-for-stm32.7-2018-q2-update.win32_1.0.0.201904181610/tools/bin/../lib/gcc/arm-none-eabi/7.3.1/../../../../arm-none-eabi/lib/thumb/v7e-m/fpv4-sp/hard\libc_nano.a(lib_a-writer.o)
 .ARM.attributes
                0x0000000000000934       0x34 c:/st/stm32cubeide_1.3.0/stm32cubeide/plugins/com.st.stm32cube.ide.mcu.externaltools.gnu-tools-for-stm32.7-2018-q2-update.win32_1.0.0.201904181610/tools/bin/../lib/gcc/arm-none-eabi/7.3.1/../../../../arm-none-eabi/lib/thumb/v7e-m/fpv4-sp/hard\libc_nano.a(lib_a-closer.o)
 .ARM.attributes
                0x0000000000000968       0x34 c:/st/stm32cubeide_1.3.0/stm32cubeide/plugins/com.st.stm32cube.ide.mcu.externaltools.gnu-tools-for-stm32.7-2018-q2-update.win32_1.0.0.201904181610/tools/bin/../lib/gcc/arm-none-eabi/7.3.1/../../../../arm-none-eabi/lib/thumb/v7e-m/fpv4-sp/hard\libc_nano.a(lib_a-fstatr.o)
 .ARM.attributes
                0x000000000000099c       0x34 c:/st/stm32cubeide_1.3.0/stm32cubeide/plugins/com.st.stm32cube.ide.mcu.externaltools.gnu-tools-for-stm32.7-2018-q2-update.win32_1.0.0.201904181610/tools/bin/../lib/gcc/arm-none-eabi/7.3.1/../../../../arm-none-eabi/lib/thumb/v7e-m/fpv4-sp/hard\libc_nano.a(lib_a-isattyr.o)
 .ARM.attributes
                0x00000000000009d0       0x34 c:/st/stm32cubeide_1.3.0/stm32cubeide/plugins/com.st.stm32cube.ide.mcu.externaltools.gnu-tools-for-stm32.7-2018-q2-update.win32_1.0.0.201904181610/tools/bin/../lib/gcc/arm-none-eabi/7.3.1/../../../../arm-none-eabi/lib/thumb/v7e-m/fpv4-sp/hard\libc_nano.a(lib_a-lseekr.o)
 .ARM.attributes
                0x0000000000000a04       0x20 c:/st/stm32cubeide_1.3.0/stm32cubeide/plugins/com.st.stm32cube.ide.mcu.externaltools.gnu-tools-for-stm32.7-2018-q2-update.win32_1.0.0.201904181610/tools/bin/../lib/gcc/arm-none-eabi/7.3.1/../../../../arm-none-eabi/lib/thumb/v7e-m/fpv4-sp/hard\libc_nano.a(lib_a-memchr.o)
 .ARM.attributes
                0x0000000000000a24       0x34 c:/st/stm32cubeide_1.3.0/stm32cubeide/plugins/com.st.stm32cube.ide.mcu.externaltools.gnu-tools-for-stm32.7-2018-q2-update.win32_1.0.0.201904181610/tools/bin/../lib/gcc/arm-none-eabi/7.3.1/../../../../arm-none-eabi/lib/thumb/v7e-m/fpv4-sp/hard\libc_nano.a(lib_a-mlock.o)
 .ARM.attributes
                0x0000000000000a58       0x34 c:/st/stm32cubeide_1.3.0/stm32cubeide/plugins/com.st.stm32cube.ide.mcu.externaltools.gnu-tools-for-stm32.7-2018-q2-update.win32_1.0.0.201904181610/tools/bin/../lib/gcc/arm-none-eabi/7.3.1/../../../../arm-none-eabi/lib/thumb/v7e-m/fpv4-sp/hard\libc_nano.a(lib_a-readr.o)
 .ARM.attributes
                0x0000000000000a8c       0x34 c:/st/stm32cubeide_1.3.0/stm32cubeide/plugins/com.st.stm32cube.ide.mcu.externaltools.gnu-tools-for-stm32.7-2018-q2-update.win32_1.0.0.201904181610/tools/bin/../lib/gcc/arm-none-eabi/7.3.1/../../../../arm-none-eabi/lib/thumb/v7e-m/fpv4-sp/hard\libc_nano.a(lib_a-reent.o)
 .ARM.attributes
                0x0000000000000ac0       0x22 c:/st/stm32cubeide_1.3.0/stm32cubeide/plugins/com.st.stm32cube.ide.mcu.externaltools.gnu-tools-for-stm32.7-2018-q2-update.win32_1.0.0.201904181610/tools/bin/../lib/gcc/arm-none-eabi/7.3.1/thumb/v7e-m/fpv4-sp/hard\libgcc.a(_aeabi_uldivmod.o)
 .ARM.attributes
                0x0000000000000ae2       0x34 c:/st/stm32cubeide_1.3.0/stm32cubeide/plugins/com.st.stm32cube.ide.mcu.externaltools.gnu-tools-for-stm32.7-2018-q2-update.win32_1.0.0.201904181610/tools/bin/../lib/gcc/arm-none-eabi/7.3.1/thumb/v7e-m/fpv4-sp/hard\libgcc.a(_udivmoddi4.o)
 .ARM.attributes
                0x0000000000000b16       0x22 c:/st/stm32cubeide_1.3.0/stm32cubeide/plugins/com.st.stm32cube.ide.mcu.externaltools.gnu-tools-for-stm32.7-2018-q2-update.win32_1.0.0.201904181610/tools/bin/../lib/gcc/arm-none-eabi/7.3.1/thumb/v7e-m/fpv4-sp/hard\libgcc.a(_dvmd_tls.o)
 .ARM.attributes
                0x0000000000000b38       0x22 c:/st/stm32cubeide_1.3.0/stm32cubeide/plugins/com.st.stm32cube.ide.mcu.externaltools.gnu-tools-for-stm32.7-2018-q2-update.win32_1.0.0.201904181610/tools/bin/../lib/gcc/arm-none-eabi/7.3.1/thumb/v7e-m/fpv4-sp/hard/crtn.o
OUTPUT(nucleo-f401re-freertos-drone.elf elf32-littlearm)

.debug_info     0x0000000000000000    0x18784
 .debug_info    0x0000000000000000     0x19f4 Core/Src/main.o
 .debug_info    0x00000000000019f4      0xaf1 Core/Src/stm32f4xx_hal_msp.o
 .debug_info    0x00000000000024e5      0xab9 Core/Src/stm32f4xx_hal_timebase_tim.o
 .debug_info    0x0000000000002f9e      0x6b7 Core/Src/stm32f4xx_it.o
 .debug_info    0x0000000000003655      0xebd Core/Src/syscalls.o
 .debug_info    0x0000000000004512      0x91c Core/Src/sysmem.o
 .debug_info    0x0000000000004e2e      0x57e Core/Src/system_stm32f4xx.o
 .debug_info    0x00000000000053ac       0x22 Core/Startup/startup_stm32f401retx.o
 .debug_info    0x00000000000053ce      0x8ce Drivers/STM32F4xx_HAL_Driver/stm32f4xx_hal.o
 .debug_info    0x0000000000005c9c      0xd92 Drivers/STM32F4xx_HAL_Driver/stm32f4xx_hal_cortex.o
 .debug_info    0x0000000000006a2e      0x7d7 Drivers/STM32F4xx_HAL_Driver/stm32f4xx_hal_gpio.o
 .debug_info    0x0000000000007205      0x929 Drivers/STM32F4xx_HAL_Driver/stm32f4xx_hal_rcc.o
 .debug_info    0x0000000000007b2e     0x24a1 Drivers/STM32F4xx_HAL_Driver/stm32f4xx_hal_tim.o
 .debug_info    0x0000000000009fcf     0x114f Drivers/STM32F4xx_HAL_Driver/stm32f4xx_hal_tim_ex.o
 .debug_info    0x000000000000b11e     0x1244 Drivers/STM32F4xx_HAL_Driver/stm32f4xx_hal_uart.o
 .debug_info    0x000000000000c362     0x401f Middlewares/FreeRTOS/cmsis_os2.o
 .debug_info    0x0000000000010381      0xbea Middlewares/FreeRTOS/heap_4.o
 .debug_info    0x0000000000010f6b      0xacb Middlewares/FreeRTOS/list.o
 .debug_info    0x0000000000011a36      0x533 Middlewares/FreeRTOS/port.o
 .debug_info    0x0000000000011f69     0x239c Middlewares/FreeRTOS/queue.o
 .debug_info    0x0000000000014305     0x29c5 Middlewares/FreeRTOS/tasks.o
 .debug_info    0x0000000000016cca     0x1aba Middlewares/FreeRTOS/timers.o

.debug_abbrev   0x0000000000000000     0x2ff9
 .debug_abbrev  0x0000000000000000      0x2a2 Core/Src/main.o
 .debug_abbrev  0x00000000000002a2      0x195 Core/Src/stm32f4xx_hal_msp.o
 .debug_abbrev  0x0000000000000437      0x1ac Core/Src/stm32f4xx_hal_timebase_tim.o
 .debug_abbrev  0x00000000000005e3      0x169 Core/Src/stm32f4xx_it.o
 .debug_abbrev  0x000000000000074c      0x261 Core/Src/syscalls.o
 .debug_abbrev  0x00000000000009ad      0x1bb Core/Src/sysmem.o
 .debug_abbrev  0x0000000000000b68      0x12b Core/Src/system_stm32f4xx.o
 .debug_abbrev  0x0000000000000c93       0x12 Core/Startup/startup_stm32f401retx.o
 .debug_abbrev  0x0000000000000ca5      0x1f2 Drivers/STM32F4xx_HAL_Driver/stm32f4xx_hal.o
 .debug_abbrev  0x0000000000000e97      0x2fa Drivers/STM32F4xx_HAL_Driver/stm32f4xx_hal_cortex.o
 .debug_abbrev  0x0000000000001191      0x1c9 Drivers/STM32F4xx_HAL_Driver/stm32f4xx_hal_gpio.o
 .debug_abbrev  0x000000000000135a      0x245 Drivers/STM32F4xx_HAL_Driver/stm32f4xx_hal_rcc.o
 .debug_abbrev  0x000000000000159f      0x23f Drivers/STM32F4xx_HAL_Driver/stm32f4xx_hal_tim.o
 .debug_abbrev  0x00000000000017de      0x22d Drivers/STM32F4xx_HAL_Driver/stm32f4xx_hal_tim_ex.o
 .debug_abbrev  0x0000000000001a0b      0x251 Drivers/STM32F4xx_HAL_Driver/stm32f4xx_hal_uart.o
 .debug_abbrev  0x0000000000001c5c      0x3c3 Middlewares/FreeRTOS/cmsis_os2.o
 .debug_abbrev  0x000000000000201f      0x29e Middlewares/FreeRTOS/heap_4.o
 .debug_abbrev  0x00000000000022bd      0x1cf Middlewares/FreeRTOS/list.o
 .debug_abbrev  0x000000000000248c      0x210 Middlewares/FreeRTOS/port.o
 .debug_abbrev  0x000000000000269c      0x336 Middlewares/FreeRTOS/queue.o
 .debug_abbrev  0x00000000000029d2      0x350 Middlewares/FreeRTOS/tasks.o
 .debug_abbrev  0x0000000000002d22      0x2d7 Middlewares/FreeRTOS/timers.o

.debug_aranges  0x0000000000000000     0x1348
 .debug_aranges
                0x0000000000000000       0x60 Core/Src/main.o
 .debug_aranges
                0x0000000000000060       0x30 Core/Src/stm32f4xx_hal_msp.o
 .debug_aranges
                0x0000000000000090       0x30 Core/Src/stm32f4xx_hal_timebase_tim.o
 .debug_aranges
                0x00000000000000c0       0x50 Core/Src/stm32f4xx_it.o
 .debug_aranges
                0x0000000000000110       0xa8 Core/Src/syscalls.o
 .debug_aranges
                0x00000000000001b8       0x20 Core/Src/sysmem.o
 .debug_aranges
                0x00000000000001d8       0x28 Core/Src/system_stm32f4xx.o
 .debug_aranges
                0x0000000000000200       0x28 Core/Startup/startup_stm32f401retx.o
 .debug_aranges
                0x0000000000000228       0xf0 Drivers/STM32F4xx_HAL_Driver/stm32f4xx_hal.o
 .debug_aranges
                0x0000000000000318      0x118 Drivers/STM32F4xx_HAL_Driver/stm32f4xx_hal_cortex.o
 .debug_aranges
                0x0000000000000430       0x58 Drivers/STM32F4xx_HAL_Driver/stm32f4xx_hal_gpio.o
 .debug_aranges
                0x0000000000000488       0x88 Drivers/STM32F4xx_HAL_Driver/stm32f4xx_hal_rcc.o
 .debug_aranges
                0x0000000000000510      0x3a8 Drivers/STM32F4xx_HAL_Driver/stm32f4xx_hal_tim.o
 .debug_aranges
                0x00000000000008b8      0x150 Drivers/STM32F4xx_HAL_Driver/stm32f4xx_hal_tim_ex.o
 .debug_aranges
                0x0000000000000a08      0x1d0 Drivers/STM32F4xx_HAL_Driver/stm32f4xx_hal_uart.o
 .debug_aranges
                0x0000000000000bd8      0x228 Middlewares/FreeRTOS/cmsis_os2.o
 .debug_aranges
                0x0000000000000e00       0x50 Middlewares/FreeRTOS/heap_4.o
 .debug_aranges
                0x0000000000000e50       0x40 Middlewares/FreeRTOS/list.o
 .debug_aranges
                0x0000000000000e90       0x80 Middlewares/FreeRTOS/port.o
 .debug_aranges
                0x0000000000000f10      0x158 Middlewares/FreeRTOS/queue.o
 .debug_aranges
                0x0000000000001068      0x1f8 Middlewares/FreeRTOS/tasks.o
 .debug_aranges
                0x0000000000001260       0xe8 Middlewares/FreeRTOS/timers.o

.debug_ranges   0x0000000000000000     0x11f0
 .debug_ranges  0x0000000000000000       0x50 Core/Src/main.o
 .debug_ranges  0x0000000000000050       0x20 Core/Src/stm32f4xx_hal_msp.o
 .debug_ranges  0x0000000000000070       0x20 Core/Src/stm32f4xx_hal_timebase_tim.o
 .debug_ranges  0x0000000000000090       0x40 Core/Src/stm32f4xx_it.o
 .debug_ranges  0x00000000000000d0       0x98 Core/Src/syscalls.o
 .debug_ranges  0x0000000000000168       0x10 Core/Src/sysmem.o
 .debug_ranges  0x0000000000000178       0x18 Core/Src/system_stm32f4xx.o
 .debug_ranges  0x0000000000000190       0x20 Core/Startup/startup_stm32f401retx.o
 .debug_ranges  0x00000000000001b0       0xe0 Drivers/STM32F4xx_HAL_Driver/stm32f4xx_hal.o
 .debug_ranges  0x0000000000000290      0x108 Drivers/STM32F4xx_HAL_Driver/stm32f4xx_hal_cortex.o
 .debug_ranges  0x0000000000000398       0x48 Drivers/STM32F4xx_HAL_Driver/stm32f4xx_hal_gpio.o
 .debug_ranges  0x00000000000003e0       0x78 Drivers/STM32F4xx_HAL_Driver/stm32f4xx_hal_rcc.o
 .debug_ranges  0x0000000000000458      0x398 Drivers/STM32F4xx_HAL_Driver/stm32f4xx_hal_tim.o
 .debug_ranges  0x00000000000007f0      0x140 Drivers/STM32F4xx_HAL_Driver/stm32f4xx_hal_tim_ex.o
 .debug_ranges  0x0000000000000930      0x1c0 Drivers/STM32F4xx_HAL_Driver/stm32f4xx_hal_uart.o
 .debug_ranges  0x0000000000000af0      0x218 Middlewares/FreeRTOS/cmsis_os2.o
 .debug_ranges  0x0000000000000d08       0x40 Middlewares/FreeRTOS/heap_4.o
 .debug_ranges  0x0000000000000d48       0x30 Middlewares/FreeRTOS/list.o
 .debug_ranges  0x0000000000000d78       0x70 Middlewares/FreeRTOS/port.o
 .debug_ranges  0x0000000000000de8      0x148 Middlewares/FreeRTOS/queue.o
 .debug_ranges  0x0000000000000f30      0x1e8 Middlewares/FreeRTOS/tasks.o
 .debug_ranges  0x0000000000001118       0xd8 Middlewares/FreeRTOS/timers.o

.debug_macro    0x0000000000000000     0x488b
 .debug_macro   0x0000000000000000      0x3c3 Core/Src/main.o
 .debug_macro   0x00000000000003c3      0x137 Core/Src/main.o
 .debug_macro   0x00000000000004fa       0x66 Core/Src/main.o
 .debug_macro   0x0000000000000560       0x74 Core/Src/main.o
 .debug_macro   0x00000000000005d4       0xdd Core/Src/main.o
 .debug_macro   0x00000000000006b1       0x46 Core/Src/main.o
 .debug_macro   0x00000000000006f7       0x18 Core/Src/main.o
 .debug_macro   0x000000000000070f       0x3c Core/Src/main.o
 .debug_macro   0x000000000000074b       0x34 Core/Src/main.o
 .debug_macro   0x000000000000077f       0x16 Core/Src/main.o
 .debug_macro   0x0000000000000795       0x35 Core/Src/main.o
 .debug_macro   0x00000000000007ca      0x32a Core/Src/main.o
 .debug_macro   0x0000000000000af4       0x10 Core/Src/main.o
 .debug_macro   0x0000000000000b04       0x52 Core/Src/main.o
 .debug_macro   0x0000000000000b56       0x1f Core/Src/main.o
 .debug_macro   0x0000000000000b75       0x43 Core/Src/main.o
 .debug_macro   0x0000000000000bb8       0x20 Core/Src/main.o
 .debug_macro   0x0000000000000bd8      0x1a3 Core/Src/main.o
 .debug_macro   0x0000000000000d7b       0x10 Core/Src/main.o
 .debug_macro   0x0000000000000d8b       0x1c Core/Src/main.o
 .debug_macro   0x0000000000000da7       0x52 Core/Src/main.o
 .debug_macro   0x0000000000000df9       0x40 Core/Src/main.o
 .debug_macro   0x0000000000000e39       0x10 Core/Src/main.o
 .debug_macro   0x0000000000000e49       0x40 Core/Src/main.o
 .debug_macro   0x0000000000000e89       0xd7 Core/Src/main.o
 .debug_macro   0x0000000000000f60       0x1c Core/Src/main.o
 .debug_macro   0x0000000000000f7c       0x3d Core/Src/main.o
 .debug_macro   0x0000000000000fb9       0x16 Core/Src/main.o
 .debug_macro   0x0000000000000fcf      0x145 Core/Src/main.o
 .debug_macro   0x0000000000001114      0x1dd Core/Src/stm32f4xx_hal_msp.o
 .debug_macro   0x00000000000012f1      0x1ce Core/Src/stm32f4xx_hal_timebase_tim.o
 .debug_macro   0x00000000000014bf      0x24f Core/Src/stm32f4xx_it.o
 .debug_macro   0x000000000000170e      0x243 Core/Src/syscalls.o
 .debug_macro   0x0000000000001951       0x40 Core/Src/syscalls.o
 .debug_macro   0x0000000000001991       0x94 Core/Src/syscalls.o
 .debug_macro   0x0000000000001a25       0x57 Core/Src/syscalls.o
 .debug_macro   0x0000000000001a7c      0x330 Core/Src/syscalls.o
 .debug_macro   0x0000000000001dac       0x10 Core/Src/syscalls.o
 .debug_macro   0x0000000000001dbc       0x10 Core/Src/syscalls.o
 .debug_macro   0x0000000000001dcc       0x10 Core/Src/syscalls.o
 .debug_macro   0x0000000000001ddc       0x35 Core/Src/syscalls.o
 .debug_macro   0x0000000000001e11      0x122 Core/Src/syscalls.o
 .debug_macro   0x0000000000001f33       0x16 Core/Src/syscalls.o
 .debug_macro   0x0000000000001f49       0x16 Core/Src/syscalls.o
 .debug_macro   0x0000000000001f5f       0x29 Core/Src/syscalls.o
 .debug_macro   0x0000000000001f88       0x10 Core/Src/syscalls.o
 .debug_macro   0x0000000000001f98      0x241 Core/Src/syscalls.o
 .debug_macro   0x00000000000021d9       0x1c Core/Src/syscalls.o
 .debug_macro   0x00000000000021f5       0x10 Core/Src/syscalls.o
 .debug_macro   0x0000000000002205      0x189 Core/Src/syscalls.o
 .debug_macro   0x000000000000238e       0x16 Core/Src/syscalls.o
 .debug_macro   0x00000000000023a4       0x88 Core/Src/syscalls.o
 .debug_macro   0x000000000000242c      0x1ae Core/Src/sysmem.o
 .debug_macro   0x00000000000025da      0x23b Core/Src/sysmem.o
 .debug_macro   0x0000000000002815      0x1d4 Core/Src/system_stm32f4xx.o
 .debug_macro   0x00000000000029e9      0x22e Drivers/STM32F4xx_HAL_Driver/stm32f4xx_hal.o
 .debug_macro   0x0000000000002c17      0x1ce Drivers/STM32F4xx_HAL_Driver/stm32f4xx_hal_cortex.o
 .debug_macro   0x0000000000002de5      0x204 Drivers/STM32F4xx_HAL_Driver/stm32f4xx_hal_gpio.o
 .debug_macro   0x0000000000002fe9      0x1f2 Drivers/STM32F4xx_HAL_Driver/stm32f4xx_hal_rcc.o
 .debug_macro   0x00000000000031db      0x1cf Drivers/STM32F4xx_HAL_Driver/stm32f4xx_hal_tim.o
 .debug_macro   0x00000000000033aa      0x1ce Drivers/STM32F4xx_HAL_Driver/stm32f4xx_hal_tim_ex.o
 .debug_macro   0x0000000000003578      0x1cf Drivers/STM32F4xx_HAL_Driver/stm32f4xx_hal_uart.o
 .debug_macro   0x0000000000003747      0x23a Middlewares/FreeRTOS/cmsis_os2.o
 .debug_macro   0x0000000000003981       0x10 Middlewares/FreeRTOS/cmsis_os2.o
 .debug_macro   0x0000000000003991       0x20 Middlewares/FreeRTOS/cmsis_os2.o
 .debug_macro   0x00000000000039b1       0x10 Middlewares/FreeRTOS/cmsis_os2.o
 .debug_macro   0x00000000000039c1       0xd3 Middlewares/FreeRTOS/cmsis_os2.o
 .debug_macro   0x0000000000003a94       0x91 Middlewares/FreeRTOS/cmsis_os2.o