Archive member included to satisfy reference by file (symbol)

c:/st/stm32cubeide_1.3.0/stm32cubeide/plugins/com.st.stm32cube.ide.mcu.externaltools.gnu-tools-for-stm32.7-2018-q2-update.win32_1.0.0.201904181610/tools/bin/../lib/gcc/arm-none-eabi/7.3.1/../../../../arm-none-eabi/lib/thumb/v7e-m/fpv4-sp/hard\libc_nano.a(lib_a-errno.o)
                              Core/Src/syscalls.o (__errno)
c:/st/stm32cubeide_1.3.0/stm32cubeide/plugins/com.st.stm32cube.ide.mcu.externaltools.gnu-tools-for-stm32.7-2018-q2-update.win32_1.0.0.201904181610/tools/bin/../lib/gcc/arm-none-eabi/7.3.1/../../../../arm-none-eabi/lib/thumb/v7e-m/fpv4-sp/hard\libc_nano.a(lib_a-exit.o)
                              c:/st/stm32cubeide_1.3.0/stm32cubeide/plugins/com.st.stm32cube.ide.mcu.externaltools.gnu-tools-for-stm32.7-2018-q2-update.win32_1.0.0.201904181610/tools/bin/../lib/gcc/arm-none-eabi/7.3.1/../../../../arm-none-eabi/lib/thumb/v7e-m/fpv4-sp/hard/crt0.o (exit)
c:/st/stm32cubeide_1.3.0/stm32cubeide/plugins/com.st.stm32cube.ide.mcu.externaltools.gnu-tools-for-stm32.7-2018-q2-update.win32_1.0.0.201904181610/tools/bin/../lib/gcc/arm-none-eabi/7.3.1/../../../../arm-none-eabi/lib/thumb/v7e-m/fpv4-sp/hard\libc_nano.a(lib_a-impure.o)
                              c:/st/stm32cubeide_1.3.0/stm32cubeide/plugins/com.st.stm32cube.ide.mcu.externaltools.gnu-tools-for-stm32.7-2018-q2-update.win32_1.0.0.201904181610/tools/bin/../lib/gcc/arm-none-eabi/7.3.1/../../../../arm-none-eabi/lib/thumb/v7e-m/fpv4-sp/hard\libc_nano.a(lib_a-exit.o) (_global_impure_ptr)
c:/st/stm32cubeide_1.3.0/stm32cubeide/plugins/com.st.stm32cube.ide.mcu.externaltools.gnu-tools-for-stm32.7-2018-q2-update.win32_1.0.0.201904181610/tools/bin/../lib/gcc/arm-none-eabi/7.3.1/../../../../arm-none-eabi/lib/thumb/v7e-m/fpv4-sp/hard\libc_nano.a(lib_a-init.o)
                              c:/st/stm32cubeide_1.3.0/stm32cubeide/plugins/com.st.stm32cube.ide.mcu.externaltools.gnu-tools-for-stm32.7-2018-q2-update.win32_1.0.0.201904181610/tools/bin/../lib/gcc/arm-none-eabi/7.3.1/../../../../arm-none-eabi/lib/thumb/v7e-m/fpv4-sp/hard/crt0.o (__libc_init_array)
c:/st/stm32cubeide_1.3.0/stm32cubeide/plugins/com.st.stm32cube.ide.mcu.externaltools.gnu-tools-for-stm32.7-2018-q2-update.win32_1.0.0.201904181610/tools/bin/../lib/gcc/arm-none-eabi/7.3.1/../../../../arm-none-eabi/lib/thumb/v7e-m/fpv4-sp/hard\libc_nano.a(lib_a-memcpy-stub.o)
                              Middlewares/FreeRTOS/cmsis_os2.o (memcpy)
c:/st/stm32cubeide_1.3.0/stm32cubeide/plugins/com.st.stm32cube.ide.mcu.externaltools.gnu-tools-for-stm32.7-2018-q2-update.win32_1.0.0.201904181610/tools/bin/../lib/gcc/arm-none-eabi/7.3.1/../../../../arm-none-eabi/lib/thumb/v7e-m/fpv4-sp/hard\libc_nano.a(lib_a-memset.o)
                              c:/st/stm32cubeide_1.3.0/stm32cubeide/plugins/com.st.stm32cube.ide.mcu.externaltools.gnu-tools-for-stm32.7-2018-q2-update.win32_1.0.0.201904181610/tools/bin/../lib/gcc/arm-none-eabi/7.3.1/../../../../arm-none-eabi/lib/thumb/v7e-m/fpv4-sp/hard/crt0.o (memset)
c:/st/stm32cubeide_1.3.0/stm32cubeide/plugins/com.st.stm32cube.ide.mcu.externaltools.gnu-tools-for-stm32.7-2018-q2-update.win32_1.0.0.201904181610/tools/bin/../lib/gcc/arm-none-eabi/7.3.1/thumb/v7e-m/fpv4-sp/hard\libgcc.a(_aeabi_uldivmod.o)
                              Drivers/STM32F4xx_HAL_Driver/stm32f4xx_hal_rcc.o (__aeabi_uldivmod)
c:/st/stm32cubeide_1.3.0/stm32cubeide/plugins/com.st.stm32cube.ide.mcu.externaltools.gnu-tools-for-stm32.7-2018-q2-update.win32_1.0.0.201904181610/tools/bin/../lib/gcc/arm-none-eabi/7.3.1/thumb/v7e-m/fpv4-sp/hard\libgcc.a(_udivmoddi4.o)
                              c:/st/stm32cubeide_1.3.0/stm32cubeide/plugins/com.st.stm32cube.ide.mcu.externaltools.gnu-tools-for-stm32.7-2018-q2-update.win32_1.0.0.201904181610/tools/bin/../lib/gcc/arm-none-eabi/7.3.1/thumb/v7e-m/fpv4-sp/hard\libgcc.a(_aeabi_uldivmod.o) (__udivmoddi4)
c:/st/stm32cubeide_1.3.0/stm32cubeide/plugins/com.st.stm32cube.ide.mcu.externaltools.gnu-tools-for-stm32.7-2018-q2-update.win32_1.0.0.201904181610/tools/bin/../lib/gcc/arm-none-eabi/7.3.1/thumb/v7e-m/fpv4-sp/hard\libgcc.a(_dvmd_tls.o)
                              c:/st/stm32cubeide_1.3.0/stm32cubeide/plugins/com.st.stm32cube.ide.mcu.externaltools.gnu-tools-for-stm32.7-2018-q2-update.win32_1.0.0.201904181610/tools/bin/../lib/gcc/arm-none-eabi/7.3.1/thumb/v7e-m/fpv4-sp/hard\libgcc.a(_aeabi_uldivmod.o) (__aeabi_ldiv0)

Allocating common symbols
Common symbol       size              file

defaultTaskHandle   0x4               Core/Src/main.o
uwTick              0x4               Drivers/STM32F4xx_HAL_Driver/stm32f4xx_hal.o
xQueueRegistry      0x40              Middlewares/FreeRTOS/queue.o
pFlash              0x20              Drivers/STM32F4xx_HAL_Driver/stm32f4xx_hal_flash.o
htim11              0x40              Core/Src/stm32f4xx_hal_timebase_tim.o
huart2              0x40              Core/Src/main.o

Discarded input sections

[...]
Memory Configuration

Name             Origin             Length             Attributes
RAM              0x0000000020000000 0x0000000000018000 xrw
FLASH            0x0000000008000000 0x0000000000080000 xr
*default*        0x0000000000000000 0xffffffffffffffff

Linker script and memory map

LOAD c:/st/stm32cubeide_1.3.0/stm32cubeide/plugins/com.st.stm32cube.ide.mcu.externaltools.gnu-tools-for-stm32.7-2018-q2-update.win32_1.0.0.201904181610/tools/bin/../lib/gcc/arm-none-eabi/7.3.1/thumb/v7e-m/fpv4-sp/hard/crti.o
LOAD c:/st/stm32cubeide_1.3.0/stm32cubeide/plugins/com.st.stm32cube.ide.mcu.externaltools.gnu-tools-for-stm32.7-2018-q2-update.win32_1.0.0.201904181610/tools/bin/../lib/gcc/arm-none-eabi/7.3.1/thumb/v7e-m/fpv4-sp/hard/crtbegin.o
LOAD c:/st/stm32cubeide_1.3.0/stm32cubeide/plugins/com.st.stm32cube.ide.mcu.externaltools.gnu-tools-for-stm32.7-2018-q2-update.win32_1.0.0.201904181610/tools/bin/../lib/gcc/arm-none-eabi/7.3.1/../../../../arm-none-eabi/lib/thumb/v7e-m/fpv4-sp/hard/crt0.o
LOAD Core/Src/freertos.o
LOAD Core/Src/main.o
LOAD Core/Src/stm32f4xx_hal_msp.o
LOAD Core/Src/stm32f4xx_hal_timebase_tim.o
LOAD Core/Src/stm32f4xx_it.o
LOAD Core/Src/syscalls.o
LOAD Core/Src/sysmem.o
LOAD Core/Src/system_stm32f4xx.o
LOAD Core/Startup/startup_stm32f401retx.o
LOAD Drivers/STM32F4xx_HAL_Driver/stm32f4xx_hal.o
LOAD Drivers/STM32F4xx_HAL_Driver/stm32f4xx_hal_cortex.o
LOAD Drivers/STM32F4xx_HAL_Driver/stm32f4xx_hal_dma.o
LOAD Drivers/STM32F4xx_HAL_Driver/stm32f4xx_hal_dma_ex.o
LOAD Drivers/STM32F4xx_HAL_Driver/stm32f4xx_hal_exti.o
LOAD Drivers/STM32F4xx_HAL_Driver/stm32f4xx_hal_flash.o
LOAD Drivers/STM32F4xx_HAL_Driver/stm32f4xx_hal_flash_ex.o
LOAD Drivers/STM32F4xx_HAL_Driver/stm32f4xx_hal_flash_ramfunc.o
LOAD Drivers/STM32F4xx_HAL_Driver/stm32f4xx_hal_gpio.o
LOAD Drivers/STM32F4xx_HAL_Driver/stm32f4xx_hal_pwr.o
LOAD Drivers/STM32F4xx_HAL_Driver/stm32f4xx_hal_pwr_ex.o
LOAD Drivers/STM32F4xx_HAL_Driver/stm32f4xx_hal_rcc.o
LOAD Drivers/STM32F4xx_HAL_Driver/stm32f4xx_hal_rcc_ex.o
LOAD Drivers/STM32F4xx_HAL_Driver/stm32f4xx_hal_tim.o
LOAD Drivers/STM32F4xx_HAL_Driver/stm32f4xx_hal_tim_ex.o
LOAD Drivers/STM32F4xx_HAL_Driver/stm32f4xx_hal_uart.o
LOAD Middlewares/FreeRTOS/cmsis_os2.o
LOAD Middlewares/FreeRTOS/croutine.o
LOAD Middlewares/FreeRTOS/event_groups.o
LOAD Middlewares/FreeRTOS/heap_4.o
LOAD Middlewares/FreeRTOS/list.o
LOAD Middlewares/FreeRTOS/port.o
LOAD Middlewares/FreeRTOS/queue.o
LOAD Middlewares/FreeRTOS/stream_buffer.o
LOAD Middlewares/FreeRTOS/tasks.o
LOAD Middlewares/FreeRTOS/timers.o
START GROUP
LOAD c:/st/stm32cubeide_1.3.0/stm32cubeide/plugins/com.st.stm32cube.ide.mcu.externaltools.gnu-tools-for-stm32.7-2018-q2-update.win32_1.0.0.201904181610/tools/bin/../lib/gcc/arm-none-eabi/7.3.1/../../../../arm-none-eabi/lib/thumb/v7e-m/fpv4-sp/hard\libc_nano.a
LOAD c:/st/stm32cubeide_1.3.0/stm32cubeide/plugins/com.st.stm32cube.ide.mcu.externaltools.gnu-tools-for-stm32.7-2018-q2-update.win32_1.0.0.201904181610/tools/bin/../lib/gcc/arm-none-eabi/7.3.1/../../../../arm-none-eabi/lib/thumb/v7e-m/fpv4-sp/hard\libm.a
END GROUP
START GROUP
LOAD c:/st/stm32cubeide_1.3.0/stm32cubeide/plugins/com.st.stm32cube.ide.mcu.externaltools.gnu-tools-for-stm32.7-2018-q2-update.win32_1.0.0.201904181610/tools/bin/../lib/gcc/arm-none-eabi/7.3.1/thumb/v7e-m/fpv4-sp/hard\libgcc.a
LOAD c:/st/stm32cubeide_1.3.0/stm32cubeide/plugins/com.st.stm32cube.ide.mcu.externaltools.gnu-tools-for-stm32.7-2018-q2-update.win32_1.0.0.201904181610/tools/bin/../lib/gcc/arm-none-eabi/7.3.1/../../../../arm-none-eabi/lib/thumb/v7e-m/fpv4-sp/hard\libc_nano.a
END GROUP
START GROUP
LOAD c:/st/stm32cubeide_1.3.0/stm32cubeide/plugins/com.st.stm32cube.ide.mcu.externaltools.gnu-tools-for-stm32.7-2018-q2-update.win32_1.0.0.201904181610/tools/bin/../lib/gcc/arm-none-eabi/7.3.1/thumb/v7e-m/fpv4-sp/hard\libgcc.a
LOAD c:/st/stm32cubeide_1.3.0/stm32cubeide/plugins/com.st.stm32cube.ide.mcu.externaltools.gnu-tools-for-stm32.7-2018-q2-update.win32_1.0.0.201904181610/tools/bin/../lib/gcc/arm-none-eabi/7.3.1/../../../../arm-none-eabi/lib/thumb/v7e-m/fpv4-sp/hard\libc_nano.a
LOAD c:/st/stm32cubeide_1.3.0/stm32cubeide/plugins/com.st.stm32cube.ide.mcu.externaltools.gnu-tools-for-stm32.7-2018-q2-update.win32_1.0.0.201904181610/tools/bin/../lib/gcc/arm-none-eabi/7.3.1/../../../../arm-none-eabi/lib/thumb/v7e-m/fpv4-sp/hard\libnosys.a
END GROUP
START GROUP
LOAD c:/st/stm32cubeide_1.3.0/stm32cubeide/plugins/com.st.stm32cube.ide.mcu.externaltools.gnu-tools-for-stm32.7-2018-q2-update.win32_1.0.0.201904181610/tools/bin/../lib/gcc/arm-none-eabi/7.3.1/thumb/v7e-m/fpv4-sp/hard\libgcc.a
LOAD c:/st/stm32cubeide_1.3.0/stm32cubeide/plugins/com.st.stm32cube.ide.mcu.externaltools.gnu-tools-for-stm32.7-2018-q2-update.win32_1.0.0.201904181610/tools/bin/../lib/gcc/arm-none-eabi/7.3.1/../../../../arm-none-eabi/lib/thumb/v7e-m/fpv4-sp/hard\libc_nano.a
LOAD c:/st/stm32cubeide_1.3.0/stm32cubeide/plugins/com.st.stm32cube.ide.mcu.externaltools.gnu-tools-for-stm32.7-2018-q2-update.win32_1.0.0.201904181610/tools/bin/../lib/gcc/arm-none-eabi/7.3.1/../../../../arm-none-eabi/lib/thumb/v7e-m/fpv4-sp/hard\libnosys.a
END GROUP
LOAD c:/st/stm32cubeide_1.3.0/stm32cubeide/plugins/com.st.stm32cube.ide.mcu.externaltools.gnu-tools-for-stm32.7-2018-q2-update.win32_1.0.0.201904181610/tools/bin/../lib/gcc/arm-none-eabi/7.3.1/thumb/v7e-m/fpv4-sp/hard/crtend.o
LOAD c:/st/stm32cubeide_1.3.0/stm32cubeide/plugins/com.st.stm32cube.ide.mcu.externaltools.gnu-tools-for-stm32.7-2018-q2-update.win32_1.0.0.201904181610/tools/bin/../lib/gcc/arm-none-eabi/7.3.1/thumb/v7e-m/fpv4-sp/hard/crtn.o
                0x0000000020018000                _estack = (ORIGIN (RAM) + LENGTH (RAM))
                0x0000000000000200                _Min_Heap_Size = 0x200
                0x0000000000000400                _Min_Stack_Size = 0x400

.isr_vector     0x0000000008000000      0x194
                0x0000000008000000                . = ALIGN (0x4)
 *(.isr_vector)
 .isr_vector    0x0000000008000000      0x194 Core/Startup/startup_stm32f401retx.o
                0x0000000008000000                g_pfnVectors
                0x0000000008000194                . = ALIGN (0x4)

.text           0x00000000080001a0     0x4df8
                0x00000000080001a0                . = ALIGN (0x4)
 *(.text)
 .text          0x00000000080001a0       0x40 c:/st/stm32cubeide_1.3.0/stm32cubeide/plugins/com.st.stm32cube.ide.mcu.externaltools.gnu-tools-for-stm32.7-2018-q2-update.win32_1.0.0.201904181610/tools/bin/../lib/gcc/arm-none-eabi/7.3.1/thumb/v7e-m/fpv4-sp/hard/crtbegin.o
 .text          0x00000000080001e0       0x30 c:/st/stm32cubeide_1.3.0/stm32cubeide/plugins/com.st.stm32cube.ide.mcu.externaltools.gnu-tools-for-stm32.7-2018-q2-update.win32_1.0.0.201904181610/tools/bin/../lib/gcc/arm-none-eabi/7.3.1/thumb/v7e-m/fpv4-sp/hard\libgcc.a(_aeabi_uldivmod.o)
                0x00000000080001e0                __aeabi_uldivmod
 .text          0x0000000008000210      0x2cc c:/st/stm32cubeide_1.3.0/stm32cubeide/plugins/com.st.stm32cube.ide.mcu.externaltools.gnu-tools-for-stm32.7-2018-q2-update.win32_1.0.0.201904181610/tools/bin/../lib/gcc/arm-none-eabi/7.3.1/thumb/v7e-m/fpv4-sp/hard\libgcc.a(_udivmoddi4.o)
                0x0000000008000210                __udivmoddi4
 .text          0x00000000080004dc        0x4 c:/st/stm32cubeide_1.3.0/stm32cubeide/plugins/com.st.stm32cube.ide.mcu.externaltools.gnu-tools-for-stm32.7-2018-q2-update.win32_1.0.0.201904181610/tools/bin/../lib/gcc/arm-none-eabi/7.3.1/thumb/v7e-m/fpv4-sp/hard\libgcc.a(_dvmd_tls.o)
                0x00000000080004dc                __aeabi_idiv0
                0x00000000080004dc                __aeabi_ldiv0
 *(.text*)
 .text.main     0x00000000080004e0       0x3c Core/Src/main.o
                0x00000000080004e0                main
 .text.SystemClock_Config
                0x000000000800051c       0xd8 Core/Src/main.o
                0x000000000800051c                SystemClock_Config
 .text.MX_USART2_UART_Init
                0x00000000080005f4       0x54 Core/Src/main.o
 .text.MX_GPIO_Init
                0x0000000008000648       0xe0 Core/Src/main.o
 .text.StartDefaultTask
                0x0000000008000728       0x20 Core/Src/main.o
                0x0000000008000728                StartDefaultTask
 .text.HAL_TIM_PeriodElapsedCallback
                0x0000000008000748       0x24 Core/Src/main.o
                0x0000000008000748                HAL_TIM_PeriodElapsedCallback
 .text.Error_Handler
                0x000000000800076c        0xe Core/Src/main.o
                0x000000000800076c                Error_Handler
 *fill*         0x000000000800077a        0x2 
 .text.HAL_MspInit
                0x000000000800077c       0x58 Core/Src/stm32f4xx_hal_msp.o
                0x000000000800077c                HAL_MspInit
 .text.HAL_UART_MspInit
                0x00000000080007d4       0x90 Core/Src/stm32f4xx_hal_msp.o
                0x00000000080007d4                HAL_UART_MspInit
 .text.HAL_InitTick
                0x0000000008000864       0xb0 Core/Src/stm32f4xx_hal_timebase_tim.o
                0x0000000008000864                HAL_InitTick
 .text.NMI_Handler
                0x0000000008000914        0xe Core/Src/stm32f4xx_it.o
                0x0000000008000914                NMI_Handler
 .text.HardFault_Handler
                0x0000000008000922        0x6 Core/Src/stm32f4xx_it.o
                0x0000000008000922                HardFault_Handler
 .text.MemManage_Handler
                0x0000000008000928        0x6 Core/Src/stm32f4xx_it.o
                0x0000000008000928                MemManage_Handler
 .text.BusFault_Handler
                0x000000000800092e        0x6 Core/Src/stm32f4xx_it.o
                0x000000000800092e                BusFault_Handler
 .text.UsageFault_Handler
                0x0000000008000934        0x6 Core/Src/stm32f4xx_it.o
                0x0000000008000934                UsageFault_Handler
 .text.DebugMon_Handler
                0x000000000800093a        0xe Core/Src/stm32f4xx_it.o
                0x000000000800093a                DebugMon_Handler
 .text.TIM1_TRG_COM_TIM11_IRQHandler
                0x0000000008000948       0x14 Core/Src/stm32f4xx_it.o
                0x0000000008000948                TIM1_TRG_COM_TIM11_IRQHandler
 .text.SystemInit
                0x000000000800095c       0x2c Core/Src/system_stm32f4xx.o
                0x000000000800095c                SystemInit
 .text.Reset_Handler
                0x0000000008000988       0x50 Core/Startup/startup_stm32f401retx.o
                0x0000000008000988                Reset_Handler
 .text.Default_Handler
                0x00000000080009d8        0x2 Core/Startup/startup_stm32f401retx.o
                0x00000000080009d8                RTC_Alarm_IRQHandler
                0x00000000080009d8                EXTI2_IRQHandler
                0x00000000080009d8                SPI4_IRQHandler
                0x00000000080009d8                TIM1_CC_IRQHandler
                0x00000000080009d8                DMA2_Stream5_IRQHandler
                0x00000000080009d8                DMA1_Stream5_IRQHandler
                0x00000000080009d8                PVD_IRQHandler
                0x00000000080009d8                SDIO_IRQHandler
                0x00000000080009d8                TAMP_STAMP_IRQHandler
                0x00000000080009d8                EXTI3_IRQHandler
                0x00000000080009d8                TIM1_UP_TIM10_IRQHandler
                0x00000000080009d8                I2C3_ER_IRQHandler
                0x00000000080009d8                EXTI0_IRQHandler
                0x00000000080009d8                I2C2_EV_IRQHandler
                0x00000000080009d8                DMA1_Stream2_IRQHandler
                0x00000000080009d8                FPU_IRQHandler
                0x00000000080009d8                DMA2_Stream2_IRQHandler
                0x00000000080009d8                SPI1_IRQHandler
                0x00000000080009d8                TIM1_BRK_TIM9_IRQHandler
                0x00000000080009d8                DMA2_Stream3_IRQHandler
                0x00000000080009d8                USART6_IRQHandler
                0x00000000080009d8                DMA2_Stream0_IRQHandler
                0x00000000080009d8                TIM4_IRQHandler
                0x00000000080009d8                I2C1_EV_IRQHandler
                0x00000000080009d8                DMA1_Stream6_IRQHandler
                0x00000000080009d8                DMA1_Stream1_IRQHandler
                0x00000000080009d8                TIM3_IRQHandler
                0x00000000080009d8                RCC_IRQHandler
                0x00000000080009d8                Default_Handler
                0x00000000080009d8                EXTI15_10_IRQHandler
                0x00000000080009d8                ADC_IRQHandler
                0x00000000080009d8                DMA1_Stream7_IRQHandler
                0x00000000080009d8                TIM5_IRQHandler
                0x00000000080009d8                DMA2_Stream7_IRQHandler
                0x00000000080009d8                I2C3_EV_IRQHandler
                0x00000000080009d8                EXTI9_5_IRQHandler
                0x00000000080009d8                RTC_WKUP_IRQHandler
                0x00000000080009d8                SPI2_IRQHandler
                0x00000000080009d8                DMA1_Stream0_IRQHandler
                0x00000000080009d8                EXTI4_IRQHandler
                0x00000000080009d8                WWDG_IRQHandler
                0x00000000080009d8                TIM2_IRQHandler
                0x00000000080009d8                OTG_FS_WKUP_IRQHandler
                0x00000000080009d8                EXTI1_IRQHandler
                0x00000000080009d8                USART2_IRQHandler
                0x00000000080009d8                I2C2_ER_IRQHandler
                0x00000000080009d8                DMA2_Stream1_IRQHandler
                0x00000000080009d8                FLASH_IRQHandler
                0x00000000080009d8                DMA2_Stream4_IRQHandler
                0x00000000080009d8                USART1_IRQHandler
                0x00000000080009d8                OTG_FS_IRQHandler
                0x00000000080009d8                SPI3_IRQHandler
                0x00000000080009d8                DMA1_Stream4_IRQHandler
                0x00000000080009d8                I2C1_ER_IRQHandler
                0x00000000080009d8                DMA2_Stream6_IRQHandler
                0x00000000080009d8                DMA1_Stream3_IRQHandler
 *fill*         0x00000000080009da        0x2 
 .text.HAL_Init
                0x00000000080009dc       0x44 Drivers/STM32F4xx_HAL_Driver/stm32f4xx_hal.o
                0x00000000080009dc                HAL_Init
 .text.HAL_IncTick
                0x0000000008000a20       0x28 Drivers/STM32F4xx_HAL_Driver/stm32f4xx_hal.o
                0x0000000008000a20                HAL_IncTick
 .text.HAL_GetTick
                0x0000000008000a48       0x18 Drivers/STM32F4xx_HAL_Driver/stm32f4xx_hal.o
                0x0000000008000a48                HAL_GetTick
 .text.__NVIC_SetPriorityGrouping
                0x0000000008000a60       0x48 Drivers/STM32F4xx_HAL_Driver/stm32f4xx_hal_cortex.o
 .text.__NVIC_GetPriorityGrouping
                0x0000000008000aa8       0x1c Drivers/STM32F4xx_HAL_Driver/stm32f4xx_hal_cortex.o
 .text.__NVIC_EnableIRQ
                0x0000000008000ac4       0x3c Drivers/STM32F4xx_HAL_Driver/stm32f4xx_hal_cortex.o
 .text.__NVIC_SetPriority
                0x0000000008000b00       0x54 Drivers/STM32F4xx_HAL_Driver/stm32f4xx_hal_cortex.o
 .text.NVIC_EncodePriority
                0x0000000008000b54       0x66 Drivers/STM32F4xx_HAL_Driver/stm32f4xx_hal_cortex.o
 .text.HAL_NVIC_SetPriorityGrouping
                0x0000000008000bba       0x16 Drivers/STM32F4xx_HAL_Driver/stm32f4xx_hal_cortex.o
                0x0000000008000bba                HAL_NVIC_SetPriorityGrouping
 .text.HAL_NVIC_SetPriority
                0x0000000008000bd0       0x38 Drivers/STM32F4xx_HAL_Driver/stm32f4xx_hal_cortex.o
                0x0000000008000bd0                HAL_NVIC_SetPriority
 .text.HAL_NVIC_EnableIRQ
                0x0000000008000c08       0x1c Drivers/STM32F4xx_HAL_Driver/stm32f4xx_hal_cortex.o
                0x0000000008000c08                HAL_NVIC_EnableIRQ
 .text.HAL_GPIO_Init
                0x0000000008000c24      0x304 Drivers/STM32F4xx_HAL_Driver/stm32f4xx_hal_gpio.o
                0x0000000008000c24                HAL_GPIO_Init
 .text.HAL_GPIO_WritePin
                0x0000000008000f28       0x32 Drivers/STM32F4xx_HAL_Driver/stm32f4xx_hal_gpio.o
                0x0000000008000f28                HAL_GPIO_WritePin
 .text.HAL_GPIO_TogglePin
                0x0000000008000f5a       0x36 Drivers/STM32F4xx_HAL_Driver/stm32f4xx_hal_gpio.o
                0x0000000008000f5a                HAL_GPIO_TogglePin
 .text.HAL_RCC_OscConfig
                0x0000000008000f90      0x4e0 Drivers/STM32F4xx_HAL_Driver/stm32f4xx_hal_rcc.o
                0x0000000008000f90                HAL_RCC_OscConfig
 .text.HAL_RCC_ClockConfig
                0x0000000008001470      0x1cc Drivers/STM32F4xx_HAL_Driver/stm32f4xx_hal_rcc.o
                0x0000000008001470                HAL_RCC_ClockConfig
 .text.HAL_RCC_GetSysClockFreq
                0x000000000800163c      0x1b0 Drivers/STM32F4xx_HAL_Driver/stm32f4xx_hal_rcc.o
                0x000000000800163c                HAL_RCC_GetSysClockFreq
 .text.HAL_RCC_GetHCLKFreq
                0x00000000080017ec       0x18 Drivers/STM32F4xx_HAL_Driver/stm32f4xx_hal_rcc.o
                0x00000000080017ec                HAL_RCC_GetHCLKFreq
 .text.HAL_RCC_GetPCLK1Freq
                0x0000000008001804       0x28 Drivers/STM32F4xx_HAL_Driver/stm32f4xx_hal_rcc.o
                0x0000000008001804                HAL_RCC_GetPCLK1Freq
 .text.HAL_RCC_GetPCLK2Freq
                0x000000000800182c       0x28 Drivers/STM32F4xx_HAL_Driver/stm32f4xx_hal_rcc.o
                0x000000000800182c                HAL_RCC_GetPCLK2Freq
 .text.HAL_RCC_GetClockConfig
                0x0000000008001854       0x64 Drivers/STM32F4xx_HAL_Driver/stm32f4xx_hal_rcc.o
                0x0000000008001854                HAL_RCC_GetClockConfig
 .text.HAL_TIM_Base_Init
                0x00000000080018b8       0x56 Drivers/STM32F4xx_HAL_Driver/stm32f4xx_hal_tim.o
                0x00000000080018b8                HAL_TIM_Base_Init
 .text.HAL_TIM_Base_MspInit
                0x000000000800190e       0x14 Drivers/STM32F4xx_HAL_Driver/stm32f4xx_hal_tim.o
                0x000000000800190e                HAL_TIM_Base_MspInit
 .text.HAL_TIM_Base_Start_IT
                0x0000000008001922       0x48 Drivers/STM32F4xx_HAL_Driver/stm32f4xx_hal_tim.o
                0x0000000008001922                HAL_TIM_Base_Start_IT
 .text.HAL_TIM_IRQHandler
                0x000000000800196a      0x210 Drivers/STM32F4xx_HAL_Driver/stm32f4xx_hal_tim.o
                0x000000000800196a                HAL_TIM_IRQHandler
 .text.HAL_TIM_OC_DelayElapsedCallback
                0x0000000008001b7a       0x14 Drivers/STM32F4xx_HAL_Driver/stm32f4xx_hal_tim.o
                0x0000000008001b7a                HAL_TIM_OC_DelayElapsedCallback
 .text.HAL_TIM_IC_CaptureCallback
                0x0000000008001b8e       0x14 Drivers/STM32F4xx_HAL_Driver/stm32f4xx_hal_tim.o
                0x0000000008001b8e                HAL_TIM_IC_CaptureCallback
 .text.HAL_TIM_PWM_PulseFinishedCallback
                0x0000000008001ba2       0x14 Drivers/STM32F4xx_HAL_Driver/stm32f4xx_hal_tim.o
                0x0000000008001ba2                HAL_TIM_PWM_PulseFinishedCallback
 .text.HAL_TIM_TriggerCallback
                0x0000000008001bb6       0x14 Drivers/STM32F4xx_HAL_Driver/stm32f4xx_hal_tim.o
                0x0000000008001bb6                HAL_TIM_TriggerCallback
 *fill*         0x0000000008001bca        0x2 
 .text.TIM_Base_SetConfig
                0x0000000008001bcc      0x100 Drivers/STM32F4xx_HAL_Driver/stm32f4xx_hal_tim.o
                0x0000000008001bcc                TIM_Base_SetConfig
 .text.HAL_TIMEx_CommutCallback
                0x0000000008001ccc       0x14 Drivers/STM32F4xx_HAL_Driver/stm32f4xx_hal_tim_ex.o
                0x0000000008001ccc                HAL_TIMEx_CommutCallback
 .text.HAL_TIMEx_BreakCallback
                0x0000000008001ce0       0x14 Drivers/STM32F4xx_HAL_Driver/stm32f4xx_hal_tim_ex.o
                0x0000000008001ce0                HAL_TIMEx_BreakCallback
 .text.HAL_UART_Init
                0x0000000008001cf4       0x9a Drivers/STM32F4xx_HAL_Driver/stm32f4xx_hal_uart.o
                0x0000000008001cf4                HAL_UART_Init
 *fill*         0x0000000008001d8e        0x2 
 .text.UART_SetConfig
                0x0000000008001d90      0x6f8 Drivers/STM32F4xx_HAL_Driver/stm32f4xx_hal_uart.o
 .text.SVC_Setup
                0x0000000008002488        0xe Middlewares/FreeRTOS/cmsis_os2.o
 *fill*         0x0000000008002496        0x2 
 .text.osKernelInitialize
                0x0000000008002498       0x68 Middlewares/FreeRTOS/cmsis_os2.o
                0x0000000008002498                osKernelInitialize
 .text.osKernelStart
                0x0000000008002500       0x6c Middlewares/FreeRTOS/cmsis_os2.o
                0x0000000008002500                osKernelStart
 .text.osThreadNew
                0x000000000800256c      0x14c Middlewares/FreeRTOS/cmsis_os2.o
                0x000000000800256c                osThreadNew
 .text.osDelay  0x00000000080026b8       0x5c Middlewares/FreeRTOS/cmsis_os2.o
                0x00000000080026b8                osDelay
 .text.vApplicationGetIdleTaskMemory
                0x0000000008002714       0x34 Middlewares/FreeRTOS/cmsis_os2.o
                0x0000000008002714                vApplicationGetIdleTaskMemory
 .text.vApplicationGetTimerTaskMemory
                0x0000000008002748       0x34 Middlewares/FreeRTOS/cmsis_os2.o
                0x0000000008002748                vApplicationGetTimerTaskMemory
 .text.pvPortMalloc
                0x000000000800277c      0x184 Middlewares/FreeRTOS/heap_4.o
                0x000000000800277c                pvPortMalloc
 .text.vPortFree
                0x0000000008002900       0xb0 Middlewares/FreeRTOS/heap_4.o
                0x0000000008002900                vPortFree
 .text.prvHeapInit
                0x00000000080029b0       0xc4 Middlewares/FreeRTOS/heap_4.o
 .text.prvInsertBlockIntoFreeList
                0x0000000008002a74       0xb4 Middlewares/FreeRTOS/heap_4.o
 .text.vListInitialise
                0x0000000008002b28       0x40 Middlewares/FreeRTOS/list.o
                0x0000000008002b28                vListInitialise
 .text.vListInitialiseItem
                0x0000000008002b68       0x1a Middlewares/FreeRTOS/list.o
                0x0000000008002b68                vListInitialiseItem
 .text.vListInsertEnd
                0x0000000008002b82       0x48 Middlewares/FreeRTOS/list.o
                0x0000000008002b82                vListInsertEnd
 .text.vListInsert
                0x0000000008002bca       0x72 Middlewares/FreeRTOS/list.o
                0x0000000008002bca                vListInsert
 .text.uxListRemove
                0x0000000008002c3c       0x54 Middlewares/FreeRTOS/list.o
                0x0000000008002c3c                uxListRemove
 .text.pxPortInitialiseStack
                0x0000000008002c90       0x68 Middlewares/FreeRTOS/port.o
                0x0000000008002c90                pxPortInitialiseStack
 .text.prvTaskExitError
                0x0000000008002cf8       0x54 Middlewares/FreeRTOS/port.o
 *fill*         0x0000000008002d4c        0x4 
 .text.SVC_Handler
                0x0000000008002d50       0x28 Middlewares/FreeRTOS/port.o
                0x0000000008002d50                SVC_Handler
 .text.prvPortStartFirstTask
                0x0000000008002d78       0x28 Middlewares/FreeRTOS/port.o
 .text.xPortStartScheduler
                0x0000000008002da0      0x13c Middlewares/FreeRTOS/port.o
                0x0000000008002da0                xPortStartScheduler
 .text.vPortEnterCritical
                0x0000000008002edc       0x5c Middlewares/FreeRTOS/port.o
                0x0000000008002edc                vPortEnterCritical
 .text.vPortExitCritical
                0x0000000008002f38       0x50 Middlewares/FreeRTOS/port.o
                0x0000000008002f38                vPortExitCritical
 *fill*         0x0000000008002f88        0x8 
 .text.PendSV_Handler
                0x0000000008002f90       0x68 Middlewares/FreeRTOS/port.o
                0x0000000008002f90                PendSV_Handler
 .text.SysTick_Handler
                0x0000000008002ff8       0x40 Middlewares/FreeRTOS/port.o
                0x0000000008002ff8                SysTick_Handler
 .text.vPortSetupTimerInterrupt
                0x0000000008003038       0x48 Middlewares/FreeRTOS/port.o
                0x0000000008003038                vPortSetupTimerInterrupt
 .text.vPortEnableVFP
                0x0000000008003080       0x14 Middlewares/FreeRTOS/port.o
 .text.vPortValidateInterruptPriority
                0x0000000008003094       0x7c Middlewares/FreeRTOS/port.o
                0x0000000008003094                vPortValidateInterruptPriority
 .text.xQueueGenericReset
                0x0000000008003110       0xd0 Middlewares/FreeRTOS/queue.o
                0x0000000008003110                xQueueGenericReset
 .text.xQueueGenericCreateStatic
                0x00000000080031e0       0xe6 Middlewares/FreeRTOS/queue.o
                0x00000000080031e0                xQueueGenericCreateStatic
 .text.prvInitialiseNewQueue
                0x00000000080032c6       0x46 Middlewares/FreeRTOS/queue.o
 .text.xQueueGenericSend
                0x000000000800330c      0x1f4 Middlewares/FreeRTOS/queue.o
                0x000000000800330c                xQueueGenericSend
 .text.xQueueGenericSendFromISR
                0x0000000008003500      0x128 Middlewares/FreeRTOS/queue.o
                0x0000000008003500                xQueueGenericSendFromISR
 .text.xQueueReceive
                0x0000000008003628      0x1b8 Middlewares/FreeRTOS/queue.o
                0x0000000008003628                xQueueReceive
 .text.prvCopyDataToQueue
                0x00000000080037e0       0xd4 Middlewares/FreeRTOS/queue.o
 .text.prvCopyDataFromQueue
                0x00000000080038b4       0x4c Middlewares/FreeRTOS/queue.o
 .text.prvUnlockQueue
                0x0000000008003900       0xa4 Middlewares/FreeRTOS/queue.o
 .text.prvIsQueueEmpty
                0x00000000080039a4       0x2c Middlewares/FreeRTOS/queue.o
 .text.prvIsQueueFull
                0x00000000080039d0       0x30 Middlewares/FreeRTOS/queue.o
 .text.vQueueAddToRegistry
                0x0000000008003a00       0x50 Middlewares/FreeRTOS/queue.o
                0x0000000008003a00                vQueueAddToRegistry
 .text.vQueueWaitForMessageRestricted
                0x0000000008003a50       0x68 Middlewares/FreeRTOS/queue.o
                0x0000000008003a50                vQueueWaitForMessageRestricted
 .text.xTaskCreateStatic
                0x0000000008003ab8       0xb4 Middlewares/FreeRTOS/tasks.o
                0x0000000008003ab8                xTaskCreateStatic
 .text.xTaskCreate
                0x0000000008003b6c       0x8a Middlewares/FreeRTOS/tasks.o
                0x0000000008003b6c                xTaskCreate
 .text.prvInitialiseNewTask
                0x0000000008003bf6      0x11c Middlewares/FreeRTOS/tasks.o
 *fill*         0x0000000008003d12        0x2 
 .text.prvAddNewTaskToReadyList
                0x0000000008003d14       0xe0 Middlewares/FreeRTOS/tasks.o
 .text.vTaskDelay
                0x0000000008003df4       0x68 Middlewares/FreeRTOS/tasks.o
                0x0000000008003df4                vTaskDelay
 .text.vTaskStartScheduler
                0x0000000008003e5c       0xc8 Middlewares/FreeRTOS/tasks.o
                0x0000000008003e5c                vTaskStartScheduler
 .text.vTaskSuspendAll
                0x0000000008003f24       0x1c Middlewares/FreeRTOS/tasks.o
                0x0000000008003f24                vTaskSuspendAll
 .text.xTaskResumeAll
                0x0000000008003f40      0x138 Middlewares/FreeRTOS/tasks.o
                0x0000000008003f40                xTaskResumeAll
 .text.xTaskGetTickCount
                0x0000000008004078       0x20 Middlewares/FreeRTOS/tasks.o
                0x0000000008004078                xTaskGetTickCount
 .text.xTaskIncrementTick
                0x0000000008004098      0x170 Middlewares/FreeRTOS/tasks.o
                0x0000000008004098                xTaskIncrementTick
 .text.vTaskSwitchContext
                0x0000000008004208       0xb8 Middlewares/FreeRTOS/tasks.o
                0x0000000008004208                vTaskSwitchContext
 .text.vTaskPlaceOnEventList
                0x00000000080042c0       0x48 Middlewares/FreeRTOS/tasks.o
                0x00000000080042c0                vTaskPlaceOnEventList
 .text.vTaskPlaceOnEventListRestricted
                0x0000000008004308       0x54 Middlewares/FreeRTOS/tasks.o
                0x0000000008004308                vTaskPlaceOnEventListRestricted
 .text.xTaskRemoveFromEventList
                0x000000000800435c       0xc4 Middlewares/FreeRTOS/tasks.o
                0x000000000800435c                xTaskRemoveFromEventList
 .text.vTaskInternalSetTimeOutState
                0x0000000008004420       0x2c Middlewares/FreeRTOS/tasks.o
                0x0000000008004420                vTaskInternalSetTimeOutState
 .text.xTaskCheckForTimeOut
                0x000000000800444c       0xc0 Middlewares/FreeRTOS/tasks.o
                0x000000000800444c                xTaskCheckForTimeOut
 .text.vTaskMissedYield
                0x000000000800450c       0x18 Middlewares/FreeRTOS/tasks.o
                0x000000000800450c                vTaskMissedYield
 .text.prvIdleTask
                0x0000000008004524       0x30 Middlewares/FreeRTOS/tasks.o
 .text.prvInitialiseTaskLists
                0x0000000008004554       0x80 Middlewares/FreeRTOS/tasks.o
 .text.prvCheckTasksWaitingTermination
                0x00000000080045d4       0x58 Middlewares/FreeRTOS/tasks.o
 .text.prvDeleteTCB
                0x000000000800462c       0x5c Middlewares/FreeRTOS/tasks.o
 .text.prvResetNextTaskUnblockTime
                0x0000000008004688       0x40 Middlewares/FreeRTOS/tasks.o
 .text.xTaskGetSchedulerState
                0x00000000080046c8       0x3c Middlewares/FreeRTOS/tasks.o
                0x00000000080046c8                xTaskGetSchedulerState
 .text.xTaskPriorityDisinherit
                0x0000000008004704       0xd8 Middlewares/FreeRTOS/tasks.o
                0x0000000008004704                xTaskPriorityDisinherit
 .text.prvAddCurrentTaskToDelayedList
                0x00000000080047dc       0xa8 Middlewares/FreeRTOS/tasks.o
 .text.xTimerCreateTimerTask
                0x0000000008004884       0x90 Middlewares/FreeRTOS/timers.o
                0x0000000008004884                xTimerCreateTimerTask
 .text.xTimerGenericCommand
                0x0000000008004914       0x98 Middlewares/FreeRTOS/timers.o
                0x0000000008004914                xTimerGenericCommand
 .text.prvProcessExpiredTimer
                0x00000000080049ac       0x98 Middlewares/FreeRTOS/timers.o
 .text.prvTimerTask
                0x0000000008004a44       0x24 Middlewares/FreeRTOS/timers.o
 .text.prvProcessTimerOrBlockTask
                0x0000000008004a68       0x9c Middlewares/FreeRTOS/timers.o
 .text.prvGetNextExpireTime
                0x0000000008004b04       0x48 Middlewares/FreeRTOS/timers.o
 .text.prvSampleTimeNow
                0x0000000008004b4c       0x40 Middlewares/FreeRTOS/timers.o
 .text.prvInsertTimerInActiveList
                0x0000000008004b8c       0x84 Middlewares/FreeRTOS/timers.o
 .text.prvProcessReceivedCommands
                0x0000000008004c10      0x1b8 Middlewares/FreeRTOS/timers.o
 .text.prvSwitchTimerLists
                0x0000000008004dc8       0xc8 Middlewares/FreeRTOS/timers.o
 .text.prvCheckForValidListAndQueue
                0x0000000008004e90       0x80 Middlewares/FreeRTOS/timers.o
 .text.__libc_init_array
                0x0000000008004f10       0x48 c:/st/stm32cubeide_1.3.0/stm32cubeide/plugins/com.st.stm32cube.ide.mcu.externaltools.gnu-tools-for-stm32.7-2018-q2-update.win32_1.0.0.201904181610/tools/bin/../lib/gcc/arm-none-eabi/7.3.1/../../../../arm-none-eabi/lib/thumb/v7e-m/fpv4-sp/hard\libc_nano.a(lib_a-init.o)
                0x0000000008004f10                __libc_init_array
 .text.memcpy   0x0000000008004f58       0x16 c:/st/stm32cubeide_1.3.0/stm32cubeide/plugins/com.st.stm32cube.ide.mcu.externaltools.gnu-tools-for-stm32.7-2018-q2-update.win32_1.0.0.201904181610/tools/bin/../lib/gcc/arm-none-eabi/7.3.1/../../../../arm-none-eabi/lib/thumb/v7e-m/fpv4-sp/hard\libc_nano.a(lib_a-memcpy-stub.o)
                0x0000000008004f58                memcpy
 .text.memset   0x0000000008004f6e       0x10 c:/st/stm32cubeide_1.3.0/stm32cubeide/plugins/com.st.stm32cube.ide.mcu.externaltools.gnu-tools-for-stm32.7-2018-q2-update.win32_1.0.0.201904181610/tools/bin/../lib/gcc/arm-none-eabi/7.3.1/../../../../arm-none-eabi/lib/thumb/v7e-m/fpv4-sp/hard\libc_nano.a(lib_a-memset.o)
                0x0000000008004f6e                memset
 *(.glue_7)
 .glue_7        0x0000000008004f7e        0x0 linker stubs
 *(.glue_7t)
 .glue_7t       0x0000000008004f7e        0x0 linker stubs
 *(.eh_frame)
 *fill*         0x0000000008004f7e        0x2 
 .eh_frame      0x0000000008004f80        0x0 c:/st/stm32cubeide_1.3.0/stm32cubeide/plugins/com.st.stm32cube.ide.mcu.externaltools.gnu-tools-for-stm32.7-2018-q2-update.win32_1.0.0.201904181610/tools/bin/../lib/gcc/arm-none-eabi/7.3.1/thumb/v7e-m/fpv4-sp/hard/crtbegin.o
 *(.init)
 .init          0x0000000008004f80        0x4 c:/st/stm32cubeide_1.3.0/stm32cubeide/plugins/com.st.stm32cube.ide.mcu.externaltools.gnu-tools-for-stm32.7-2018-q2-update.win32_1.0.0.201904181610/tools/bin/../lib/gcc/arm-none-eabi/7.3.1/thumb/v7e-m/fpv4-sp/hard/crti.o
                0x0000000008004f80                _init
 .init          0x0000000008004f84        0x8 c:/st/stm32cubeide_1.3.0/stm32cubeide/plugins/com.st.stm32cube.ide.mcu.externaltools.gnu-tools-for-stm32.7-2018-q2-update.win32_1.0.0.201904181610/tools/bin/../lib/gcc/arm-none-eabi/7.3.1/thumb/v7e-m/fpv4-sp/hard/crtn.o
 *(.fini)
 .fini          0x0000000008004f8c        0x4 c:/st/stm32cubeide_1.3.0/stm32cubeide/plugins/com.st.stm32cube.ide.mcu.externaltools.gnu-tools-for-stm32.7-2018-q2-update.win32_1.0.0.201904181610/tools/bin/../lib/gcc/arm-none-eabi/7.3.1/thumb/v7e-m/fpv4-sp/hard/crti.o
                0x0000000008004f8c                _fini
 .fini          0x0000000008004f90        0x8 c:/st/stm32cubeide_1.3.0/stm32cubeide/plugins/com.st.stm32cube.ide.mcu.externaltools.gnu-tools-for-stm32.7-2018-q2-update.win32_1.0.0.201904181610/tools/bin/../lib/gcc/arm-none-eabi/7.3.1/thumb/v7e-m/fpv4-sp/hard/crtn.o
                0x0000000008004f98                . = ALIGN (0x4)
                0x0000000008004f98                _etext = .

.vfp11_veneer   0x0000000008004f98        0x0
 .vfp11_veneer  0x0000000008004f98        0x0 linker stubs

.v4_bx          0x0000000008004f98        0x0
 .v4_bx         0x0000000008004f98        0x0 linker stubs

.iplt           0x0000000008004f98        0x0
 .iplt          0x0000000008004f98        0x0 c:/st/stm32cubeide_1.3.0/stm32cubeide/plugins/com.st.stm32cube.ide.mcu.externaltools.gnu-tools-for-stm32.7-2018-q2-update.win32_1.0.0.201904181610/tools/bin/../lib/gcc/arm-none-eabi/7.3.1/thumb/v7e-m/fpv4-sp/hard/crtbegin.o

.rodata         0x0000000008004f98       0x60
                0x0000000008004f98                . = ALIGN (0x4)
 *(.rodata)
 .rodata        0x0000000008004f98        0xc Core/Src/main.o
 .rodata        0x0000000008004fa4        0x5 Middlewares/FreeRTOS/tasks.o
 *fill*         0x0000000008004fa9        0x3 
 .rodata        0x0000000008004fac        0xd Middlewares/FreeRTOS/timers.o
 *(.rodata*)
 *fill*         0x0000000008004fb9        0x3 
 .rodata.defaultTask_attributes
                0x0000000008004fbc       0x24 Core/Src/main.o
                0x0000000008004fbc                defaultTask_attributes
 .rodata.AHBPrescTable
                0x0000000008004fe0       0x10 Core/Src/system_stm32f4xx.o
                0x0000000008004fe0                AHBPrescTable
 .rodata.APBPrescTable
                0x0000000008004ff0        0x8 Core/Src/system_stm32f4xx.o
                0x0000000008004ff0                APBPrescTable
                0x0000000008004ff8                . = ALIGN (0x4)

.ARM.extab      0x0000000008004ff8        0x0
                0x0000000008004ff8                . = ALIGN (0x4)
 *(.ARM.extab* .gnu.linkonce.armextab.*)
                0x0000000008004ff8                . = ALIGN (0x4)

.ARM            0x0000000008004ff8        0x8
                0x0000000008004ff8                . = ALIGN (0x4)
                0x0000000008004ff8                __exidx_start = .
 *(.ARM.exidx*)
 .ARM.exidx     0x0000000008004ff8        0x8 c:/st/stm32cubeide_1.3.0/stm32cubeide/plugins/com.st.stm32cube.ide.mcu.externaltools.gnu-tools-for-stm32.7-2018-q2-update.win32_1.0.0.201904181610/tools/bin/../lib/gcc/arm-none-eabi/7.3.1/thumb/v7e-m/fpv4-sp/hard\libgcc.a(_udivmoddi4.o)
                0x0000000008005000                __exidx_end = .
                0x0000000008005000                . = ALIGN (0x4)

.rel.dyn        0x0000000008005000        0x0
 .rel.iplt      0x0000000008005000        0x0 c:/st/stm32cubeide_1.3.0/stm32cubeide/plugins/com.st.stm32cube.ide.mcu.externaltools.gnu-tools-for-stm32.7-2018-q2-update.win32_1.0.0.201904181610/tools/bin/../lib/gcc/arm-none-eabi/7.3.1/thumb/v7e-m/fpv4-sp/hard/crtbegin.o

.preinit_array  0x0000000008005000        0x0
                0x0000000008005000                . = ALIGN (0x4)
                0x0000000008005000                PROVIDE (__preinit_array_start = .)
 *(.preinit_array*)
                0x0000000008005000                PROVIDE (__preinit_array_end = .)
                0x0000000008005000                . = ALIGN (0x4)

.init_array     0x0000000008005000        0x4
                0x0000000008005000                . = ALIGN (0x4)
                0x0000000008005000                PROVIDE (__init_array_start = .)
 *(SORT_BY_NAME(.init_array.*))
 *(.init_array*)
 .init_array    0x0000000008005000        0x4 c:/st/stm32cubeide_1.3.0/stm32cubeide/plugins/com.st.stm32cube.ide.mcu.externaltools.gnu-tools-for-stm32.7-2018-q2-update.win32_1.0.0.201904181610/tools/bin/../lib/gcc/arm-none-eabi/7.3.1/thumb/v7e-m/fpv4-sp/hard/crtbegin.o
                0x0000000008005004                PROVIDE (__init_array_end = .)
                0x0000000008005004                . = ALIGN (0x4)

.fini_array     0x0000000008005004        0x4
                0x0000000008005004                . = ALIGN (0x4)
                [!provide]                        PROVIDE (__fini_array_start = .)
 *(SORT_BY_NAME(.fini_array.*))
 *(.fini_array*)
 .fini_array    0x0000000008005004        0x4 c:/st/stm32cubeide_1.3.0/stm32cubeide/plugins/com.st.stm32cube.ide.mcu.externaltools.gnu-tools-for-stm32.7-2018-q2-update.win32_1.0.0.201904181610/tools/bin/../lib/gcc/arm-none-eabi/7.3.1/thumb/v7e-m/fpv4-sp/hard/crtbegin.o
                [!provide]                        PROVIDE (__fini_array_end = .)
                0x0000000008005008                . = ALIGN (0x4)
                0x0000000008005008                _sidata = LOADADDR (.data)

.data           0x0000000020000000       0x10 load address 0x0000000008005008
                0x0000000020000000                . = ALIGN (0x4)
                0x0000000020000000                _sdata = .
 *(.data)
 *(.data*)
 .data.SystemCoreClock
                0x0000000020000000        0x4 Core/Src/system_stm32f4xx.o
                0x0000000020000000                SystemCoreClock
 .data.uwTickPrio
                0x0000000020000004        0x4 Drivers/STM32F4xx_HAL_Driver/stm32f4xx_hal.o
                0x0000000020000004                uwTickPrio
 .data.uwTickFreq
                0x0000000020000008        0x1 Drivers/STM32F4xx_HAL_Driver/stm32f4xx_hal.o
                0x0000000020000008                uwTickFreq
 *fill*         0x0000000020000009        0x3 
 .data.uxCriticalNesting
                0x000000002000000c        0x4 Middlewares/FreeRTOS/port.o
                0x0000000020000010                . = ALIGN (0x4)
                0x0000000020000010                _edata = .

.igot.plt       0x0000000020000010        0x0 load address 0x0000000008005018
 .igot.plt      0x0000000020000010        0x0 c:/st/stm32cubeide_1.3.0/stm32cubeide/plugins/com.st.stm32cube.ide.mcu.externaltools.gnu-tools-for-stm32.7-2018-q2-update.win32_1.0.0.201904181610/tools/bin/../lib/gcc/arm-none-eabi/7.3.1/thumb/v7e-m/fpv4-sp/hard/crtbegin.o
                0x0000000020000010                . = ALIGN (0x4)

.bss            0x0000000020000010     0x49ec load address 0x0000000008005018
                0x0000000020000010                _sbss = .
                0x0000000020000010                __bss_start__ = _sbss
 *(.bss)
 .bss           0x0000000020000010       0x1c c:/st/stm32cubeide_1.3.0/stm32cubeide/plugins/com.st.stm32cube.ide.mcu.externaltools.gnu-tools-for-stm32.7-2018-q2-update.win32_1.0.0.201904181610/tools/bin/../lib/gcc/arm-none-eabi/7.3.1/thumb/v7e-m/fpv4-sp/hard/crtbegin.o
 *(.bss*)
 .bss.KernelState
                0x000000002000002c        0x4 Middlewares/FreeRTOS/cmsis_os2.o
 .bss.Idle_TCB  0x0000000020000030       0x5c Middlewares/FreeRTOS/cmsis_os2.o
 .bss.Idle_Stack
                0x000000002000008c      0x200 Middlewares/FreeRTOS/cmsis_os2.o
 .bss.Timer_TCB
                0x000000002000028c       0x5c Middlewares/FreeRTOS/cmsis_os2.o
 .bss.Timer_Stack
                0x00000000200002e8      0x400 Middlewares/FreeRTOS/cmsis_os2.o
 .bss.ucHeap    0x00000000200006e8     0x3c00 Middlewares/FreeRTOS/heap_4.o
 .bss.xStart    0x00000000200042e8        0x8 Middlewares/FreeRTOS/heap_4.o
 .bss.pxEnd     0x00000000200042f0        0x4 Middlewares/FreeRTOS/heap_4.o
 .bss.xFreeBytesRemaining
                0x00000000200042f4        0x4 Middlewares/FreeRTOS/heap_4.o
 .bss.xMinimumEverFreeBytesRemaining
                0x00000000200042f8        0x4 Middlewares/FreeRTOS/heap_4.o
 .bss.xBlockAllocatedBit
                0x00000000200042fc        0x4 Middlewares/FreeRTOS/heap_4.o
 .bss.ucMaxSysCallPriority
                0x0000000020004300        0x1 Middlewares/FreeRTOS/port.o
 *fill*         0x0000000020004301        0x3 
 .bss.ulMaxPRIGROUPValue
                0x0000000020004304        0x4 Middlewares/FreeRTOS/port.o
 .bss.pxCurrentTCB
                0x0000000020004308        0x4 Middlewares/FreeRTOS/tasks.o
                0x0000000020004308                pxCurrentTCB
 .bss.pxReadyTasksLists
                0x000000002000430c      0x460 Middlewares/FreeRTOS/tasks.o
 .bss.xDelayedTaskList1
                0x000000002000476c       0x14 Middlewares/FreeRTOS/tasks.o
 .bss.xDelayedTaskList2
                0x0000000020004780       0x14 Middlewares/FreeRTOS/tasks.o
 .bss.pxDelayedTaskList
                0x0000000020004794        0x4 Middlewares/FreeRTOS/tasks.o
 .bss.pxOverflowDelayedTaskList
                0x0000000020004798        0x4 Middlewares/FreeRTOS/tasks.o
 .bss.xPendingReadyList
                0x000000002000479c       0x14 Middlewares/FreeRTOS/tasks.o
 .bss.xTasksWaitingTermination
                0x00000000200047b0       0x14 Middlewares/FreeRTOS/tasks.o
 .bss.uxDeletedTasksWaitingCleanUp
                0x00000000200047c4        0x4 Middlewares/FreeRTOS/tasks.o
 .bss.xSuspendedTaskList
                0x00000000200047c8       0x14 Middlewares/FreeRTOS/tasks.o
 .bss.uxCurrentNumberOfTasks
                0x00000000200047dc        0x4 Middlewares/FreeRTOS/tasks.o
 .bss.xTickCount
                0x00000000200047e0        0x4 Middlewares/FreeRTOS/tasks.o
 .bss.uxTopReadyPriority
                0x00000000200047e4        0x4 Middlewares/FreeRTOS/tasks.o
 .bss.xSchedulerRunning
                0x00000000200047e8        0x4 Middlewares/FreeRTOS/tasks.o
 .bss.uxPendedTicks
                0x00000000200047ec        0x4 Middlewares/FreeRTOS/tasks.o
 .bss.xYieldPending
                0x00000000200047f0        0x4 Middlewares/FreeRTOS/tasks.o
 .bss.xNumOfOverflows
                0x00000000200047f4        0x4 Middlewares/FreeRTOS/tasks.o
 .bss.uxTaskNumber
                0x00000000200047f8        0x4 Middlewares/FreeRTOS/tasks.o
 .bss.xNextTaskUnblockTime
                0x00000000200047fc        0x4 Middlewares/FreeRTOS/tasks.o
 .bss.xIdleTaskHandle
                0x0000000020004800        0x4 Middlewares/FreeRTOS/tasks.o
 .bss.uxSchedulerSuspended
                0x0000000020004804        0x4 Middlewares/FreeRTOS/tasks.o
 .bss.xActiveTimerList1
                0x0000000020004808       0x14 Middlewares/FreeRTOS/timers.o
 .bss.xActiveTimerList2
                0x000000002000481c       0x14 Middlewares/FreeRTOS/timers.o
 .bss.pxCurrentTimerList
                0x0000000020004830        0x4 Middlewares/FreeRTOS/timers.o
 .bss.pxOverflowTimerList
                0x0000000020004834        0x4 Middlewares/FreeRTOS/timers.o
 .bss.xTimerQueue
                0x0000000020004838        0x4 Middlewares/FreeRTOS/timers.o
 .bss.xTimerTaskHandle
                0x000000002000483c        0x4 Middlewares/FreeRTOS/timers.o
 .bss.xLastTime.6741
                0x0000000020004840        0x4 Middlewares/FreeRTOS/timers.o
 .bss.ucStaticTimerQueueStorage.6792
                0x0000000020004844       0xa0 Middlewares/FreeRTOS/timers.o
 .bss.xStaticTimerQueue.6791
                0x00000000200048e4       0x50 Middlewares/FreeRTOS/timers.o
 *(COMMON)
 COMMON         0x0000000020004934       0x44 Core/Src/main.o
                0x0000000020004934                defaultTaskHandle
                0x0000000020004938                huart2
 COMMON         0x0000000020004978       0x40 Core/Src/stm32f4xx_hal_timebase_tim.o
                0x0000000020004978                htim11
 COMMON         0x00000000200049b8        0x4 Drivers/STM32F4xx_HAL_Driver/stm32f4xx_hal.o
                0x00000000200049b8                uwTick
 COMMON         0x00000000200049bc       0x40 Middlewares/FreeRTOS/queue.o
                0x00000000200049bc                xQueueRegistry
                0x00000000200049fc                . = ALIGN (0x4)
                0x00000000200049fc                _ebss = .
                0x00000000200049fc                __bss_end__ = _ebss

._user_heap_stack
                0x00000000200049fc      0x604 load address 0x0000000008005018
                0x0000000020004a00                . = ALIGN (0x8)
 *fill*         0x00000000200049fc        0x4 
                0x0000000020004a00                PROVIDE (end = .)
                [!provide]                        PROVIDE (_end = .)
                0x0000000020004c00                . = (. + _Min_Heap_Size)
 *fill*         0x0000000020004a00      0x200 
                0x0000000020005000                . = (. + _Min_Stack_Size)
 *fill*         0x0000000020004c00      0x400 
                0x0000000020005000                . = ALIGN (0x8)

/DISCARD/
 libc.a(*)
 libm.a(*)
 libgcc.a(*)

.ARM.attributes
                0x0000000000000000       0x30
 *(.ARM.attributes)
 .ARM.attributes
                0x0000000000000000       0x22 c:/st/stm32cubeide_1.3.0/stm32cubeide/plugins/com.st.stm32cube.ide.mcu.externaltools.gnu-tools-for-stm32.7-2018-q2-update.win32_1.0.0.201904181610/tools/bin/../lib/gcc/arm-none-eabi/7.3.1/thumb/v7e-m/fpv4-sp/hard/crti.o
 .ARM.attributes
                0x0000000000000022       0x34 c:/st/stm32cubeide_1.3.0/stm32cubeide/plugins/com.st.stm32cube.ide.mcu.externaltools.gnu-tools-for-stm32.7-2018-q2-update.win32_1.0.0.201904181610/tools/bin/../lib/gcc/arm-none-eabi/7.3.1/thumb/v7e-m/fpv4-sp/hard/crtbegin.o
 .ARM.attributes
                0x0000000000000056       0x39 Core/Src/main.o
 .ARM.attributes
                0x000000000000008f       0x39 Core/Src/stm32f4xx_hal_msp.o
 .ARM.attributes
                0x00000000000000c8       0x39 Core/Src/stm32f4xx_hal_timebase_tim.o
 .ARM.attributes
                0x0000000000000101       0x39 Core/Src/stm32f4xx_it.o
 .ARM.attributes
                0x000000000000013a       0x39 Core/Src/system_stm32f4xx.o
 .ARM.attributes
                0x0000000000000173       0x21 Core/Startup/startup_stm32f401retx.o
 .ARM.attributes
                0x0000000000000194       0x39 Drivers/STM32F4xx_HAL_Driver/stm32f4xx_hal.o
 .ARM.attributes
                0x00000000000001cd       0x39 Drivers/STM32F4xx_HAL_Driver/stm32f4xx_hal_cortex.o
 .ARM.attributes
                0x0000000000000206       0x39 Drivers/STM32F4xx_HAL_Driver/stm32f4xx_hal_gpio.o
 .ARM.attributes
                0x000000000000023f       0x39 Drivers/STM32F4xx_HAL_Driver/stm32f4xx_hal_rcc.o
 .ARM.attributes
                0x0000000000000278       0x39 Drivers/STM32F4xx_HAL_Driver/stm32f4xx_hal_tim.o
 .ARM.attributes
                0x00000000000002b1       0x39 Drivers/STM32F4xx_HAL_Driver/stm32f4xx_hal_tim_ex.o
 .ARM.attributes
                0x00000000000002ea       0x39 Drivers/STM32F4xx_HAL_Driver/stm32f4xx_hal_uart.o
 .ARM.attributes
                0x0000000000000323       0x39 Middlewares/FreeRTOS/cmsis_os2.o
 .ARM.attributes
                0x000000000000035c       0x39 Middlewares/FreeRTOS/heap_4.o
 .ARM.attributes
                0x0000000000000395       0x39 Middlewares/FreeRTOS/list.o
 .ARM.attributes
                0x00000000000003ce       0x39 Middlewares/FreeRTOS/port.o
 .ARM.attributes
                0x0000000000000407       0x39 Middlewares/FreeRTOS/queue.o
 .ARM.attributes
                0x0000000000000440       0x39 Middlewares/FreeRTOS/tasks.o
 .ARM.attributes
                0x0000000000000479       0x39 Middlewares/FreeRTOS/timers.o
 .ARM.attributes
                0x00000000000004b2       0x34 c:/st/stm32cubeide_1.3.0/stm32cubeide/plugins/com.st.stm32cube.ide.mcu.externaltools.gnu-tools-for-stm32.7-2018-q2-update.win32_1.0.0.201904181610/tools/bin/../lib/gcc/arm-none-eabi/7.3.1/../../../../arm-none-eabi/lib/thumb/v7e-m/fpv4-sp/hard\libc_nano.a(lib_a-init.o)
 .ARM.attributes
                0x00000000000004e6       0x34 c:/st/stm32cubeide_1.3.0/stm32cubeide/plugins/com.st.stm32cube.ide.mcu.externaltools.gnu-tools-for-stm32.7-2018-q2-update.win32_1.0.0.201904181610/tools/bin/../lib/gcc/arm-none-eabi/7.3.1/../../../../arm-none-eabi/lib/thumb/v7e-m/fpv4-sp/hard\libc_nano.a(lib_a-memcpy-stub.o)
 .ARM.attributes
                0x000000000000051a       0x34 c:/st/stm32cubeide_1.3.0/stm32cubeide/plugins/com.st.stm32cube.ide.mcu.externaltools.gnu-tools-for-stm32.7-2018-q2-update.win32_1.0.0.201904181610/tools/bin/../lib/gcc/arm-none-eabi/7.3.1/../../../../arm-none-eabi/lib/thumb/v7e-m/fpv4-sp/hard\libc_nano.a(lib_a-memset.o)
 .ARM.attributes
                0x000000000000054e       0x22 c:/st/stm32cubeide_1.3.0/stm32cubeide/plugins/com.st.stm32cube.ide.mcu.externaltools.gnu-tools-for-stm32.7-2018-q2-update.win32_1.0.0.201904181610/tools/bin/../lib/gcc/arm-none-eabi/7.3.1/thumb/v7e-m/fpv4-sp/hard\libgcc.a(_aeabi_uldivmod.o)
 .ARM.attributes
                0x0000000000000570       0x34 c:/st/stm32cubeide_1.3.0/stm32cubeide/plugins/com.st.stm32cube.ide.mcu.externaltools.gnu-tools-for-stm32.7-2018-q2-update.win32_1.0.0.201904181610/tools/bin/../lib/gcc/arm-none-eabi/7.3.1/thumb/v7e-m/fpv4-sp/hard\libgcc.a(_udivmoddi4.o)
 .ARM.attributes
                0x00000000000005a4       0x22 c:/st/stm32cubeide_1.3.0/stm32cubeide/plugins/com.st.stm32cube.ide.mcu.externaltools.gnu-tools-for-stm32.7-2018-q2-update.win32_1.0.0.201904181610/tools/bin/../lib/gcc/arm-none-eabi/7.3.1/thumb/v7e-m/fpv4-sp/hard\libgcc.a(_dvmd_tls.o)
 .ARM.attributes
                0x00000000000005c6       0x22 c:/st/stm32cubeide_1.3.0/stm32cubeide/plugins/com.st.stm32cube.ide.mcu.externaltools.gnu-tools-for-stm32.7-2018-q2-update.win32_1.0.0.201904181610/tools/bin/../lib/gcc/arm-none-eabi/7.3.1/thumb/v7e-m/fpv4-sp/hard/crtn.o
OUTPUT(nucleo-f401re-freertos-drone.elf elf32-littlearm)

.debug_info     0x0000000000000000    0x165f6
 .debug_info    0x0000000000000000     0x103f Core/Src/main.o
 .debug_info    0x000000000000103f      0xaf1 Core/Src/stm32f4xx_hal_msp.o
 .debug_info    0x0000000000001b30      0xab9 Core/Src/stm32f4xx_hal_timebase_tim.o
 .debug_info    0x00000000000025e9      0x6b7 Core/Src/stm32f4xx_it.o
 .debug_info    0x0000000000002ca0      0x57e Core/Src/system_stm32f4xx.o
 .debug_info    0x000000000000321e       0x22 Core/Startup/startup_stm32f401retx.o
 .debug_info    0x0000000000003240      0x8ce Drivers/STM32F4xx_HAL_Driver/stm32f4xx_hal.o
 .debug_info    0x0000000000003b0e      0xd92 Drivers/STM32F4xx_HAL_Driver/stm32f4xx_hal_cortex.o
 .debug_info    0x00000000000048a0      0x7d7 Drivers/STM32F4xx_HAL_Driver/stm32f4xx_hal_gpio.o
 .debug_info    0x0000000000005077      0x929 Drivers/STM32F4xx_HAL_Driver/stm32f4xx_hal_rcc.o
 .debug_info    0x00000000000059a0     0x24a1 Drivers/STM32F4xx_HAL_Driver/stm32f4xx_hal_tim.o
 .debug_info    0x0000000000007e41     0x114f Drivers/STM32F4xx_HAL_Driver/stm32f4xx_hal_tim_ex.o
 .debug_info    0x0000000000008f90     0x1244 Drivers/STM32F4xx_HAL_Driver/stm32f4xx_hal_uart.o
 .debug_info    0x000000000000a1d4     0x401f Middlewares/FreeRTOS/cmsis_os2.o
 .debug_info    0x000000000000e1f3      0xbea Middlewares/FreeRTOS/heap_4.o
 .debug_info    0x000000000000eddd      0xacb Middlewares/FreeRTOS/list.o
 .debug_info    0x000000000000f8a8      0x533 Middlewares/FreeRTOS/port.o
 .debug_info    0x000000000000fddb     0x239c Middlewares/FreeRTOS/queue.o
 .debug_info    0x0000000000012177     0x29c5 Middlewares/FreeRTOS/tasks.o
 .debug_info    0x0000000000014b3c     0x1aba Middlewares/FreeRTOS/timers.o

.debug_abbrev   0x0000000000000000     0x2b5d
 .debug_abbrev  0x0000000000000000      0x222 Core/Src/main.o
 .debug_abbrev  0x0000000000000222      0x195 Core/Src/stm32f4xx_hal_msp.o
 .debug_abbrev  0x00000000000003b7      0x1ac Core/Src/stm32f4xx_hal_timebase_tim.o
 .debug_abbrev  0x0000000000000563      0x169 Core/Src/stm32f4xx_it.o
 .debug_abbrev  0x00000000000006cc      0x12b Core/Src/system_stm32f4xx.o
 .debug_abbrev  0x00000000000007f7       0x12 Core/Startup/startup_stm32f401retx.o
 .debug_abbrev  0x0000000000000809      0x1f2 Drivers/STM32F4xx_HAL_Driver/stm32f4xx_hal.o
 .debug_abbrev  0x00000000000009fb      0x2fa Drivers/STM32F4xx_HAL_Driver/stm32f4xx_hal_cortex.o
 .debug_abbrev  0x0000000000000cf5      0x1c9 Drivers/STM32F4xx_HAL_Driver/stm32f4xx_hal_gpio.o
 .debug_abbrev  0x0000000000000ebe      0x245 Drivers/STM32F4xx_HAL_Driver/stm32f4xx_hal_rcc.o
 .debug_abbrev  0x0000000000001103      0x23f Drivers/STM32F4xx_HAL_Driver/stm32f4xx_hal_tim.o
 .debug_abbrev  0x0000000000001342      0x22d Drivers/STM32F4xx_HAL_Driver/stm32f4xx_hal_tim_ex.o
 .debug_abbrev  0x000000000000156f      0x251 Drivers/STM32F4xx_HAL_Driver/stm32f4xx_hal_uart.o
 .debug_abbrev  0x00000000000017c0      0x3c3 Middlewares/FreeRTOS/cmsis_os2.o
 .debug_abbrev  0x0000000000001b83      0x29e Middlewares/FreeRTOS/heap_4.o
 .debug_abbrev  0x0000000000001e21      0x1cf Middlewares/FreeRTOS/list.o
 .debug_abbrev  0x0000000000001ff0      0x210 Middlewares/FreeRTOS/port.o
 .debug_abbrev  0x0000000000002200      0x336 Middlewares/FreeRTOS/queue.o
 .debug_abbrev  0x0000000000002536      0x350 Middlewares/FreeRTOS/tasks.o
 .debug_abbrev  0x0000000000002886      0x2d7 Middlewares/FreeRTOS/timers.o

.debug_aranges  0x0000000000000000     0x1270
 .debug_aranges
                0x0000000000000000       0x50 Core/Src/main.o
 .debug_aranges
                0x0000000000000050       0x30 Core/Src/stm32f4xx_hal_msp.o
 .debug_aranges
                0x0000000000000080       0x30 Core/Src/stm32f4xx_hal_timebase_tim.o
 .debug_aranges
                0x00000000000000b0       0x50 Core/Src/stm32f4xx_it.o
 .debug_aranges
                0x0000000000000100       0x28 Core/Src/system_stm32f4xx.o
 .debug_aranges
                0x0000000000000128       0x28 Core/Startup/startup_stm32f401retx.o
 .debug_aranges
                0x0000000000000150       0xf0 Drivers/STM32F4xx_HAL_Driver/stm32f4xx_hal.o
 .debug_aranges
                0x0000000000000240      0x118 Drivers/STM32F4xx_HAL_Driver/stm32f4xx_hal_cortex.o
 .debug_aranges
                0x0000000000000358       0x58 Drivers/STM32F4xx_HAL_Driver/stm32f4xx_hal_gpio.o
 .debug_aranges
                0x00000000000003b0       0x88 Drivers/STM32F4xx_HAL_Driver/stm32f4xx_hal_rcc.o
 .debug_aranges
                0x0000000000000438      0x3a8 Drivers/STM32F4xx_HAL_Driver/stm32f4xx_hal_tim.o
 .debug_aranges
                0x00000000000007e0      0x150 Drivers/STM32F4xx_HAL_Driver/stm32f4xx_hal_tim_ex.o
 .debug_aranges
                0x0000000000000930      0x1d0 Drivers/STM32F4xx_HAL_Driver/stm32f4xx_hal_uart.o
 .debug_aranges
                0x0000000000000b00      0x228 Middlewares/FreeRTOS/cmsis_os2.o
 .debug_aranges
                0x0000000000000d28       0x50 Middlewares/FreeRTOS/heap_4.o
 .debug_aranges
                0x0000000000000d78       0x40 Middlewares/FreeRTOS/list.o
 .debug_aranges
                0x0000000000000db8       0x80 Middlewares/FreeRTOS/port.o
 .debug_aranges
                0x0000000000000e38      0x158 Middlewares/FreeRTOS/queue.o
 .debug_aranges
                0x0000000000000f90      0x1f8 Middlewares/FreeRTOS/tasks.o
 .debug_aranges
                0x0000000000001188       0xe8 Middlewares/FreeRTOS/timers.o

.debug_ranges   0x0000000000000000     0x1138
 .debug_ranges  0x0000000000000000       0x40 Core/Src/main.o
 .debug_ranges  0x0000000000000040       0x20 Core/Src/stm32f4xx_hal_msp.o
 .debug_ranges  0x0000000000000060       0x20 Core/Src/stm32f4xx_hal_timebase_tim.o
 .debug_ranges  0x0000000000000080       0x40 Core/Src/stm32f4xx_it.o
 .debug_ranges  0x00000000000000c0       0x18 Core/Src/system_stm32f4xx.o
 .debug_ranges  0x00000000000000d8       0x20 Core/Startup/startup_stm32f401retx.o
 .debug_ranges  0x00000000000000f8       0xe0 Drivers/STM32F4xx_HAL_Driver/stm32f4xx_hal.o
 .debug_ranges  0x00000000000001d8      0x108 Drivers/STM32F4xx_HAL_Driver/stm32f4xx_hal_cortex.o
 .debug_ranges  0x00000000000002e0       0x48 Drivers/STM32F4xx_HAL_Driver/stm32f4xx_hal_gpio.o
 .debug_ranges  0x0000000000000328       0x78 Drivers/STM32F4xx_HAL_Driver/stm32f4xx_hal_rcc.o
 .debug_ranges  0x00000000000003a0      0x398 Drivers/STM32F4xx_HAL_Driver/stm32f4xx_hal_tim.o
 .debug_ranges  0x0000000000000738      0x140 Drivers/STM32F4xx_HAL_Driver/stm32f4xx_hal_tim_ex.o
 .debug_ranges  0x0000000000000878      0x1c0 Drivers/STM32F4xx_HAL_Driver/stm32f4xx_hal_uart.o
 .debug_ranges  0x0000000000000a38      0x218 Middlewares/FreeRTOS/cmsis_os2.o
 .debug_ranges  0x0000000000000c50       0x40 Middlewares/FreeRTOS/heap_4.o
 .debug_ranges  0x0000000000000c90       0x30 Middlewares/FreeRTOS/list.o
 .debug_ranges  0x0000000000000cc0       0x70 Middlewares/FreeRTOS/port.o
 .debug_ranges  0x0000000000000d30      0x148 Middlewares/FreeRTOS/queue.o
 .debug_ranges  0x0000000000000e78      0x1e8 Middlewares/FreeRTOS/tasks.o
 .debug_ranges  0x0000000000001060       0xd8 Middlewares/FreeRTOS/timers.o

.debug_macro    0x0000000000000000     0x2bcb
 .debug_macro   0x0000000000000000      0x26d Core/Src/main.o
 .debug_macro   0x000000000000026d      0x137 Core/Src/main.o
 .debug_macro   0x00000000000003a4       0x66 Core/Src/main.o
 .debug_macro   0x000000000000040a       0x74 Core/Src/main.o
 .debug_macro   0x000000000000047e       0xdd Core/Src/main.o
 .debug_macro   0x000000000000055b      0x1dd Core/Src/stm32f4xx_hal_msp.o
 .debug_macro   0x0000000000000738      0x1ce Core/Src/stm32f4xx_hal_timebase_tim.o
 .debug_macro   0x0000000000000906      0x24f Core/Src/stm32f4xx_it.o
 .debug_macro   0x0000000000000b55      0x1d4 Core/Src/system_stm32f4xx.o
 .debug_macro   0x0000000000000d29      0x22e Drivers/STM32F4xx_HAL_Driver/stm32f4xx_hal.o
 .debug_macro   0x0000000000000f57      0x1ce Drivers/STM32F4xx_HAL_Driver/stm32f4xx_hal_cortex.o
 .debug_macro   0x0000000000001125      0x204 Drivers/STM32F4xx_HAL_Driver/stm32f4xx_hal_gpio.o
 .debug_macro   0x0000000000001329      0x1f2 Drivers/STM32F4xx_HAL_Driver/stm32f4xx_hal_rcc.o
 .debug_macro   0x000000000000151b      0x1cf Drivers/STM32F4xx_HAL_Driver/stm32f4xx_hal_tim.o
 .debug_macro   0x00000000000016ea      0x1ce Drivers/STM32F4xx_HAL_Driver/stm32f4xx_hal_tim_ex.o
 .debug_macro   0x00000000000018b8      0x1cf Drivers/STM32F4xx_HAL_Driver/stm32f4xx_hal_uart.o
 .debug_macro   0x0000000000001a87      0x23a Middlewares/FreeRTOS/cmsis_os2.o
 .debug_macro   0x0000000000001cc1       0x10 Middlewares/FreeRTOS/cmsis_os2.o
 .debug_macro   0x0000000000001cd1       0x20 Middlewares/FreeRTOS/cmsis_os2.o
 .debug_macro   0x0000000000001cf1       0x10 Middlewares/FreeRTOS/cmsis_os2.o
 .debug_macro   0x0000000000001d01       0xd3 Middlewares/FreeRTOS/cmsis_os2.o
 .debug_macro   0x0000000000001dd4       0x91 Middlewares/FreeRTOS/cmsis_os2.o
 .debug_macro   0x0000000000001e65       0x8d Middlewares/FreeRTOS/cmsis_os2.o
 .debug_macro   0x0000000000001ef2       0x9a Middlewares/FreeRTOS/cmsis_os2.o
 .debug_macro   0x0000000000001f8c      0x1a1 Middlewares/FreeRTOS/heap_4.o
 .debug_macro   0x000000000000212d      0x17a Middlewares/FreeRTOS/list.o
 .debug_macro   0x00000000000022a7      0x196 Middlewares/FreeRTOS/port.o
 .debug_macro   0x000000000000243d      0x209 Middlewares/FreeRTOS/queue.o
 .debug_macro   0x0000000000002646       0x16 Middlewares/FreeRTOS/queue.o
 .debug_macro   0x000000000000265c       0x87 Middlewares/FreeRTOS/queue.o
 .debug_macro   0x00000000000026e3      0x272 Middlewares/FreeRTOS/tasks.o
 .debug_macro   0x0000000000002955       0x10 Middlewares/FreeRTOS/tasks.o
 .debug_macro   0x0000000000002965      0x1cf Middlewares/FreeRTOS/timers.o
 .debug_macro   0x0000000000002b34       0x97 Middlewares/FreeRTOS/timers.o

.debug_line     0x0000000000000000     0xf2be
 .debug_line    0x0000000000000000      0xa4e Core/Src/main.o
 .debug_line    0x0000000000000a4e      0x7d5 Core/Src/stm32f4xx_hal_msp.o
 .debug_line    0x0000000000001223      0x7d9 Core/Src/stm32f4xx_hal_timebase_tim.o
 .debug_line    0x00000000000019fc      0x99c Core/Src/stm32f4xx_it.o
 .debug_line    0x0000000000002398      0x7c0 Core/Src/system_stm32f4xx.o
 .debug_line    0x0000000000002b58       0x85 Core/Startup/startup_stm32f401retx.o
 .debug_line    0x0000000000002bdd      0x9e3 Drivers/STM32F4xx_HAL_Driver/stm32f4xx_hal.o
 .debug_line    0x00000000000035c0      0xb07 Drivers/STM32F4xx_HAL_Driver/stm32f4xx_hal_cortex.o
 .debug_line    0x00000000000040c7      0x986 Drivers/STM32F4xx_HAL_Driver/stm32f4xx_hal_gpio.o
 .debug_line    0x0000000000004a4d      0xa3b Drivers/STM32F4xx_HAL_Driver/stm32f4xx_hal_rcc.o
 .debug_line    0x0000000000005488     0x18a0 Drivers/STM32F4xx_HAL_Driver/stm32f4xx_hal_tim.o
 .debug_line    0x0000000000006d28      0xdee Drivers/STM32F4xx_HAL_Driver/stm32f4xx_hal_tim_ex.o
 .debug_line    0x0000000000007b16     0x10f1 Drivers/STM32F4xx_HAL_Driver/stm32f4xx_hal_uart.o
 .debug_line    0x0000000000008c07     0x1f04 Middlewares/FreeRTOS/cmsis_os2.o
 .debug_line    0x000000000000ab0b      0x7fd Middlewares/FreeRTOS/heap_4.o
 .debug_line    0x000000000000b308      0x717 Middlewares/FreeRTOS/list.o
 .debug_line    0x000000000000ba1f      0x715 Middlewares/FreeRTOS/port.o
 .debug_line    0x000000000000c134     0x11ac Middlewares/FreeRTOS/queue.o
 .debug_line    0x000000000000d2e0     0x14b4 Middlewares/FreeRTOS/tasks.o
 .debug_line    0x000000000000e794      0xb2a Middlewares/FreeRTOS/timers.o

.debug_str      0x0000000000000000    0x94bfb
 .debug_str     0x0000000000000000    0x89850 Core/Src/main.o
                                      0x89b9e (size before relaxing)
 .debug_str     0x0000000000089850      0x3d8 Core/Src/stm32f4xx_hal_msp.o
                                      0x84f47 (size before relaxing)
 .debug_str     0x0000000000089c28       0xab Core/Src/stm32f4xx_hal_timebase_tim.o
                                      0x84e8f (size before relaxing)
 .debug_str     0x0000000000089cd3       0xb0 Core/Src/stm32f4xx_it.o
                                      0x886fc (size before relaxing)
 .debug_str     0x0000000000089d83       0xc4 Core/Src/system_stm32f4xx.o
                                      0x8467a (size before relaxing)
 .debug_str     0x0000000000089e47       0x36 Core/Startup/startup_stm32f401retx.o
                                         0x88 (size before relaxing)
 .debug_str     0x0000000000089e7d      0x57b Drivers/STM32F4xx_HAL_Driver/stm32f4xx_hal.o
                                      0x8501e (size before relaxing)
 .debug_str     0x000000000008a3f8      0x3c2 Drivers/STM32F4xx_HAL_Driver/stm32f4xx_hal_cortex.o
                                      0x84dfb (size before relaxing)
 .debug_str     0x000000000008a7ba      0x245 Drivers/STM32F4xx_HAL_Driver/stm32f4xx_hal_gpio.o
                                      0x848f2 (size before relaxing)
 .debug_str     0x000000000008a9ff      0x288 Drivers/STM32F4xx_HAL_Driver/stm32f4xx_hal_rcc.o
                                      0x84aa0 (size before relaxing)
 .debug_str     0x000000000008ac87      0xda8 Drivers/STM32F4xx_HAL_Driver/stm32f4xx_hal_tim.o
                                      0x857ad (size before relaxing)
 .debug_str     0x000000000008ba2f      0x525 Drivers/STM32F4xx_HAL_Driver/stm32f4xx_hal_tim_ex.o
                                      0x84fad (size before relaxing)
 .debug_str     0x000000000008bf54      0x54f Drivers/STM32F4xx_HAL_Driver/stm32f4xx_hal_uart.o
                                      0x84eed (size before relaxing)
 .debug_str     0x000000000008c4a3     0x57f3 Middlewares/FreeRTOS/cmsis_os2.o
                                       0xe3a4 (size before relaxing)
 .debug_str     0x0000000000091c96      0x3e5 Middlewares/FreeRTOS/heap_4.o
                                       0xaeb8 (size before relaxing)
 .debug_str     0x000000000009207b      0x15b Middlewares/FreeRTOS/list.o
                                       0xa6c5 (size before relaxing)
 .debug_str     0x00000000000921d6      0x856 Middlewares/FreeRTOS/port.o
                                       0x848e (size before relaxing)
 .debug_str     0x0000000000092a2c      0x90c Middlewares/FreeRTOS/queue.o
                                       0xc024 (size before relaxing)
 .debug_str     0x0000000000093338     0x1288 Middlewares/FreeRTOS/tasks.o
                                       0xcb5b (size before relaxing)
 .debug_str     0x00000000000945c0      0x63b Middlewares/FreeRTOS/timers.o
                                       0xc5a1 (size before relaxing)

.comment        0x0000000000000000       0x7b
 .comment       0x0000000000000000       0x7b Core/Src/main.o
                                         0x7c (size before relaxing)
 .comment       0x000000000000007b       0x7c Core/Src/stm32f4xx_hal_msp.o
 .comment       0x000000000000007b       0x7c Core/Src/stm32f4xx_hal_timebase_tim.o
 .comment       0x000000000000007b       0x7c Core/Src/stm32f4xx_it.o
 .comment       0x000000000000007b       0x7c Core/Src/system_stm32f4xx.o
 .comment       0x000000000000007b       0x7c Drivers/STM32F4xx_HAL_Driver/stm32f4xx_hal.o
 .comment       0x000000000000007b       0x7c Drivers/STM32F4xx_HAL_Driver/stm32f4xx_hal_cortex.o
 .comment       0x000000000000007b       0x7c Drivers/STM32F4xx_HAL_Driver/stm32f4xx_hal_gpio.o
 .comment       0x000000000000007b       0x7c Drivers/STM32F4xx_HAL_Driver/stm32f4xx_hal_rcc.o
 .comment       0x000000000000007b       0x7c Drivers/STM32F4xx_HAL_Driver/stm32f4xx_hal_tim.o
 .comment       0x000000000000007b       0x7c Drivers/STM32F4xx_HAL_Driver/stm32f4xx_hal_tim_ex.o
 .comment       0x000000000000007b       0x7c Drivers/STM32F4xx_HAL_Driver/stm32f4xx_hal_uart.o
 .comment       0x000000000000007b       0x7c Middlewares/FreeRTOS/cmsis_os2.o
 .comment       0x000000000000007b       0x7c Middlewares/FreeRTOS/heap_4.o
 .comment       0x000000000000007b       0x7c Middlewares/FreeRTOS/list.o
 .comment       0x000000000000007b       0x7c Middlewares/FreeRTOS/port.o
 .comment       0x000000000000007b       0x7c Middlewares/FreeRTOS/queue.o
 .comment       0x000000000000007b       0x7c Middlewares/FreeRTOS/tasks.o
 .comment       0x000000000000007b       0x7c Middlewares/FreeRTOS/timers.o

.debug_frame    0x0000000000000000     0x4d80
 .debug_frame   0x0000000000000000       0xf4 Core/Src/main.o
 .debug_frame   0x00000000000000f4       0x7c Core/Src/stm32f4xx_hal_msp.o
 .debug_frame   0x0000000000000170       0x74 Core/Src/stm32f4xx_hal_timebase_tim.o
 .debug_frame   0x00000000000001e4       0xcc Core/Src/stm32f4xx_it.o
 .debug_frame   0x00000000000002b0       0x58 Core/Src/system_stm32f4xx.o
 .debug_frame   0x0000000000000308      0x374 Drivers/STM32F4xx_HAL_Driver/stm32f4xx_hal.o
 .debug_frame   0x000000000000067c      0x498 Drivers/STM32F4xx_HAL_Driver/stm32f4xx_hal_cortex.o
 .debug_frame   0x0000000000000b14      0x14c Drivers/STM32F4xx_HAL_Driver/stm32f4xx_hal_gpio.o
 .debug_frame   0x0000000000000c60      0x1f0 Drivers/STM32F4xx_HAL_Driver/stm32f4xx_hal_rcc.o
 .debug_frame   0x0000000000000e50     0x10e8 Drivers/STM32F4xx_HAL_Driver/stm32f4xx_hal_tim.o
 .debug_frame   0x0000000000001f38      0x5c0 Drivers/STM32F4xx_HAL_Driver/stm32f4xx_hal_tim_ex.o
 .debug_frame   0x00000000000024f8      0x844 Drivers/STM32F4xx_HAL_Driver/stm32f4xx_hal_uart.o
 .debug_frame   0x0000000000002d3c      0x978 Middlewares/FreeRTOS/cmsis_os2.o
 .debug_frame   0x00000000000036b4      0x108 Middlewares/FreeRTOS/heap_4.o
 .debug_frame   0x00000000000037bc       0xd8 Middlewares/FreeRTOS/list.o
 .debug_frame   0x0000000000003894      0x1a8 Middlewares/FreeRTOS/port.o
 .debug_frame   0x0000000000003a3c      0x5ec Middlewares/FreeRTOS/queue.o
 .debug_frame   0x0000000000004028      0x8a8 Middlewares/FreeRTOS/tasks.o
 .debug_frame   0x00000000000048d0      0x3dc Middlewares/FreeRTOS/timers.o
 .debug_frame   0x0000000000004cac       0x2c c:/st/stm32cubeide_1.3.0/stm32cubeide/plugins/com.st.stm32cube.ide.mcu.externaltools.gnu-tools-for-stm32.7-2018-q2-update.win32_1.0.0.201904181610/tools/bin/../lib/gcc/arm-none-eabi/7.3.1/../../../../arm-none-eabi/lib/thumb/v7e-m/fpv4-sp/hard\libc_nano.a(lib_a-init.o)
 .debug_frame   0x0000000000004cd8       0x28 c:/st/stm32cubeide_1.3.0/stm32cubeide/plugins/com.st.stm32cube.ide.mcu.externaltools.gnu-tools-for-stm32.7-2018-q2-update.win32_1.0.0.201904181610/tools/bin/../lib/gcc/arm-none-eabi/7.3.1/../../../../arm-none-eabi/lib/thumb/v7e-m/fpv4-sp/hard\libc_nano.a(lib_a-memcpy-stub.o)
 .debug_frame   0x0000000000004d00       0x20 c:/st/stm32cubeide_1.3.0/stm32cubeide/plugins/com.st.stm32cube.ide.mcu.externaltools.gnu-tools-for-stm32.7-2018-q2-update.win32_1.0.0.201904181610/tools/bin/../lib/gcc/arm-none-eabi/7.3.1/../../../../arm-none-eabi/lib/thumb/v7e-m/fpv4-sp/hard\libc_nano.a(lib_a-memset.o)
 .debug_frame   0x0000000000004d20       0x2c c:/st/stm32cubeide_1.3.0/stm32cubeide/plugins/com.st.stm32cube.ide.mcu.externaltools.gnu-tools-for-stm32.7-2018-q2-update.win32_1.0.0.201904181610/tools/bin/../lib/gcc/arm-none-eabi/7.3.1/thumb/v7e-m/fpv4-sp/hard\libgcc.a(_aeabi_uldivmod.o)
 .debug_frame   0x0000000000004d4c       0x34 c:/st/stm32cubeide_1.3.0/stm32cubeide/plugins/com.st.stm32cube.ide.mcu.externaltools.gnu-tools-for-stm32.7-2018-q2-update.win32_1.0.0.201904181610/tools/bin/../lib/gcc/arm-none-eabi/7.3.1/thumb/v7e-m/fpv4-sp/hard\libgcc.a(_udivmoddi4.o)
