19:32:25 **** Build of configuration Debug for project nucleo-f401re-freertos-drone ****
make -j8 all 
arm-none-eabi-gcc "C:/Users/KSuma/STM32Cube/Repository/STM32Cube_FW_F4_V1.25.1/Middlewares/Third_Party/FreeRTOS/Source/CMSIS_RTOS_V2/cmsis_os2.c" -mcpu=cortex-m4 -std=gnu11 -g3 -DUSE_HAL_DRIVER -DSTM32F401xE -DDEBUG -c -IC:/Users/KSuma/STM32Cube/Repository/STM32Cube_FW_F4_V1.25.1/Middlewares/Third_Party/FreeRTOS/Source/portable/GCC/ARM_CM4F -IC:/Users/KSuma/STM32Cube/Repository/STM32Cube_FW_F4_V1.25.1/Drivers/CMSIS/Device/ST/STM32F4xx/Include -IC:/Users/KSuma/STM32Cube/Repository/STM32Cube_FW_F4_V1.25.1/Drivers/CMSIS/Include -IC:/Users/KSuma/STM32Cube/Repository/STM32Cube_FW_F4_V1.25.1/Drivers/STM32F4xx_HAL_Driver/Inc -I../Core/Inc -IC:/Users/KSuma/STM32Cube/Repository/STM32Cube_FW_F4_V1.25.1/Middlewares/Third_Party/FreeRTOS/Source/include -IC:/Users/KSuma/STM32Cube/Repository/STM32Cube_FW_F4_V1.25.1/Drivers/STM32F4xx_HAL_Driver/Inc/Legacy -IC:/Users/KSuma/STM32Cube/Repository/STM32Cube_FW_F4_V1.25.1/Middlewares/Third_Party/FreeRTOS/Source/CMSIS_RTOS_V2 -O0 -ffunction-sections -fdata-sections -Wall -fstack-usage -MMD -MP -MF"Middlewares/FreeRTOS/cmsis_os2.d" -MT"Middlewares/FreeRTOS/cmsis_os2.o" --specs=nano.specs -mfpu=fpv4-sp-d16 -mfloat-abi=hard -mthumb -o "Middlewares/FreeRTOS/cmsis_os2.o"
arm-none-eabi-gcc "C:/Users/KSuma/STM32Cube/Repository/STM32Cube_FW_F4_V1.25.1/Middlewares/Third_Party/FreeRTOS/Source/croutine.c" -mcpu=cortex-m4 -std=gnu11 -g3 -DUSE_HAL_DRIVER -DSTM32F401xE -DDEBUG -c -IC:/Users/KSuma/STM32Cube/Repository/STM32Cube_FW_F4_V1.25.1/Middlewares/Third_Party/FreeRTOS/Source/portable/GCC/ARM_CM4F -IC:/Users/KSuma/STM32Cube/Repository/STM32Cube_FW_F4_V1.25.1/Drivers/CMSIS/Device/ST/STM32F4xx/Include -IC:/Users/KSuma/STM32Cube/Repository/STM32Cube_FW_F4_V1.25.1/Drivers/CMSIS/Include -IC:/Users/KSuma/STM32Cube/Repository/STM32Cube_FW_F4_V1.25.1/Drivers/STM32F4xx_HAL_Driver/Inc -I../Core/Inc -IC:/Users/KSuma/STM32Cube/Repository/STM32Cube_FW_F4_V1.25.1/Middlewares/Third_Party/FreeRTOS/Source/include -IC:/Users/KSuma/STM32Cube/Repository/STM32Cube_FW_F4_V1.25.1/Drivers/STM32F4xx_HAL_Driver/Inc/Legacy -IC:/Users/KSuma/STM32Cube/Repository/STM32Cube_FW_F4_V1.25.1/Middlewares/Third_Party/FreeRTOS/Source/CMSIS_RTOS_V2 -O0 -ffunction-sections -fdata-sections -Wall -fstack-usage -MMD -MP -MF"Middlewares/FreeRTOS/croutine.d" -MT"Middlewares/FreeRTOS/croutine.o" --specs=nano.specs -mfpu=fpv4-sp-d16 -mfloat-abi=hard -mthumb -o "Middlewares/FreeRTOS/croutine.o"
arm-none-eabi-gcc "C:/Users/KSuma/STM32Cube/Repository/STM32Cube_FW_F4_V1.25.1/Middlewares/Third_Party/FreeRTOS/Source/event_groups.c" -mcpu=cortex-m4 -std=gnu11 -g3 -DUSE_HAL_DRIVER -DSTM32F401xE -DDEBUG -c -IC:/Users/KSuma/STM32Cube/Repository/STM32Cube_FW_F4_V1.25.1/Middlewares/Third_Party/FreeRTOS/Source/portable/GCC/ARM_CM4F -IC:/Users/KSuma/STM32Cube/Repository/STM32Cube_FW_F4_V1.25.1/Drivers/CMSIS/Device/ST/STM32F4xx/Include -IC:/Users/KSuma/STM32Cube/Repository/STM32Cube_FW_F4_V1.25.1/Drivers/CMSIS/Include -IC:/Users/KSuma/STM32Cube/Repository/STM32Cube_FW_F4_V1.25.1/Drivers/STM32F4xx_HAL_Driver/Inc -I../Core/Inc -IC:/Users/KSuma/STM32Cube/Repository/STM32Cube_FW_F4_V1.25.1/Middlewares/Third_Party/FreeRTOS/Source/include -IC:/Users/KSuma/STM32Cube/Repository/STM32Cube_FW_F4_V1.25.1/Drivers/STM32F4xx_HAL_Driver/Inc/Legacy -IC:/Users/KSuma/STM32Cube/Repository/STM32Cube_FW_F4_V1.25.1/Middlewares/Third_Party/FreeRTOS/Source/CMSIS_RTOS_V2 -O0 -ffunction-sections -fdata-sections -Wall -fstack-usage -MMD -MP -MF"Middlewares/FreeRTOS/event_groups.d" -MT"Middlewares/FreeRTOS/event_groups.o" --specs=nano.specs -mfpu=fpv4-sp-d16 -mfloat-abi=hard -mthumb -o "Middlewares/FreeRTOS/event_groups.o"
arm-none-eabi-gcc "C:/Users/KSuma/STM32Cube/Repository/STM32Cube_FW_F4_V1.25.1/Middlewares/Third_Party/FreeRTOS/Source/portable/MemMang/heap_4.c" -mcpu=cortex-m4 -std=gnu11 -g3 -DUSE_HAL_DRIVER -DSTM32F401xE -DDEBUG -c -IC:/Users/KSuma/STM32Cube/Repository/STM32Cube_FW_F4_V1.25.1/Middlewares/Third_Party/FreeRTOS/Source/portable/GCC/ARM_CM4F -IC:/Users/KSuma/STM32Cube/Repository/STM32Cube_FW_F4_V1.25.1/Drivers/CMSIS/Device/ST/STM32F4xx/Include -IC:/Users/KSuma/STM32Cube/Repository/STM32Cube_FW_F4_V1.25.1/Drivers/CMSIS/Include -IC:/Users/KSuma/STM32Cube/Repository/STM32Cube_FW_F4_V1.25.1/Drivers/STM32F4xx_HAL_Driver/Inc -I../Core/Inc -IC:/Users/KSuma/STM32Cube/Repository/STM32Cube_FW_F4_V1.25.1/Middlewares/Third_Party/FreeRTOS/Source/include -IC:/Users/KSuma/STM32Cube/Repository/STM32Cube_FW_F4_V1.25.1/Drivers/STM32F4xx_HAL_Driver/Inc/Legacy -IC:/Users/KSuma/STM32Cube/Repository/STM32Cube_FW_F4_V1.25.1/Middlewares/Third_Party/FreeRTOS/Source/CMSIS_RTOS_V2 -O0 -ffunction-sections -fdata-sections -Wall -fstack-usage -MMD -MP -MF"Middlewares/FreeRTOS/heap_4.d" -MT"Middlewares/FreeRTOS/heap_4.o" --specs=nano.specs -mfpu=fpv4-sp-d16 -mfloat-abi=hard -mthumb -o "Middlewares/FreeRTOS/heap_4.o"
arm-none-eabi-gcc "C:/Users/KSuma/STM32Cube/Repository/STM32Cube_FW_F4_V1.25.1/Middlewares/Third_Party/FreeRTOS/Source/list.c" -mcpu=cortex-m4 -std=gnu11 -g3 -DUSE_HAL_DRIVER -DSTM32F401xE -DDEBUG -c -IC:/Users/KSuma/STM32Cube/Repository/STM32Cube_FW_F4_V1.25.1/Middlewares/Third_Party/FreeRTOS/Source/portable/GCC/ARM_CM4F -IC:/Users/KSuma/STM32Cube/Repository/STM32Cube_FW_F4_V1.25.1/Drivers/CMSIS/Device/ST/STM32F4xx/Include -IC:/Users/KSuma/STM32Cube/Repository/STM32Cube_FW_F4_V1.25.1/Drivers/CMSIS/Include -IC:/Users/KSuma/STM32Cube/Repository/STM32Cube_FW_F4_V1.25.1/Drivers/STM32F4xx_HAL_Driver/Inc -I../Core/Inc -IC:/Users/KSuma/STM32Cube/Repository/STM32Cube_FW_F4_V1.25.1/Middlewares/Third_Party/FreeRTOS/Source/include -IC:/Users/KSuma/STM32Cube/Repository/STM32Cube_FW_F4_V1.25.1/Drivers/STM32F4xx_HAL_Driver/Inc/Legacy -IC:/Users/KSuma/STM32Cube/Repository/STM32Cube_FW_F4_V1.25.1/Middlewares/Third_Party/FreeRTOS/Source/CMSIS_RTOS_V2 -O0 -ffunction-sections -fdata-sections -Wall -fstack-usage -MMD -MP -MF"Middlewares/FreeRTOS/list.d" -MT"Middlewares/FreeRTOS/list.o" --specs=nano.specs -mfpu=fpv4-sp-d16 -mfloat-abi=hard -mthumb -o "Middlewares/FreeRTOS/list.o"
arm-none-eabi-gcc "C:/Users/KSuma/STM32Cube/Repository/STM32Cube_FW_F4_V1.25.1/Middlewares/Third_Party/FreeRTOS/Source/portable/GCC/ARM_CM4F/port.c" -mcpu=cortex-m4 -std=gnu11 -g3 -DUSE_HAL_DRIVER -DSTM32F401xE -DDEBUG -c -IC:/Users/KSuma/STM32Cube/Repository/STM32Cube_FW_F4_V1.25.1/Middlewares/Third_Party/FreeRTOS/Source/portable/GCC/ARM_CM4F -IC:/Users/KSuma/STM32Cube/Repository/STM32Cube_FW_F4_V1.25.1/Drivers/CMSIS/Device/ST/STM32F4xx/Include -IC:/Users/KSuma/STM32Cube/Repository/STM32Cube_FW_F4_V1.25.1/Drivers/CMSIS/Include -IC:/Users/KSuma/STM32Cube/Repository/STM32Cube_FW_F4_V1.25.1/Drivers/STM32F4xx_HAL_Driver/Inc -I../Core/Inc -IC:/Users/KSuma/STM32Cube/Repository/STM32Cube_FW_F4_V1.25.1/Middlewares/Third_Party/FreeRTOS/Source/include -IC:/Users/KSuma/STM32Cube/Repository/STM32Cube_FW_F4_V1.25.1/Drivers/STM32F4xx_HAL_Driver/Inc/Legacy -IC:/Users/KSuma/STM32Cube/Repository/STM32Cube_FW_F4_V1.25.1/Middlewares/Third_Party/FreeRTOS/Source/CMSIS_RTOS_V2 -O0 -ffunction-sections -fdata-sections -Wall -fstack-usage -MMD -MP -MF"Middlewares/FreeRTOS/port.d" -MT"Middlewares/FreeRTOS/port.o" --specs=nano.specs -mfpu=fpv4-sp-d16 -mfloat-abi=hard -mthumb -o "Middlewares/FreeRTOS/port.o"
arm-none-eabi-gcc "C:/Users/KSuma/STM32Cube/Repository/STM32Cube_FW_F4_V1.25.1/Middlewares/Third_Party/FreeRTOS/Source/queue.c" -mcpu=cortex-m4 -std=gnu11 -g3 -DUSE_HAL_DRIVER -DSTM32F401xE -DDEBUG -c -IC:/Users/KSuma/STM32Cube/Repository/STM32Cube_FW_F4_V1.25.1/Middlewares/Third_Party/FreeRTOS/Source/portable/GCC/ARM_CM4F -IC:/Users/KSuma/STM32Cube/Repository/STM32Cube_FW_F4_V1.25.1/Drivers/CMSIS/Device/ST/STM32F4xx/Include -IC:/Users/KSuma/STM32Cube/Repository/STM32Cube_FW_F4_V1.25.1/Drivers/CMSIS/Include -IC:/Users/KSuma/STM32Cube/Repository/STM32Cube_FW_F4_V1.25.1/Drivers/STM32F4xx_HAL_Driver/Inc -I../Core/Inc -IC:/Users/KSuma/STM32Cube/Repository/STM32Cube_FW_F4_V1.25.1/Middlewares/Third_Party/FreeRTOS/Source/include -IC:/Users/KSuma/STM32Cube/Repository/STM32Cube_FW_F4_V1.25.1/Drivers/STM32F4xx_HAL_Driver/Inc/Legacy -IC:/Users/KSuma/STM32Cube/Repository/STM32Cube_FW_F4_V1.25.1/Middlewares/Third_Party/FreeRTOS/Source/CMSIS_RTOS_V2 -O0 -ffunction-sections -fdata-sections -Wall -fstack-usage -MMD -MP -MF"Middlewares/FreeRTOS/queue.d" -MT"Middlewares/FreeRTOS/queue.o" --specs=nano.specs -mfpu=fpv4-sp-d16 -mfloat-abi=hard -mthumb -o "Middlewares/FreeRTOS/queue.o"
arm-none-eabi-gcc "C:/Users/KSuma/STM32Cube/Repository/STM32Cube_FW_F4_V1.25.1/Middlewares/Third_Party/FreeRTOS/Source/stream_buffer.c" -mcpu=cortex-m4 -std=gnu11 -g3 -DUSE_HAL_DRIVER -DSTM32F401xE -DDEBUG -c -IC:/Users/KSuma/STM32Cube/Repository/STM32Cube_FW_F4_V1.25.1/Middlewares/Third_Party/FreeRTOS/Source/portable/GCC/ARM_CM4F -IC:/Users/KSuma/STM32Cube/Repository/STM32Cube_FW_F4_V1.25.1/Drivers/CMSIS/Device/ST/STM32F4xx/Include -IC:/Users/KSuma/STM32Cube/Repository/STM32Cube_FW_F4_V1.25.1/Drivers/CMSIS/Include -IC:/Users/KSuma/STM32Cube/Repository/STM32Cube_FW_F4_V1.25.1/Drivers/STM32F4xx_HAL_Driver/Inc -I../Core/Inc -IC:/Users/KSuma/STM32Cube/Repository/STM32Cube_FW_F4_V1.25.1/Middlewares/Third_Party/FreeRTOS/Source/include -IC:/Users/KSuma/STM32Cube/Repository/STM32Cube_FW_F4_V1.25.1/Drivers/STM32F4xx_HAL_Driver/Inc/Legacy -IC:/Users/KSuma/STM32Cube/Repository/STM32Cube_FW_F4_V1.25.1/Middlewares/Third_Party/FreeRTOS/Source/CMSIS_RTOS_V2 -O0 -ffunction-sections -fdata-sections -Wall -fstack-usage -MMD -MP -MF"Middlewares/FreeRTOS/stream_buffer.d" -MT"Middlewares/FreeRTOS/stream_buffer.o" --specs=nano.specs -mfpu=fpv4-sp-d16 -mfloat-abi=hard -mthumb -o "Middlewares/FreeRTOS/stream_buffer.o"
arm-none-eabi-gcc "C:/Users/KSuma/STM32Cube/Repository/STM32Cube_FW_F4_V1.25.1/Middlewares/Third_Party/FreeRTOS/Source/tasks.c" -mcpu=cortex-m4 -std=gnu11 -g3 -DUSE_HAL_DRIVER -DSTM32F401xE -DDEBUG -c -IC:/Users/KSuma/STM32Cube/Repository/STM32Cube_FW_F4_V1.25.1/Middlewares/Third_Party/FreeRTOS/Source/portable/GCC/ARM_CM4F -IC:/Users/KSuma/STM32Cube/Repository/STM32Cube_FW_F4_V1.25.1/Drivers/CMSIS/Device/ST/STM32F4xx/Include -IC:/Users/KSuma/STM32Cube/Repository/STM32Cube_FW_F4_V1.25.1/Drivers/CMSIS/Include -IC:/Users/KSuma/STM32Cube/Repository/STM32Cube_FW_F4_V1.25.1/Drivers/STM32F4xx_HAL_Driver/Inc -I../Core/Inc -IC:/Users/KSuma/STM32Cube/Repository/STM32Cube_FW_F4_V1.25.1/Middlewares/Third_Party/FreeRTOS/Source/include -IC:/Users/KSuma/STM32Cube/Repository/STM32Cube_FW_F4_V1.25.1/Drivers/STM32F4xx_HAL_Driver/Inc/Legacy -IC:/Users/KSuma/STM32Cube/Repository/STM32Cube_FW_F4_V1.25.1/Middlewares/Third_Party/FreeRTOS/Source/CMSIS_RTOS_V2 -O0 -ffunction-sections -fdata-sections -Wall -fstack-usage -MMD -MP -MF"Middlewares/FreeRTOS/tasks.d" -MT"Middlewares/FreeRTOS/tasks.o" --specs=nano.specs -mfpu=fpv4-sp-d16 -mfloat-abi=hard -mthumb -o "Middlewares/FreeRTOS/tasks.o"
arm-none-eabi-gcc "C:/Users/KSuma/STM32Cube/Repository/STM32Cube_FW_F4_V1.25.1/Middlewares/Third_Party/FreeRTOS/Source/timers.c" -mcpu=cortex-m4 -std=gnu11 -g3 -DUSE_HAL_DRIVER -DSTM32F401xE -DDEBUG -c -IC:/Users/KSuma/STM32Cube/Repository/STM32Cube_FW_F4_V1.25.1/Middlewares/Third_Party/FreeRTOS/Source/portable/GCC/ARM_CM4F -IC:/Users/KSuma/STM32Cube/Repository/STM32Cube_FW_F4_V1.25.1/Drivers/CMSIS/Device/ST/STM32F4xx/Include -IC:/Users/KSuma/STM32Cube/Repository/STM32Cube_FW_F4_V1.25.1/Drivers/CMSIS/Include -IC:/Users/KSuma/STM32Cube/Repository/STM32Cube_FW_F4_V1.25.1/Drivers/STM32F4xx_HAL_Driver/Inc -I../Core/Inc -IC:/Users/KSuma/STM32Cube/Repository/STM32Cube_FW_F4_V1.25.1/Middlewares/Third_Party/FreeRTOS/Source/include -IC:/Users/KSuma/STM32Cube/Repository/STM32Cube_FW_F4_V1.25.1/Drivers/STM32F4xx_HAL_Driver/Inc/Legacy -IC:/Users/KSuma/STM32Cube/Repository/STM32Cube_FW_F4_V1.25.1/Middlewares/Third_Party/FreeRTOS/Source/CMSIS_RTOS_V2 -O0 -ffunction-sections -fdata-sections -Wall -fstack-usage -MMD -MP -MF"Middlewares/FreeRTOS/timers.d" -MT"Middlewares/FreeRTOS/timers.o" --specs=nano.specs -mfpu=fpv4-sp-d16 -mfloat-abi=hard -mthumb -o "Middlewares/FreeRTOS/timers.o"
arm-none-eabi-gcc "C:/Users/KSuma/STM32Cube/Repository/STM32Cube_FW_F4_V1.25.1/Drivers/STM32F4xx_HAL_Driver/Src/stm32f4xx_hal.c" -mcpu=cortex-m4 -std=gnu11 -g3 -DUSE_HAL_DRIVER -DSTM32F401xE -DDEBUG -c -IC:/Users/KSuma/STM32Cube/Repository/STM32Cube_FW_F4_V1.25.1/Middlewares/Third_Party/FreeRTOS/Source/portable/GCC/ARM_CM4F -IC:/Users/KSuma/STM32Cube/Repository/STM32Cube_FW_F4_V1.25.1/Drivers/CMSIS/Device/ST/STM32F4xx/Include -IC:/Users/KSuma/STM32Cube/Repository/STM32Cube_FW_F4_V1.25.1/Drivers/CMSIS/Include -IC:/Users/KSuma/STM32Cube/Repository/STM32Cube_FW_F4_V1.25.1/Drivers/STM32F4xx_HAL_Driver/Inc -I../Core/Inc -IC:/Users/KSuma/STM32Cube/Repository/STM32Cube_FW_F4_V1.25.1/Middlewares/Third_Party/FreeRTOS/Source/include -IC:/Users/KSuma/STM32Cube/Repository/STM32Cube_FW_F4_V1.25.1/Drivers/STM32F4xx_HAL_Driver/Inc/Legacy -IC:/Users/KSuma/STM32Cube/Repository/STM32Cube_FW_F4_V1.25.1/Middlewares/Third_Party/FreeRTOS/Source/CMSIS_RTOS_V2 -O0 -ffunction-sections -fdata-sections -Wall -fstack-usage -MMD -MP -MF"Drivers/STM32F4xx_HAL_Driver/stm32f4xx_hal.d" -MT"Drivers/STM32F4xx_HAL_Driver/stm32f4xx_hal.o" --specs=nano.specs -mfpu=fpv4-sp-d16 -mfloat-abi=hard -mthumb -o "Drivers/STM32F4xx_HAL_Driver/stm32f4xx_hal.o"
arm-none-eabi-gcc "C:/Users/KSuma/STM32Cube/Repository/STM32Cube_FW_F4_V1.25.1/Drivers/STM32F4xx_HAL_Driver/Src/stm32f4xx_hal_cortex.c" -mcpu=cortex-m4 -std=gnu11 -g3 -DUSE_HAL_DRIVER -DSTM32F401xE -DDEBUG -c -IC:/Users/KSuma/STM32Cube/Repository/STM32Cube_FW_F4_V1.25.1/Middlewares/Third_Party/FreeRTOS/Source/portable/GCC/ARM_CM4F -IC:/Users/KSuma/STM32Cube/Repository/STM32Cube_FW_F4_V1.25.1/Drivers/CMSIS/Device/ST/STM32F4xx/Include -IC:/Users/KSuma/STM32Cube/Repository/STM32Cube_FW_F4_V1.25.1/Drivers/CMSIS/Include -IC:/Users/KSuma/STM32Cube/Repository/STM32Cube_FW_F4_V1.25.1/Drivers/STM32F4xx_HAL_Driver/Inc -I../Core/Inc -IC:/Users/KSuma/STM32Cube/Repository/STM32Cube_FW_F4_V1.25.1/Middlewares/Third_Party/FreeRTOS/Source/include -IC:/Users/KSuma/STM32Cube/Repository/STM32Cube_FW_F4_V1.25.1/Drivers/STM32F4xx_HAL_Driver/Inc/Legacy -IC:/Users/KSuma/STM32Cube/Repository/STM32Cube_FW_F4_V1.25.1/Middlewares/Third_Party/FreeRTOS/Source/CMSIS_RTOS_V2 -O0 -ffunction-sections -fdata-sections -Wall -fstack-usage -MMD -MP -MF"Drivers/STM32F4xx_HAL_Driver/stm32f4xx_hal_cortex.d" -MT"Drivers/STM32F4xx_HAL_Driver/stm32f4xx_hal_cortex.o" --specs=nano.specs -mfpu=fpv4-sp-d16 -mfloat-abi=hard -mthumb -o "Drivers/STM32F4xx_HAL_Driver/stm32f4xx_hal_cortex.o"
arm-none-eabi-gcc "C:/Users/KSuma/STM32Cube/Repository/STM32Cube_FW_F4_V1.25.1/Drivers/STM32F4xx_HAL_Driver/Src/stm32f4xx_hal_dma.c" -mcpu=cortex-m4 -std=gnu11 -g3 -DUSE_HAL_DRIVER -DSTM32F401xE -DDEBUG -c -IC:/Users/KSuma/STM32Cube/Repository/STM32Cube_FW_F4_V1.25.1/Middlewares/Third_Party/FreeRTOS/Source/portable/GCC/ARM_CM4F -IC:/Users/KSuma/STM32Cube/Repository/STM32Cube_FW_F4_V1.25.1/Drivers/CMSIS/Device/ST/STM32F4xx/Include -IC:/Users/KSuma/STM32Cube/Repository/STM32Cube_FW_F4_V1.25.1/Drivers/CMSIS/Include -IC:/Users/KSuma/STM32Cube/Repository/STM32Cube_FW_F4_V1.25.1/Drivers/STM32F4xx_HAL_Driver/Inc -I../Core/Inc -IC:/Users/KSuma/STM32Cube/Repository/STM32Cube_FW_F4_V1.25.1/Middlewares/Third_Party/FreeRTOS/Source/include -IC:/Users/KSuma/STM32Cube/Repository/STM32Cube_FW_F4_V1.25.1/Drivers/STM32F4xx_HAL_Driver/Inc/Legacy -IC:/Users/KSuma/STM32Cube/Repository/STM32Cube_FW_F4_V1.25.1/Middlewares/Third_Party/FreeRTOS/Source/CMSIS_RTOS_V2 -O0 -ffunction-sections -fdata-sections -Wall -fstack-usage -MMD -MP -MF"Drivers/STM32F4xx_HAL_Driver/stm32f4xx_hal_dma.d" -MT"Drivers/STM32F4xx_HAL_Driver/stm32f4xx_hal_dma.o" --specs=nano.specs -mfpu=fpv4-sp-d16 -mfloat-abi=hard -mthumb -o "Drivers/STM32F4xx_HAL_Driver/stm32f4xx_hal_dma.o"
arm-none-eabi-gcc "C:/Users/KSuma/STM32Cube/Repository/STM32Cube_FW_F4_V1.25.1/Drivers/STM32F4xx_HAL_Driver/Src/stm32f4xx_hal_dma_ex.c" -mcpu=cortex-m4 -std=gnu11 -g3 -DUSE_HAL_DRIVER -DSTM32F401xE -DDEBUG -c -IC:/Users/KSuma/STM32Cube/Repository/STM32Cube_FW_F4_V1.25.1/Middlewares/Third_Party/FreeRTOS/Source/portable/GCC/ARM_CM4F -IC:/Users/KSuma/STM32Cube/Repository/STM32Cube_FW_F4_V1.25.1/Drivers/CMSIS/Device/ST/STM32F4xx/Include -IC:/Users/KSuma/STM32Cube/Repository/STM32Cube_FW_F4_V1.25.1/Drivers/CMSIS/Include -IC:/Users/KSuma/STM32Cube/Repository/STM32Cube_FW_F4_V1.25.1/Drivers/STM32F4xx_HAL_Driver/Inc -I../Core/Inc -IC:/Users/KSuma/STM32Cube/Repository/STM32Cube_FW_F4_V1.25.1/Middlewares/Third_Party/FreeRTOS/Source/include -IC:/Users/KSuma/STM32Cube/Repository/STM32Cube_FW_F4_V1.25.1/Drivers/STM32F4xx_HAL_Driver/Inc/Legacy -IC:/Users/KSuma/STM32Cube/Repository/STM32Cube_FW_F4_V1.25.1/Middlewares/Third_Party/FreeRTOS/Source/CMSIS_RTOS_V2 -O0 -ffunction-sections -fdata-sections -Wall -fstack-usage -MMD -MP -MF"Drivers/STM32F4xx_HAL_Driver/stm32f4xx_hal_dma_ex.d" -MT"Drivers/STM32F4xx_HAL_Driver/stm32f4xx_hal_dma_ex.o" --specs=nano.specs -mfpu=fpv4-sp-d16 -mfloat-abi=hard -mthumb -o "Drivers/STM32F4xx_HAL_Driver/stm32f4xx_hal_dma_ex.o"
arm-none-eabi-gcc "C:/Users/KSuma/STM32Cube/Repository/STM32Cube_FW_F4_V1.25.1/Drivers/STM32F4xx_HAL_Driver/Src/stm32f4xx_hal_exti.c" -mcpu=cortex-m4 -std=gnu11 -g3 -DUSE_HAL_DRIVER -DSTM32F401xE -DDEBUG -c -IC:/Users/KSuma/STM32Cube/Repository/STM32Cube_FW_F4_V1.25.1/Middlewares/Third_Party/FreeRTOS/Source/portable/GCC/ARM_CM4F -IC:/Users/KSuma/STM32Cube/Repository/STM32Cube_FW_F4_V1.25.1/Drivers/CMSIS/Device/ST/STM32F4xx/Include -IC:/Users/KSuma/STM32Cube/Repository/STM32Cube_FW_F4_V1.25.1/Drivers/CMSIS/Include -IC:/Users/KSuma/STM32Cube/Repository/STM32Cube_FW_F4_V1.25.1/Drivers/STM32F4xx_HAL_Driver/Inc -I../Core/Inc -IC:/Users/KSuma/STM32Cube/Repository/STM32Cube_FW_F4_V1.25.1/Middlewares/Third_Party/FreeRTOS/Source/include -IC:/Users/KSuma/STM32Cube/Repository/STM32Cube_FW_F4_V1.25.1/Drivers/STM32F4xx_HAL_Driver/Inc/Legacy -IC:/Users/KSuma/STM32Cube/Repository/STM32Cube_FW_F4_V1.25.1/Middlewares/Third_Party/FreeRTOS/Source/CMSIS_RTOS_V2 -O0 -ffunction-sections -fdata-sections -Wall -fstack-usage -MMD -MP -MF"Drivers/STM32F4xx_HAL_Driver/stm32f4xx_hal_exti.d" -MT"Drivers/STM32F4xx_HAL_Driver/stm32f4xx_hal_exti.o" --specs=nano.specs -mfpu=fpv4-sp-d16 -mfloat-abi=hard -mthumb -o "Drivers/STM32F4xx_HAL_Driver/stm32f4xx_hal_exti.o"
arm-none-eabi-gcc "C:/Users/KSuma/STM32Cube/Repository/STM32Cube_FW_F4_V1.25.1/Drivers/STM32F4xx_HAL_Driver/Src/stm32f4xx_hal_flash.c" -mcpu=cortex-m4 -std=gnu11 -g3 -DUSE_HAL_DRIVER -DSTM32F401xE -DDEBUG -c -IC:/Users/KSuma/STM32Cube/Repository/STM32Cube_FW_F4_V1.25.1/Middlewares/Third_Party/FreeRTOS/Source/portable/GCC/ARM_CM4F -IC:/Users/KSuma/STM32Cube/Repository/STM32Cube_FW_F4_V1.25.1/Drivers/CMSIS/Device/ST/STM32F4xx/Include -IC:/Users/KSuma/STM32Cube/Repository/STM32Cube_FW_F4_V1.25.1/Drivers/CMSIS/Include -IC:/Users/KSuma/STM32Cube/Repository/STM32Cube_FW_F4_V1.25.1/Drivers/STM32F4xx_HAL_Driver/Inc -I../Core/Inc -IC:/Users/KSuma/STM32Cube/Repository/STM32Cube_FW_F4_V1.25.1/Middlewares/Third_Party/FreeRTOS/Source/include -IC:/Users/KSuma/STM32Cube/Repository/STM32Cube_FW_F4_V1.25.1/Drivers/STM32F4xx_HAL_Driver/Inc/Legacy -IC:/Users/KSuma/STM32Cube/Repository/STM32Cube_FW_F4_V1.25.1/Middlewares/Third_Party/FreeRTOS/Source/CMSIS_RTOS_V2 -O0 -ffunction-sections -fdata-sections -Wall -fstack-usage -MMD -MP -MF"Drivers/STM32F4xx_HAL_Driver/stm32f4xx_hal_flash.d" -MT"Drivers/STM32F4xx_HAL_Driver/stm32f4xx_hal_flash.o" --specs=nano.specs -mfpu=fpv4-sp-d16 -mfloat-abi=hard -mthumb -o "Drivers/STM32F4xx_HAL_Driver/stm32f4xx_hal_flash.o"
arm-none-eabi-gcc "C:/Users/KSuma/STM32Cube/Repository/STM32Cube_FW_F4_V1.25.1/Drivers/STM32F4xx_HAL_Driver/Src/stm32f4xx_hal_flash_ex.c" -mcpu=cortex-m4 -std=gnu11 -g3 -DUSE_HAL_DRIVER -DSTM32F401xE -DDEBUG -c -IC:/Users/KSuma/STM32Cube/Repository/STM32Cube_FW_F4_V1.25.1/Middlewares/Third_Party/FreeRTOS/Source/portable/GCC/ARM_CM4F -IC:/Users/KSuma/STM32Cube/Repository/STM32Cube_FW_F4_V1.25.1/Drivers/CMSIS/Device/ST/STM32F4xx/Include -IC:/Users/KSuma/STM32Cube/Repository/STM32Cube_FW_F4_V1.25.1/Drivers/CMSIS/Include -IC:/Users/KSuma/STM32Cube/Repository/STM32Cube_FW_F4_V1.25.1/Drivers/STM32F4xx_HAL_Driver/Inc -I../Core/Inc -IC:/Users/KSuma/STM32Cube/Repository/STM32Cube_FW_F4_V1.25.1/Middlewares/Third_Party/FreeRTOS/Source/include -IC:/Users/KSuma/STM32Cube/Repository/STM32Cube_FW_F4_V1.25.1/Drivers/STM32F4xx_HAL_Driver/Inc/Legacy -IC:/Users/KSuma/STM32Cube/Repository/STM32Cube_FW_F4_V1.25.1/Middlewares/Third_Party/FreeRTOS/Source/CMSIS_RTOS_V2 -O0 -ffunction-sections -fdata-sections -Wall -fstack-usage -MMD -MP -MF"Drivers/STM32F4xx_HAL_Driver/stm32f4xx_hal_flash_ex.d" -MT"Drivers/STM32F4xx_HAL_Driver/stm32f4xx_hal_flash_ex.o" --specs=nano.specs -mfpu=fpv4-sp-d16 -mfloat-abi=hard -mthumb -o "Drivers/STM32F4xx_HAL_Driver/stm32f4xx_hal_flash_ex.o"
arm-none-eabi-gcc "C:/Users/KSuma/STM32Cube/Repository/STM32Cube_FW_F4_V1.25.1/Drivers/STM32F4xx_HAL_Driver/Src/stm32f4xx_hal_flash_ramfunc.c" -mcpu=cortex-m4 -std=gnu11 -g3 -DUSE_HAL_DRIVER -DSTM32F401xE -DDEBUG -c -IC:/Users/KSuma/STM32Cube/Repository/STM32Cube_FW_F4_V1.25.1/Middlewares/Third_Party/FreeRTOS/Source/portable/GCC/ARM_CM4F -IC:/Users/KSuma/STM32Cube/Repository/STM32Cube_FW_F4_V1.25.1/Drivers/CMSIS/Device/ST/STM32F4xx/Include -IC:/Users/KSuma/STM32Cube/Repository/STM32Cube_FW_F4_V1.25.1/Drivers/CMSIS/Include -IC:/Users/KSuma/STM32Cube/Repository/STM32Cube_FW_F4_V1.25.1/Drivers/STM32F4xx_HAL_Driver/Inc -I../Core/Inc -IC:/Users/KSuma/STM32Cube/Repository/STM32Cube_FW_F4_V1.25.1/Middlewares/Third_Party/FreeRTOS/Source/include -IC:/Users/KSuma/STM32Cube/Repository/STM32Cube_FW_F4_V1.25.1/Drivers/STM32F4xx_HAL_Driver/Inc/Legacy -IC:/Users/KSuma/STM32Cube/Repository/STM32Cube_FW_F4_V1.25.1/Middlewares/Third_Party/FreeRTOS/Source/CMSIS_RTOS_V2 -O0 -ffunction-sections -fdata-sections -Wall -fstack-usage -MMD -MP -MF"Drivers/STM32F4xx_HAL_Driver/stm32f4xx_hal_flash_ramfunc.d" -MT"Drivers/STM32F4xx_HAL_Driver/stm32f4xx_hal_flash_ramfunc.o" --specs=nano.specs -mfpu=fpv4-sp-d16 -mfloat-abi=hard -mthumb -o "Drivers/STM32F4xx_HAL_Driver/stm32f4xx_hal_flash_ramfunc.o"
arm-none-eabi-gcc "C:/Users/KSuma/STM32Cube/Repository/STM32Cube_FW_F4_V1.25.1/Drivers/STM32F4xx_HAL_Driver/Src/stm32f4xx_hal_gpio.c" -mcpu=cortex-m4 -std=gnu11 -g3 -DUSE_HAL_DRIVER -DSTM32F401xE -DDEBUG -c -IC:/Users/KSuma/STM32Cube/Repository/STM32Cube_FW_F4_V1.25.1/Middlewares/Third_Party/FreeRTOS/Source/portable/GCC/ARM_CM4F -IC:/Users/KSuma/STM32Cube/Repository/STM32Cube_FW_F4_V1.25.1/Drivers/CMSIS/Device/ST/STM32F4xx/Include -IC:/Users/KSuma/STM32Cube/Repository/STM32Cube_FW_F4_V1.25.1/Drivers/CMSIS/Include -IC:/Users/KSuma/STM32Cube/Repository/STM32Cube_FW_F4_V1.25.1/Drivers/STM32F4xx_HAL_Driver/Inc -I../Core/Inc -IC:/Users/KSuma/STM32Cube/Repository/STM32Cube_FW_F4_V1.25.1/Middlewares/Third_Party/FreeRTOS/Source/include -IC:/Users/KSuma/STM32Cube/Repository/STM32Cube_FW_F4_V1.25.1/Drivers/STM32F4xx_HAL_Driver/Inc/Legacy -IC:/Users/KSuma/STM32Cube/Repository/STM32Cube_FW_F4_V1.25.1/Middlewares/Third_Party/FreeRTOS/Source/CMSIS_RTOS_V2 -O0 -ffunction-sections -fdata-sections -Wall -fstack-usage -MMD -MP -MF"Drivers/STM32F4xx_HAL_Driver/stm32f4xx_hal_gpio.d" -MT"Drivers/STM32F4xx_HAL_Driver/stm32f4xx_hal_gpio.o" --specs=nano.specs -mfpu=fpv4-sp-d16 -mfloat-abi=hard -mthumb -o "Drivers/STM32F4xx_HAL_Driver/stm32f4xx_hal_gpio.o"
arm-none-eabi-gcc "C:/Users/KSuma/STM32Cube/Repository/STM32Cube_FW_F4_V1.25.1/Drivers/STM32F4xx_HAL_Driver/Src/stm32f4xx_hal_pwr.c" -mcpu=cortex-m4 -std=gnu11 -g3 -DUSE_HAL_DRIVER -DSTM32F401xE -DDEBUG -c -IC:/Users/KSuma/STM32Cube/Repository/STM32Cube_FW_F4_V1.25.1/Middlewares/Third_Party/FreeRTOS/Source/portable/GCC/ARM_CM4F -IC:/Users/KSuma/STM32Cube/Repository/STM32Cube_FW_F4_V1.25.1/Drivers/CMSIS/Device/ST/STM32F4xx/Include -IC:/Users/KSuma/STM32Cube/Repository/STM32Cube_FW_F4_V1.25.1/Drivers/CMSIS/Include -IC:/Users/KSuma/STM32Cube/Repository/STM32Cube_FW_F4_V1.25.1/Drivers/STM32F4xx_HAL_Driver/Inc -I../Core/Inc -IC:/Users/KSuma/STM32Cube/Repository/STM32Cube_FW_F4_V1.25.1/Middlewares/Third_Party/FreeRTOS/Source/include -IC:/Users/KSuma/STM32Cube/Repository/STM32Cube_FW_F4_V1.25.1/Drivers/STM32F4xx_HAL_Driver/Inc/Legacy -IC:/Users/KSuma/STM32Cube/Repository/STM32Cube_FW_F4_V1.25.1/Middlewares/Third_Party/FreeRTOS/Source/CMSIS_RTOS_V2 -O0 -ffunction-sections -fdata-sections -Wall -fstack-usage -MMD -MP -MF"Drivers/STM32F4xx_HAL_Driver/stm32f4xx_hal_pwr.d" -MT"Drivers/STM32F4xx_HAL_Driver/stm32f4xx_hal_pwr.o" --specs=nano.specs -mfpu=fpv4-sp-d16 -mfloat-abi=hard -mthumb -o "Drivers/STM32F4xx_HAL_Driver/stm32f4xx_hal_pwr.o"
arm-none-eabi-gcc "C:/Users/KSuma/STM32Cube/Repository/STM32Cube_FW_F4_V1.25.1/Drivers/STM32F4xx_HAL_Driver/Src/stm32f4xx_hal_pwr_ex.c" -mcpu=cortex-m4 -std=gnu11 -g3 -DUSE_HAL_DRIVER -DSTM32F401xE -DDEBUG -c -IC:/Users/KSuma/STM32Cube/Repository/STM32Cube_FW_F4_V1.25.1/Middlewares/Third_Party/FreeRTOS/Source/portable/GCC/ARM_CM4F -IC:/Users/KSuma/STM32Cube/Repository/STM32Cube_FW_F4_V1.25.1/Drivers/CMSIS/Device/ST/STM32F4xx/Include -IC:/Users/KSuma/STM32Cube/Repository/STM32Cube_FW_F4_V1.25.1/Drivers/CMSIS/Include -IC:/Users/KSuma/STM32Cube/Repository/STM32Cube_FW_F4_V1.25.1/Drivers/STM32F4xx_HAL_Driver/Inc -I../Core/Inc -IC:/Users/KSuma/STM32Cube/Repository/STM32Cube_FW_F4_V1.25.1/Middlewares/Third_Party/FreeRTOS/Source/include -IC:/Users/KSuma/STM32Cube/Repository/STM32Cube_FW_F4_V1.25.1/Drivers/STM32F4xx_HAL_Driver/Inc/Legacy -IC:/Users/KSuma/STM32Cube/Repository/STM32Cube_FW_F4_V1.25.1/Middlewares/Third_Party/FreeRTOS/Source/CMSIS_RTOS_V2 -O0 -ffunction-sections -fdata-sections -Wall -fstack-usage -MMD -MP -MF"Drivers/STM32F4xx_HAL_Driver/stm32f4xx_hal_pwr_ex.d" -MT"Drivers/STM32F4xx_HAL_Driver/stm32f4xx_hal_pwr_ex.o" --specs=nano.specs -mfpu=fpv4-sp-d16 -mfloat-abi=hard -mthumb -o "Drivers/STM32F4xx_HAL_Driver/stm32f4xx_hal_pwr_ex.o"
arm-none-eabi-gcc "C:/Users/KSuma/STM32Cube/Repository/STM32Cube_FW_F4_V1.25.1/Drivers/STM32F4xx_HAL_Driver/Src/stm32f4xx_hal_rcc.c" -mcpu=cortex-m4 -std=gnu11 -g3 -DUSE_HAL_DRIVER -DSTM32F401xE -DDEBUG -c -IC:/Users/KSuma/STM32Cube/Repository/STM32Cube_FW_F4_V1.25.1/Middlewares/Third_Party/FreeRTOS/Source/portable/GCC/ARM_CM4F -IC:/Users/KSuma/STM32Cube/Repository/STM32Cube_FW_F4_V1.25.1/Drivers/CMSIS/Device/ST/STM32F4xx/Include -IC:/Users/KSuma/STM32Cube/Repository/STM32Cube_FW_F4_V1.25.1/Drivers/CMSIS/Include -IC:/Users/KSuma/STM32Cube/Repository/STM32Cube_FW_F4_V1.25.1/Drivers/STM32F4xx_HAL_Driver/Inc -I../Core/Inc -IC:/Users/KSuma/STM32Cube/Repository/STM32Cube_FW_F4_V1.25.1/Middlewares/Third_Party/FreeRTOS/Source/include -IC:/Users/KSuma/STM32Cube/Repository/STM32Cube_FW_F4_V1.25.1/Drivers/STM32F4xx_HAL_Driver/Inc/Legacy -IC:/Users/KSuma/STM32Cube/Repository/STM32Cube_FW_F4_V1.25.1/Middlewares/Third_Party/FreeRTOS/Source/CMSIS_RTOS_V2 -O0 -ffunction-sections -fdata-sections -Wall -fstack-usage -MMD -MP -MF"Drivers/STM32F4xx_HAL_Driver/stm32f4xx_hal_rcc.d" -MT"Drivers/STM32F4xx_HAL_Driver/stm32f4xx_hal_rcc.o" --specs=nano.specs -mfpu=fpv4-sp-d16 -mfloat-abi=hard -mthumb -o "Drivers/STM32F4xx_HAL_Driver/stm32f4xx_hal_rcc.o"
arm-none-eabi-gcc "C:/Users/KSuma/STM32Cube/Repository/STM32Cube_FW_F4_V1.25.1/Drivers/STM32F4xx_HAL_Driver/Src/stm32f4xx_hal_rcc_ex.c" -mcpu=cortex-m4 -std=gnu11 -g3 -DUSE_HAL_DRIVER -DSTM32F401xE -DDEBUG -c -IC:/Users/KSuma/STM32Cube/Repository/STM32Cube_FW_F4_V1.25.1/Middlewares/Third_Party/FreeRTOS/Source/portable/GCC/ARM_CM4F -IC:/Users/KSuma/STM32Cube/Repository/STM32Cube_FW_F4_V1.25.1/Drivers/CMSIS/Device/ST/STM32F4xx/Include -IC:/Users/KSuma/STM32Cube/Repository/STM32Cube_FW_F4_V1.25.1/Drivers/CMSIS/Include -IC:/Users/KSuma/STM32Cube/Repository/STM32Cube_FW_F4_V1.25.1/Drivers/STM32F4xx_HAL_Driver/Inc -I../Core/Inc -IC:/Users/KSuma/STM32Cube/Repository/STM32Cube_FW_F4_V1.25.1/Middlewares/Third_Party/FreeRTOS/Source/include -IC:/Users/KSuma/STM32Cube/Repository/STM32Cube_FW_F4_V1.25.1/Drivers/STM32F4xx_HAL_Driver/Inc/Legacy -IC:/Users/KSuma/STM32Cube/Repository/STM32Cube_FW_F4_V1.25.1/Middlewares/Third_Party/FreeRTOS/Source/CMSIS_RTOS_V2 -O0 -ffunction-sections -fdata-sections -Wall -fstack-usage -MMD -MP -MF"Drivers/STM32F4xx_HAL_Driver/stm32f4xx_hal_rcc_ex.d" -MT"Drivers/STM32F4xx_HAL_Driver/stm32f4xx_hal_rcc_ex.o" --specs=nano.specs -mfpu=fpv4-sp-d16 -mfloat-abi=hard -mthumb -o "Drivers/STM32F4xx_HAL_Driver/stm32f4xx_hal_rcc_ex.o"
arm-none-eabi-gcc "C:/Users/KSuma/STM32Cube/Repository/STM32Cube_FW_F4_V1.25.1/Drivers/STM32F4xx_HAL_Driver/Src/stm32f4xx_hal_tim.c" -mcpu=cortex-m4 -std=gnu11 -g3 -DUSE_HAL_DRIVER -DSTM32F401xE -DDEBUG -c -IC:/Users/KSuma/STM32Cube/Repository/STM32Cube_FW_F4_V1.25.1/Middlewares/Third_Party/FreeRTOS/Source/portable/GCC/ARM_CM4F -IC:/Users/KSuma/STM32Cube/Repository/STM32Cube_FW_F4_V1.25.1/Drivers/CMSIS/Device/ST/STM32F4xx/Include -IC:/Users/KSuma/STM32Cube/Repository/STM32Cube_FW_F4_V1.25.1/Drivers/CMSIS/Include -IC:/Users/KSuma/STM32Cube/Repository/STM32Cube_FW_F4_V1.25.1/Drivers/STM32F4xx_HAL_Driver/Inc -I../Core/Inc -IC:/Users/KSuma/STM32Cube/Repository/STM32Cube_FW_F4_V1.25.1/Middlewares/Third_Party/FreeRTOS/Source/include -IC:/Users/KSuma/STM32Cube/Repository/STM32Cube_FW_F4_V1.25.1/Drivers/STM32F4xx_HAL_Driver/Inc/Legacy -IC:/Users/KSuma/STM32Cube/Repository/STM32Cube_FW_F4_V1.25.1/Middlewares/Third_Party/FreeRTOS/Source/CMSIS_RTOS_V2 -O0 -ffunction-sections -fdata-sections -Wall -fstack-usage -MMD -MP -MF"Drivers/STM32F4xx_HAL_Driver/stm32f4xx_hal_tim.d" -MT"Drivers/STM32F4xx_HAL_Driver/stm32f4xx_hal_tim.o" --specs=nano.specs -mfpu=fpv4-sp-d16 -mfloat-abi=hard -mthumb -o "Drivers/STM32F4xx_HAL_Driver/stm32f4xx_hal_tim.o"
arm-none-eabi-gcc "C:/Users/KSuma/STM32Cube/Repository/STM32Cube_FW_F4_V1.25.1/Drivers/STM32F4xx_HAL_Driver/Src/stm32f4xx_hal_tim_ex.c" -mcpu=cortex-m4 -std=gnu11 -g3 -DUSE_HAL_DRIVER -DSTM32F401xE -DDEBUG -c -IC:/Users/KSuma/STM32Cube/Repository/STM32Cube_FW_F4_V1.25.1/Middlewares/Third_Party/FreeRTOS/Source/portable/GCC/ARM_CM4F -IC:/Users/KSuma/STM32Cube/Repository/STM32Cube_FW_F4_V1.25.1/Drivers/CMSIS/Device/ST/STM32F4xx/Include -IC:/Users/KSuma/STM32Cube/Repository/STM32Cube_FW_F4_V1.25.1/Drivers/CMSIS/Include -IC:/Users/KSuma/STM32Cube/Repository/STM32Cube_FW_F4_V1.25.1/Drivers/STM32F4xx_HAL_Driver/Inc -I../Core/Inc -IC:/Users/KSuma/STM32Cube/Repository/STM32Cube_FW_F4_V1.25.1/Middlewares/Third_Party/FreeRTOS/Source/include -IC:/Users/KSuma/STM32Cube/Repository/STM32Cube_FW_F4_V1.25.1/Drivers/STM32F4xx_HAL_Driver/Inc/Legacy -IC:/Users/KSuma/STM32Cube/Repository/STM32Cube_FW_F4_V1.25.1/Middlewares/Third_Party/FreeRTOS/Source/CMSIS_RTOS_V2 -O0 -ffunction-sections -fdata-sections -Wall -fstack-usage -MMD -MP -MF"Drivers/STM32F4xx_HAL_Driver/stm32f4xx_hal_tim_ex.d" -MT"Drivers/STM32F4xx_HAL_Driver/stm32f4xx_hal_tim_ex.o" --specs=nano.specs -mfpu=fpv4-sp-d16 -mfloat-abi=hard -mthumb -o "Drivers/STM32F4xx_HAL_Driver/stm32f4xx_hal_tim_ex.o"
arm-none-eabi-gcc "C:/Users/KSuma/STM32Cube/Repository/STM32Cube_FW_F4_V1.25.1/Drivers/STM32F4xx_HAL_Driver/Src/stm32f4xx_hal_uart.c" -mcpu=cortex-m4 -std=gnu11 -g3 -DUSE_HAL_DRIVER -DSTM32F401xE -DDEBUG -c -IC:/Users/KSuma/STM32Cube/Repository/STM32Cube_FW_F4_V1.25.1/Middlewares/Third_Party/FreeRTOS/Source/portable/GCC/ARM_CM4F -IC:/Users/KSuma/STM32Cube/Repository/STM32Cube_FW_F4_V1.25.1/Drivers/CMSIS/Device/ST/STM32F4xx/Include -IC:/Users/KSuma/STM32Cube/Repository/STM32Cube_FW_F4_V1.25.1/Drivers/CMSIS/Include -IC:/Users/KSuma/STM32Cube/Repository/STM32Cube_FW_F4_V1.25.1/Drivers/STM32F4xx_HAL_Driver/Inc -I../Core/Inc -IC:/Users/KSuma/STM32Cube/Repository/STM32Cube_FW_F4_V1.25.1/Middlewares/Third_Party/FreeRTOS/Source/include -IC:/Users/KSuma/STM32Cube/Repository/STM32Cube_FW_F4_V1.25.1/Drivers/STM32F4xx_HAL_Driver/Inc/Legacy -IC:/Users/KSuma/STM32Cube/Repository/STM32Cube_FW_F4_V1.25.1/Middlewares/Third_Party/FreeRTOS/Source/CMSIS_RTOS_V2 -O0 -ffunction-sections -fdata-sections -Wall -fstack-usage -MMD -MP -MF"Drivers/STM32F4xx_HAL_Driver/stm32f4xx_hal_uart.d" -MT"Drivers/STM32F4xx_HAL_Driver/stm32f4xx_hal_uart.o" --specs=nano.specs -mfpu=fpv4-sp-d16 -mfloat-abi=hard -mthumb -o "Drivers/STM32F4xx_HAL_Driver/stm32f4xx_hal_uart.o"
arm-none-eabi-gcc -mcpu=cortex-m4 -g3 -c -x assembler-with-cpp --specs=nano.specs -mfpu=fpv4-sp-d16 -mfloat-abi=hard -mthumb -o "Core/Startup/startup_stm32f401retx.o" "../Core/Startup/startup_stm32f401retx.s"
arm-none-eabi-gcc "../Core/Src/freertos.c" -mcpu=cortex-m4 -std=gnu11 -g3 -DUSE_HAL_DRIVER -DSTM32F401xE -DDEBUG -c -IC:/Users/KSuma/STM32Cube/Repository/STM32Cube_FW_F4_V1.25.1/Middlewares/Third_Party/FreeRTOS/Source/portable/GCC/ARM_CM4F -IC:/Users/KSuma/STM32Cube/Repository/STM32Cube_FW_F4_V1.25.1/Drivers/CMSIS/Device/ST/STM32F4xx/Include -IC:/Users/KSuma/STM32Cube/Repository/STM32Cube_FW_F4_V1.25.1/Drivers/CMSIS/Include -IC:/Users/KSuma/STM32Cube/Repository/STM32Cube_FW_F4_V1.25.1/Drivers/STM32F4xx_HAL_Driver/Inc -I../Core/Inc -IC:/Users/KSuma/STM32Cube/Repository/STM32Cube_FW_F4_V1.25.1/Middlewares/Third_Party/FreeRTOS/Source/include -IC:/Users/KSuma/STM32Cube/Repository/STM32Cube_FW_F4_V1.25.1/Drivers/STM32F4xx_HAL_Driver/Inc/Legacy -IC:/Users/KSuma/STM32Cube/Repository/STM32Cube_FW_F4_V1.25.1/Middlewares/Third_Party/FreeRTOS/Source/CMSIS_RTOS_V2 -O0 -ffunction-sections -fdata-sections -Wall -fstack-usage -MMD -MP -MF"Core/Src/freertos.d" -MT"Core/Src/freertos.o" --specs=nano.specs -mfpu=fpv4-sp-d16 -mfloat-abi=hard -mthumb -o "Core/Src/freertos.o"
arm-none-eabi-gcc "../Core/Src/main.c" -mcpu=cortex-m4 -std=gnu11 -g3 -DUSE_HAL_DRIVER -DSTM32F401xE -DDEBUG -c -IC:/Users/KSuma/STM32Cube/Repository/STM32Cube_FW_F4_V1.25.1/Middlewares/Third_Party/FreeRTOS/Source/portable/GCC/ARM_CM4F -IC:/Users/KSuma/STM32Cube/Repository/STM32Cube_FW_F4_V1.25.1/Drivers/CMSIS/Device/ST/STM32F4xx/Include -IC:/Users/KSuma/STM32Cube/Repository/STM32Cube_FW_F4_V1.25.1/Drivers/CMSIS/Include -IC:/Users/KSuma/STM32Cube/Repository/STM32Cube_FW_F4_V1.25.1/Drivers/STM32F4xx_HAL_Driver/Inc -I../Core/Inc -IC:/Users/KSuma/STM32Cube/Repository/STM32Cube_FW_F4_V1.25.1/Middlewares/Third_Party/FreeRTOS/Source/include -IC:/Users/KSuma/STM32Cube/Repository/STM32Cube_FW_F4_V1.25.1/Drivers/STM32F4xx_HAL_Driver/Inc/Legacy -IC:/Users/KSuma/STM32Cube/Repository/STM32Cube_FW_F4_V1.25.1/Middlewares/Third_Party/FreeRTOS/Source/CMSIS_RTOS_V2 -O0 -ffunction-sections -fdata-sections -Wall -fstack-usage -MMD -MP -MF"Core/Src/main.d" -MT"Core/Src/main.o" --specs=nano.specs -mfpu=fpv4-sp-d16 -mfloat-abi=hard -mthumb -o "Core/Src/main.o"
arm-none-eabi-gcc "../Core/Src/stm32f4xx_hal_msp.c" -mcpu=cortex-m4 -std=gnu11 -g3 -DUSE_HAL_DRIVER -DSTM32F401xE -DDEBUG -c -IC:/Users/KSuma/STM32Cube/Repository/STM32Cube_FW_F4_V1.25.1/Middlewares/Third_Party/FreeRTOS/Source/portable/GCC/ARM_CM4F -IC:/Users/KSuma/STM32Cube/Repository/STM32Cube_FW_F4_V1.25.1/Drivers/CMSIS/Device/ST/STM32F4xx/Include -IC:/Users/KSuma/STM32Cube/Repository/STM32Cube_FW_F4_V1.25.1/Drivers/CMSIS/Include -IC:/Users/KSuma/STM32Cube/Repository/STM32Cube_FW_F4_V1.25.1/Drivers/STM32F4xx_HAL_Driver/Inc -I../Core/Inc -IC:/Users/KSuma/STM32Cube/Repository/STM32Cube_FW_F4_V1.25.1/Middlewares/Third_Party/FreeRTOS/Source/include -IC:/Users/KSuma/STM32Cube/Repository/STM32Cube_FW_F4_V1.25.1/Drivers/STM32F4xx_HAL_Driver/Inc/Legacy -IC:/Users/KSuma/STM32Cube/Repository/STM32Cube_FW_F4_V1.25.1/Middlewares/Third_Party/FreeRTOS/Source/CMSIS_RTOS_V2 -O0 -ffunction-sections -fdata-sections -Wall -fstack-usage -MMD -MP -MF"Core/Src/stm32f4xx_hal_msp.d" -MT"Core/Src/stm32f4xx_hal_msp.o" --specs=nano.specs -mfpu=fpv4-sp-d16 -mfloat-abi=hard -mthumb -o "Core/Src/stm32f4xx_hal_msp.o"
arm-none-eabi-gcc "../Core/Src/stm32f4xx_hal_timebase_tim.c" -mcpu=cortex-m4 -std=gnu11 -g3 -DUSE_HAL_DRIVER -DSTM32F401xE -DDEBUG -c -IC:/Users/KSuma/STM32Cube/Repository/STM32Cube_FW_F4_V1.25.1/Middlewares/Third_Party/FreeRTOS/Source/portable/GCC/ARM_CM4F -IC:/Users/KSuma/STM32Cube/Repository/STM32Cube_FW_F4_V1.25.1/Drivers/CMSIS/Device/ST/STM32F4xx/Include -IC:/Users/KSuma/STM32Cube/Repository/STM32Cube_FW_F4_V1.25.1/Drivers/CMSIS/Include -IC:/Users/KSuma/STM32Cube/Repository/STM32Cube_FW_F4_V1.25.1/Drivers/STM32F4xx_HAL_Driver/Inc -I../Core/Inc -IC:/Users/KSuma/STM32Cube/Repository/STM32Cube_FW_F4_V1.25.1/Middlewares/Third_Party/FreeRTOS/Source/include -IC:/Users/KSuma/STM32Cube/Repository/STM32Cube_FW_F4_V1.25.1/Drivers/STM32F4xx_HAL_Driver/Inc/Legacy -IC:/Users/KSuma/STM32Cube/Repository/STM32Cube_FW_F4_V1.25.1/Middlewares/Third_Party/FreeRTOS/Source/CMSIS_RTOS_V2 -O0 -ffunction-sections -fdata-sections -Wall -fstack-usage -MMD -MP -MF"Core/Src/stm32f4xx_hal_timebase_tim.d" -MT"Core/Src/stm32f4xx_hal_timebase_tim.o" --specs=nano.specs -mfpu=fpv4-sp-d16 -mfloat-abi=hard -mthumb -o "Core/Src/stm32f4xx_hal_timebase_tim.o"
arm-none-eabi-gcc "../Core/Src/stm32f4xx_it.c" -mcpu=cortex-m4 -std=gnu11 -g3 -DUSE_HAL_DRIVER -DSTM32F401xE -DDEBUG -c -IC:/Users/KSuma/STM32Cube/Repository/STM32Cube_FW_F4_V1.25.1/Middlewares/Third_Party/FreeRTOS/Source/portable/GCC/ARM_CM4F -IC:/Users/KSuma/STM32Cube/Repository/STM32Cube_FW_F4_V1.25.1/Drivers/CMSIS/Device/ST/STM32F4xx/Include -IC:/Users/KSuma/STM32Cube/Repository/STM32Cube_FW_F4_V1.25.1/Drivers/CMSIS/Include -IC:/Users/KSuma/STM32Cube/Repository/STM32Cube_FW_F4_V1.25.1/Drivers/STM32F4xx_HAL_Driver/Inc -I../Core/Inc -IC:/Users/KSuma/STM32Cube/Repository/STM32Cube_FW_F4_V1.25.1/Middlewares/Third_Party/FreeRTOS/Source/include -IC:/Users/KSuma/STM32Cube/Repository/STM32Cube_FW_F4_V1.25.1/Drivers/STM32F4xx_HAL_Driver/Inc/Legacy -IC:/Users/KSuma/STM32Cube/Repository/STM32Cube_FW_F4_V1.25.1/Middlewares/Third_Party/FreeRTOS/Source/CMSIS_RTOS_V2 -O0 -ffunction-sections -fdata-sections -Wall -fstack-usage -MMD -MP -MF"Core/Src/stm32f4xx_it.d" -MT"Core/Src/stm32f4xx_it.o" --specs=nano.specs -mfpu=fpv4-sp-d16 -mfloat-abi=hard -mthumb -o "Core/Src/stm32f4xx_it.o"
arm-none-eabi-gcc "../Core/Src/syscalls.c" -mcpu=cortex-m4 -std=gnu11 -g3 -DUSE_HAL_DRIVER -DSTM32F401xE -DDEBUG -c -IC:/Users/KSuma/STM32Cube/Repository/STM32Cube_FW_F4_V1.25.1/Middlewares/Third_Party/FreeRTOS/Source/portable/GCC/ARM_CM4F -IC:/Users/KSuma/STM32Cube/Repository/STM32Cube_FW_F4_V1.25.1/Drivers/CMSIS/Device/ST/STM32F4xx/Include -IC:/Users/KSuma/STM32Cube/Repository/STM32Cube_FW_F4_V1.25.1/Drivers/CMSIS/Include -IC:/Users/KSuma/STM32Cube/Repository/STM32Cube_FW_F4_V1.25.1/Drivers/STM32F4xx_HAL_Driver/Inc -I../Core/Inc -IC:/Users/KSuma/STM32Cube/Repository/STM32Cube_FW_F4_V1.25.1/Middlewares/Third_Party/FreeRTOS/Source/include -IC:/Users/KSuma/STM32Cube/Repository/STM32Cube_FW_F4_V1.25.1/Drivers/STM32F4xx_HAL_Driver/Inc/Legacy -IC:/Users/KSuma/STM32Cube/Repository/STM32Cube_FW_F4_V1.25.1/Middlewares/Third_Party/FreeRTOS/Source/CMSIS_RTOS_V2 -O0 -ffunction-sections -fdata-sections -Wall -fstack-usage -MMD -MP -MF"Core/Src/syscalls.d" -MT"Core/Src/syscalls.o" --specs=nano.specs -mfpu=fpv4-sp-d16 -mfloat-abi=hard -mthumb -o "Core/Src/syscalls.o"
arm-none-eabi-gcc "../Core/Src/sysmem.c" -mcpu=cortex-m4 -std=gnu11 -g3 -DUSE_HAL_DRIVER -DSTM32F401xE -DDEBUG -c -IC:/Users/KSuma/STM32Cube/Repository/STM32Cube_FW_F4_V1.25.1/Middlewares/Third_Party/FreeRTOS/Source/portable/GCC/ARM_CM4F -IC:/Users/KSuma/STM32Cube/Repository/STM32Cube_FW_F4_V1.25.1/Drivers/CMSIS/Device/ST/STM32F4xx/Include -IC:/Users/KSuma/STM32Cube/Repository/STM32Cube_FW_F4_V1.25.1/Drivers/CMSIS/Include -IC:/Users/KSuma/STM32Cube/Repository/STM32Cube_FW_F4_V1.25.1/Drivers/STM32F4xx_HAL_Driver/Inc -I../Core/Inc -IC:/Users/KSuma/STM32Cube/Repository/STM32Cube_FW_F4_V1.25.1/Middlewares/Third_Party/FreeRTOS/Source/include -IC:/Users/KSuma/STM32Cube/Repository/STM32Cube_FW_F4_V1.25.1/Drivers/STM32F4xx_HAL_Driver/Inc/Legacy -IC:/Users/KSuma/STM32Cube/Repository/STM32Cube_FW_F4_V1.25.1/Middlewares/Third_Party/FreeRTOS/Source/CMSIS_RTOS_V2 -O0 -ffunction-sections -fdata-sections -Wall -fstack-usage -MMD -MP -MF"Core/Src/sysmem.d" -MT"Core/Src/sysmem.o" --specs=nano.specs -mfpu=fpv4-sp-d16 -mfloat-abi=hard -mthumb -o "Core/Src/sysmem.o"
arm-none-eabi-gcc "../Core/Src/system_stm32f4xx.c" -mcpu=cortex-m4 -std=gnu11 -g3 -DUSE_HAL_DRIVER -DSTM32F401xE -DDEBUG -c -IC:/Users/KSuma/STM32Cube/Repository/STM32Cube_FW_F4_V1.25.1/Middlewares/Third_Party/FreeRTOS/Source/portable/GCC/ARM_CM4F -IC:/Users/KSuma/STM32Cube/Repository/STM32Cube_FW_F4_V1.25.1/Drivers/CMSIS/Device/ST/STM32F4xx/Include -IC:/Users/KSuma/STM32Cube/Repository/STM32Cube_FW_F4_V1.25.1/Drivers/CMSIS/Include -IC:/Users/KSuma/STM32Cube/Repository/STM32Cube_FW_F4_V1.25.1/Drivers/STM32F4xx_HAL_Driver/Inc -I../Core/Inc -IC:/Users/KSuma/STM32Cube/Repository/STM32Cube_FW_F4_V1.25.1/Middlewares/Third_Party/FreeRTOS/Source/include -IC:/Users/KSuma/STM32Cube/Repository/STM32Cube_FW_F4_V1.25.1/Drivers/STM32F4xx_HAL_Driver/Inc/Legacy -IC:/Users/KSuma/STM32Cube/Repository/STM32Cube_FW_F4_V1.25.1/Middlewares/Third_Party/FreeRTOS/Source/CMSIS_RTOS_V2 -O0 -ffunction-sections -fdata-sections -Wall -fstack-usage -MMD -MP -MF"Core/Src/system_stm32f4xx.d" -MT"Core/Src/system_stm32f4xx.o" --specs=nano.specs -mfpu=fpv4-sp-d16 -mfloat-abi=hard -mthumb -o "Core/Src/system_stm32f4xx.o"
arm-none-eabi-gcc -o "nucleo-f401re-freertos-drone.elf" @"objects.list"   -mcpu=cortex-m4 -T"C:\SOFT\bis\do_przeniesienia\repozytoria\drone\nucleo-f401re-freertos-drone\STM32F401RETX_FLASH.ld" --specs=nosys.specs -Wl,-Map="nucleo-f401re-freertos-drone.map" -Wl,--gc-sections -static --specs=nano.specs -mfpu=fpv4-sp-d16 -mfloat-abi=hard -mthumb -Wl,--start-group -lc -lm -Wl,--end-group
Finished building target: nucleo-f401re-freertos-drone.elf
 
arm-none-eabi-size   nucleo-f401re-freertos-drone.elf 
arm-none-eabi-objdump -h -S  nucleo-f401re-freertos-drone.elf  > "nucleo-f401re-freertos-drone.list"
   text	   data	    bss	    dec	    hex	filename
  20468	     24	  20464	  40956	   9ffc	nucleo-f401re-freertos-drone.elf
arm-none-eabi-objcopy  -O binary  nucleo-f401re-freertos-drone.elf  "nucleo-f401re-freertos-drone.bin"
Finished building: default.size.stdout
 
Finished building: nucleo-f401re-freertos-drone.bin
 
Finished building: nucleo-f401re-freertos-drone.list
 
19:40:15 **** Incremental Build of configuration Debug for project nucleo-f401re-freertos-drone ****
make -j8 all 
arm-none-eabi-size   nucleo-f401re-freertos-drone.elf 
   text	   data	    bss	    dec	    hex	filename
  20468	     24	  20464	  40956	   9ffc	nucleo-f401re-freertos-drone.elf
Finished building: default.size.stdout
 
19:42:33 **** Incremental Build of configuration Debug for project nucleo-f401re-freertos-drone ****
make -j8 all 
arm-none-eabi-gcc "../Core/Src/main.c" -mcpu=cortex-m4 -std=gnu11 -g3 -DUSE_HAL_DRIVER -DSTM32F401xE -DDEBUG -c -IC:/Users/KSuma/STM32Cube/Repository/STM32Cube_FW_F4_V1.25.1/Middlewares/Third_Party/FreeRTOS/Source/portable/GCC/ARM_CM4F -IC:/Users/KSuma/STM32Cube/Repository/STM32Cube_FW_F4_V1.25.1/Drivers/CMSIS/Device/ST/STM32F4xx/Include -IC:/Users/KSuma/STM32Cube/Repository/STM32Cube_FW_F4_V1.25.1/Drivers/CMSIS/Include -IC:/Users/KSuma/STM32Cube/Repository/STM32Cube_FW_F4_V1.25.1/Drivers/STM32F4xx_HAL_Driver/Inc -I../Core/Inc -IC:/Users/KSuma/STM32Cube/Repository/STM32Cube_FW_F4_V1.25.1/Middlewares/Third_Party/FreeRTOS/Source/include -IC:/Users/KSuma/STM32Cube/Repository/STM32Cube_FW_F4_V1.25.1/Drivers/STM32F4xx_HAL_Driver/Inc/Legacy -IC:/Users/KSuma/STM32Cube/Repository/STM32Cube_FW_F4_V1.25.1/Middlewares/Third_Party/FreeRTOS/Source/CMSIS_RTOS_V2 -O0 -ffunction-sections -fdata-sections -Wall -fstack-usage -MMD -MP -MF"Core/Src/main.d" -MT"Core/Src/main.o" --specs=nano.specs -mfpu=fpv4-sp-d16 -mfloat-abi=hard -mthumb -o "Core/Src/main.o"
arm-none-eabi-gcc -o "nucleo-f401re-freertos-drone.elf" @"objects.list"   -mcpu=cortex-m4 -T"C:\SOFT\bis\do_przeniesienia\repozytoria\drone\nucleo-f401re-freertos-drone\STM32F401RETX_FLASH.ld" --specs=nosys.specs -Wl,-Map="nucleo-f401re-freertos-drone.map" -Wl,--gc-sections -static --specs=nano.specs -mfpu=fpv4-sp-d16 -mfloat-abi=hard -mthumb -Wl,--start-group -lc -lm -Wl,--end-group
Finished building target: nucleo-f401re-freertos-drone.elf
 
arm-none-eabi-objdump -h -S  nucleo-f401re-freertos-drone.elf  > "nucleo-f401re-freertos-drone.list"
arm-none-eabi-objcopy  -O binary  nucleo-f401re-freertos-drone.elf  "nucleo-f401re-freertos-drone.bin"
arm-none-eabi-size   nucleo-f401re-freertos-drone.elf 
   text	   data	    bss	    dec	    hex	filename
  20404	     24	  20464	  40892	   9fbc	nucleo-f401re-freertos-drone.elf
Finished building: default.size.stdout
Finished building: nucleo-f401re-freertos-drone.bin
 
 
Finished building: nucleo-f401re-freertos-drone.list
 
19:43:13 **** Incremental Build of configuration Debug for project nucleo-f401re-freertos-drone ****
make -j8 all 
arm-none-eabi-gcc "../Core/Src/main.c" -mcpu=cortex-m4 -std=gnu11 -g3 -DUSE_HAL_DRIVER -DSTM32F401xE -DDEBUG -c -IC:/Users/KSuma/STM32Cube/Repository/STM32Cube_FW_F4_V1.25.1/Middlewares/Third_Party/FreeRTOS/Source/portable/GCC/ARM_CM4F -IC:/Users/KSuma/STM32Cube/Repository/STM32Cube_FW_F4_V1.25.1/Drivers/CMSIS/Device/ST/STM32F4xx/Include -IC:/Users/KSuma/STM32Cube/Repository/STM32Cube_FW_F4_V1.25.1/Drivers/CMSIS/Include -IC:/Users/KSuma/STM32Cube/Repository/STM32Cube_FW_F4_V1.25.1/Drivers/STM32F4xx_HAL_Driver/Inc -I../Core/Inc -IC:/Users/KSuma/STM32Cube/Repository/STM32Cube_FW_F4_V1.25.1/Middlewares/Third_Party/FreeRTOS/Source/include -IC:/Users/KSuma/STM32Cube/Repository/STM32Cube_FW_F4_V1.25.1/Drivers/STM32F4xx_HAL_Driver/Inc/Legacy -IC:/Users/KSuma/STM32Cube/Repository/STM32Cube_FW_F4_V1.25.1/Middlewares/Third_Party/FreeRTOS/Source/CMSIS_RTOS_V2 -O0 -ffunction-sections -fdata-sections -Wall -fstack-usage -MMD -MP -MF"Core/Src/main.d" -MT"Core/Src/main.o" --specs=nano.specs -mfpu=fpv4-sp-d16 -mfloat-abi=hard -mthumb -o "Core/Src/main.o"
arm-none-eabi-gcc -o "nucleo-f401re-freertos-drone.elf" @"objects.list"   -mcpu=cortex-m4 -T"C:\SOFT\bis\do_przeniesienia\repozytoria\drone\nucleo-f401re-freertos-drone\STM32F401RETX_FLASH.ld" --specs=nosys.specs -Wl,-Map="nucleo-f401re-freertos-drone.map" -Wl,--gc-sections -static --specs=nano.specs -mfpu=fpv4-sp-d16 -mfloat-abi=hard -mthumb -Wl,--start-group -lc -lm -Wl,--end-group
Finished building target: nucleo-f401re-freertos-drone.elf
 
arm-none-eabi-objdump -h -S  nucleo-f401re-freertos-drone.elf  > "nucleo-f401re-freertos-drone.list"
arm-none-eabi-objcopy  -O binary  nucleo-f401re-freertos-drone.elf  "nucleo-f401re-freertos-drone.bin"
arm-none-eabi-size   nucleo-f401re-freertos-drone.elf 
   text	   data	    bss	    dec	    hex	filename
  20468	     24	  20464	  40956	   9ffc	nucleo-f401re-freertos-drone.elf
Finished building: default.size.stdout
 
Finished building: nucleo-f401re-freertos-drone.bin
 
Finished building: nucleo-f401re-freertos-drone.list
 
19:43:44 **** Incremental Build of configuration Debug for project nucleo-f401re-freertos-drone ****
make -j8 all 
arm-none-eabi-size   nucleo-f401re-freertos-drone.elf 
   text	   data	    bss	    dec	    hex	filename
  20468	     24	  20464	  40956	   9ffc	nucleo-f401re-freertos-drone.elf
Finished building: default.size.stdout
 
19:43:54 **** Incremental Build of configuration Debug for project nucleo-f401re-freertos-drone ****
make -j8 all 
arm-none-eabi-size   nucleo-f401re-freertos-drone.elf 
   text	   data	    bss	    dec	    hex	filename
  20468	     24	  20464	  40956	   9ffc	nucleo-f401re-freertos-drone.elf
Finished building: default.size.stdout
 
19:45:38 **** Incremental Build of configuration Debug for project nucleo-f401re-freertos-drone ****
make -j8 all 
arm-none-eabi-size   nucleo-f401re-freertos-drone.elf 
   text	   data	    bss	    dec	    hex	filename
  20468	     24	  20464	  40956	   9ffc	nucleo-f401re-freertos-drone.elf
Finished building: default.size.stdout
 
19:45:48 **** Incremental Build of configuration Debug for project nucleo-f401re-freertos-drone ****
make -j8 all 
arm-none-eabi-size   nucleo-f401re-freertos-drone.elf 
   text	   data	    bss	    dec	    hex	filename
  20468	     24	  20464	  40956	   9ffc	nucleo-f401re-freertos-drone.elf
Finished building: default.size.stdout
 
19:46:13 **** Incremental Build of configuration Debug for project nucleo-f401re-freertos-drone ****
make -j8 all 
arm-none-eabi-size   nucleo-f401re-freertos-drone.elf 
   text	   data	    bss	    dec	    hex	filename
  20468	     24	  20464	  40956	   9ffc	nucleo-f401re-freertos-drone.elf
Finished building: default.size.stdout
 
19:46:48 **** Incremental Build of configuration Debug for project nucleo-f401re-freertos-drone ****
make -j8 all 
arm-none-eabi-size   nucleo-f401re-freertos-drone.elf 
   text	   data	    bss	    dec	    hex	filename
  20468	     24	  20464	  40956	   9ffc	nucleo-f401re-freertos-drone.elf
Finished building: default.size.stdout
 
19:46:59 **** Incremental Build of configuration Debug for project nucleo-f401re-freertos-drone ****
make -j8 all 
arm-none-eabi-size   nucleo-f401re-freertos-drone.elf 
   text	   data	    bss	    dec	    hex	filename
  20468	     24	  20464	  40956	   9ffc	nucleo-f401re-freertos-drone.elf
Finished building: default.size.stdout
 
19:47:06 **** Incremental Build of configuration Debug for project nucleo-f401re-freertos-drone ****
make -j8 all 
arm-none-eabi-size   nucleo-f401re-freertos-drone.elf 
   text	   data	    bss	    dec	    hex	filename
  20468	     24	  20464	  40956	   9ffc	nucleo-f401re-freertos-drone.elf
Finished building: default.size.stdout
 
21:46:52 **** Build of configuration Debug for project nucleo-f401re-freertos-drone ****
make -j8 all 
arm-none-eabi-gcc "C:/Users/KSuma/STM32Cube/Repository/STM32Cube_FW_F4_V1.25.1/Middlewares/Third_Party/FreeRTOS/Source/CMSIS_RTOS_V2/cmsis_os2.c" -mcpu=cortex-m4 -std=gnu11 -g3 -DUSE_HAL_DRIVER -DSTM32F401xE -DDEBUG -c -IC:/Users/KSuma/STM32Cube/Repository/STM32Cube_FW_F4_V1.25.1/Middlewares/Third_Party/FreeRTOS/Source/portable/GCC/ARM_CM4F -IC:/Users/KSuma/STM32Cube/Repository/STM32Cube_FW_F4_V1.25.1/Drivers/CMSIS/Device/ST/STM32F4xx/Include -IC:/Users/KSuma/STM32Cube/Repository/STM32Cube_FW_F4_V1.25.1/Drivers/CMSIS/Include -IC:/Users/KSuma/STM32Cube/Repository/STM32Cube_FW_F4_V1.25.1/Drivers/STM32F4xx_HAL_Driver/Inc -I../Core/Inc -IC:/Users/KSuma/STM32Cube/Repository/STM32Cube_FW_F4_V1.25.1/Middlewares/Third_Party/FreeRTOS/Source/include -IC:/Users/KSuma/STM32Cube/Repository/STM32Cube_FW_F4_V1.25.1/Drivers/STM32F4xx_HAL_Driver/Inc/Legacy -IC:/Users/KSuma/STM32Cube/Repository/STM32Cube_FW_F4_V1.25.1/Middlewares/Third_Party/FreeRTOS/Source/CMSIS_RTOS_V2 -O0 -ffunction-sections -fdata-sections -Wall -fstack-usage -MMD -MP -MF"Middlewares/FreeRTOS/cmsis_os2.d" -MT"Middlewares/FreeRTOS/cmsis_os2.o" --specs=nano.specs -mfpu=fpv4-sp-d16 -mfloat-abi=hard -mthumb -o "Middlewares/FreeRTOS/cmsis_os2.o"
arm-none-eabi-gcc "C:/Users/KSuma/STM32Cube/Repository/STM32Cube_FW_F4_V1.25.1/Middlewares/Third_Party/FreeRTOS/Source/croutine.c" -mcpu=cortex-m4 -std=gnu11 -g3 -DUSE_HAL_DRIVER -DSTM32F401xE -DDEBUG -c -IC:/Users/KSuma/STM32Cube/Repository/STM32Cube_FW_F4_V1.25.1/Middlewares/Third_Party/FreeRTOS/Source/portable/GCC/ARM_CM4F -IC:/Users/KSuma/STM32Cube/Repository/STM32Cube_FW_F4_V1.25.1/Drivers/CMSIS/Device/ST/STM32F4xx/Include -IC:/Users/KSuma/STM32Cube/Repository/STM32Cube_FW_F4_V1.25.1/Drivers/CMSIS/Include -IC:/Users/KSuma/STM32Cube/Repository/STM32Cube_FW_F4_V1.25.1/Drivers/STM32F4xx_HAL_Driver/Inc -I../Core/Inc -IC:/Users/KSuma/STM32Cube/Repository/STM32Cube_FW_F4_V1.25.1/Middlewares/Third_Party/FreeRTOS/Source/include -IC:/Users/KSuma/STM32Cube/Repository/STM32Cube_FW_F4_V1.25.1/Drivers/STM32F4xx_HAL_Driver/Inc/Legacy -IC:/Users/KSuma/STM32Cube/Repository/STM32Cube_FW_F4_V1.25.1/Middlewares/Third_Party/FreeRTOS/Source/CMSIS_RTOS_V2 -O0 -ffunction-sections -fdata-sections -Wall -fstack-usage -MMD -MP -MF"Middlewares/FreeRTOS/croutine.d" -MT"Middlewares/FreeRTOS/croutine.o" --specs=nano.specs -mfpu=fpv4-sp-d16 -mfloat-abi=hard -mthumb -o "Middlewares/FreeRTOS/croutine.o"
arm-none-eabi-gcc "C:/Users/KSuma/STM32Cube/Repository/STM32Cube_FW_F4_V1.25.1/Middlewares/Third_Party/FreeRTOS/Source/event_groups.c" -mcpu=cortex-m4 -std=gnu11 -g3 -DUSE_HAL_DRIVER -DSTM32F401xE -DDEBUG -c -IC:/Users/KSuma/STM32Cube/Repository/STM32Cube_FW_F4_V1.25.1/Middlewares/Third_Party/FreeRTOS/Source/portable/GCC/ARM_CM4F -IC:/Users/KSuma/STM32Cube/Repository/STM32Cube_FW_F4_V1.25.1/Drivers/CMSIS/Device/ST/STM32F4xx/Include -IC:/Users/KSuma/STM32Cube/Repository/STM32Cube_FW_F4_V1.25.1/Drivers/CMSIS/Include -IC:/Users/KSuma/STM32Cube/Repository/STM32Cube_FW_F4_V1.25.1/Drivers/STM32F4xx_HAL_Driver/Inc -I../Core/Inc -IC:/Users/KSuma/STM32Cube/Repository/STM32Cube_FW_F4_V1.25.1/Middlewares/Third_Party/FreeRTOS/Source/include -IC:/Users/KSuma/STM32Cube/Repository/STM32Cube_FW_F4_V1.25.1/Drivers/STM32F4xx_HAL_Driver/Inc/Legacy -IC:/Users/KSuma/STM32Cube/Repository/STM32Cube_FW_F4_V1.25.1/Middlewares/Third_Party/FreeRTOS/Source/CMSIS_RTOS_V2 -O0 -ffunction-sections -fdata-sections -Wall -fstack-usage -MMD -MP -MF"Middlewares/FreeRTOS/event_groups.d" -MT"Middlewares/FreeRTOS/event_groups.o" --specs=nano.specs -mfpu=fpv4-sp-d16 -mfloat-abi=hard -mthumb -o "Middlewares/FreeRTOS/event_groups.o"
arm-none-eabi-gcc "C:/Users/KSuma/STM32Cube/Repository/STM32Cube_FW_F4_V1.25.1/Middlewares/Third_Party/FreeRTOS/Source/portable/MemMang/heap_4.c" -mcpu=cortex-m4 -std=gnu11 -g3 -DUSE_HAL_DRIVER -DSTM32F401xE -DDEBUG -c -IC:/Users/KSuma/STM32Cube/Repository/STM32Cube_FW_F4_V1.25.1/Middlewares/Third_Party/FreeRTOS/Source/portable/GCC/ARM_CM4F -IC:/Users/KSuma/STM32Cube/Repository/STM32Cube_FW_F4_V1.25.1/Drivers/CMSIS/Device/ST/STM32F4xx/Include -IC:/Users/KSuma/STM32Cube/Repository/STM32Cube_FW_F4_V1.25.1/Drivers/CMSIS/Include -IC:/Users/KSuma/STM32Cube/Repository/STM32Cube_FW_F4_V1.25.1/Drivers/STM32F4xx_HAL_Driver/Inc -I../Core/Inc -IC:/Users/KSuma/STM32Cube/Repository/STM32Cube_FW_F4_V1.25.1/Middlewares/Third_Party/FreeRTOS/Source/include -IC:/Users/KSuma/STM32Cube/Repository/STM32Cube_FW_F4_V1.25.1/Drivers/STM32F4xx_HAL_Driver/Inc/Legacy -IC:/Users/KSuma/STM32Cube/Repository/STM32Cube_FW_F4_V1.25.1/Middlewares/Third_Party/FreeRTOS/Source/CMSIS_RTOS_V2 -O0 -ffunction-sections -fdata-sections -Wall -fstack-usage -MMD -MP -MF"Middlewares/FreeRTOS/heap_4.d" -MT"Middlewares/FreeRTOS/heap_4.o" --specs=nano.specs -mfpu=fpv4-sp-d16 -mfloat-abi=hard -mthumb -o "Middlewares/FreeRTOS/heap_4.o"
arm-none-eabi-gcc "C:/Users/KSuma/STM32Cube/Repository/STM32Cube_FW_F4_V1.25.1/Middlewares/Third_Party/FreeRTOS/Source/list.c" -mcpu=cortex-m4 -std=gnu11 -g3 -DUSE_HAL_DRIVER -DSTM32F401xE -DDEBUG -c -IC:/Users/KSuma/STM32Cube/Repository/STM32Cube_FW_F4_V1.25.1/Middlewares/Third_Party/FreeRTOS/Source/portable/GCC/ARM_CM4F -IC:/Users/KSuma/STM32Cube/Repository/STM32Cube_FW_F4_V1.25.1/Drivers/CMSIS/Device/ST/STM32F4xx/Include -IC:/Users/KSuma/STM32Cube/Repository/STM32Cube_FW_F4_V1.25.1/Drivers/CMSIS/Include -IC:/Users/KSuma/STM32Cube/Repository/STM32Cube_FW_F4_V1.25.1/Drivers/STM32F4xx_HAL_Driver/Inc -I../Core/Inc -IC:/Users/KSuma/STM32Cube/Repository/STM32Cube_FW_F4_V1.25.1/Middlewares/Third_Party/FreeRTOS/Source/include -IC:/Users/KSuma/STM32Cube/Repository/STM32Cube_FW_F4_V1.25.1/Drivers/STM32F4xx_HAL_Driver/Inc/Legacy -IC:/Users/KSuma/STM32Cube/Repository/STM32Cube_FW_F4_V1.25.1/Middlewares/Third_Party/FreeRTOS/Source/CMSIS_RTOS_V2 -O0 -ffunction-sections -fdata-sections -Wall -fstack-usage -MMD -MP -MF"Middlewares/FreeRTOS/list.d" -MT"Middlewares/FreeRTOS/list.o" --specs=nano.specs -mfpu=fpv4-sp-d16 -mfloat-abi=hard -mthumb -o "Middlewares/FreeRTOS/list.o"
arm-none-eabi-gcc "C:/Users/KSuma/STM32Cube/Repository/STM32Cube_FW_F4_V1.25.1/Middlewares/Third_Party/FreeRTOS/Source/portable/GCC/ARM_CM4F/port.c" -mcpu=cortex-m4 -std=gnu11 -g3 -DUSE_HAL_DRIVER -DSTM32F401xE -DDEBUG -c -IC:/Users/KSuma/STM32Cube/Repository/STM32Cube_FW_F4_V1.25.1/Middlewares/Third_Party/FreeRTOS/Source/portable/GCC/ARM_CM4F -IC:/Users/KSuma/STM32Cube/Repository/STM32Cube_FW_F4_V1.25.1/Drivers/CMSIS/Device/ST/STM32F4xx/Include -IC:/Users/KSuma/STM32Cube/Repository/STM32Cube_FW_F4_V1.25.1/Drivers/CMSIS/Include -IC:/Users/KSuma/STM32Cube/Repository/STM32Cube_FW_F4_V1.25.1/Drivers/STM32F4xx_HAL_Driver/Inc -I../Core/Inc -IC:/Users/KSuma/STM32Cube/Repository/STM32Cube_FW_F4_V1.25.1/Middlewares/Third_Party/FreeRTOS/Source/include -IC:/Users/KSuma/STM32Cube/Repository/STM32Cube_FW_F4_V1.25.1/Drivers/STM32F4xx_HAL_Driver/Inc/Legacy -IC:/Users/KSuma/STM32Cube/Repository/STM32Cube_FW_F4_V1.25.1/Middlewares/Third_Party/FreeRTOS/Source/CMSIS_RTOS_V2 -O0 -ffunction-sections -fdata-sections -Wall -fstack-usage -MMD -MP -MF"Middlewares/FreeRTOS/port.d" -MT"Middlewares/FreeRTOS/port.o" --specs=nano.specs -mfpu=fpv4-sp-d16 -mfloat-abi=hard -mthumb -o "Middlewares/FreeRTOS/port.o"
arm-none-eabi-gcc "C:/Users/KSuma/STM32Cube/Repository/STM32Cube_FW_F4_V1.25.1/Middlewares/Third_Party/FreeRTOS/Source/queue.c" -mcpu=cortex-m4 -std=gnu11 -g3 -DUSE_HAL_DRIVER -DSTM32F401xE -DDEBUG -c -IC:/Users/KSuma/STM32Cube/Repository/STM32Cube_FW_F4_V1.25.1/Middlewares/Third_Party/FreeRTOS/Source/portable/GCC/ARM_CM4F -IC:/Users/KSuma/STM32Cube/Repository/STM32Cube_FW_F4_V1.25.1/Drivers/CMSIS/Device/ST/STM32F4xx/Include -IC:/Users/KSuma/STM32Cube/Repository/STM32Cube_FW_F4_V1.25.1/Drivers/CMSIS/Include -IC:/Users/KSuma/STM32Cube/Repository/STM32Cube_FW_F4_V1.25.1/Drivers/STM32F4xx_HAL_Driver/Inc -I../Core/Inc -IC:/Users/KSuma/STM32Cube/Repository/STM32Cube_FW_F4_V1.25.1/Middlewares/Third_Party/FreeRTOS/Source/include -IC:/Users/KSuma/STM32Cube/Repository/STM32Cube_FW_F4_V1.25.1/Drivers/STM32F4xx_HAL_Driver/Inc/Legacy -IC:/Users/KSuma/STM32Cube/Repository/STM32Cube_FW_F4_V1.25.1/Middlewares/Third_Party/FreeRTOS/Source/CMSIS_RTOS_V2 -O0 -ffunction-sections -fdata-sections -Wall -fstack-usage -MMD -MP -MF"Middlewares/FreeRTOS/queue.d" -MT"Middlewares/FreeRTOS/queue.o" --specs=nano.specs -mfpu=fpv4-sp-d16 -mfloat-abi=hard -mthumb -o "Middlewares/FreeRTOS/queue.o"
arm-none-eabi-gcc "C:/Users/KSuma/STM32Cube/Repository/STM32Cube_FW_F4_V1.25.1/Middlewares/Third_Party/FreeRTOS/Source/stream_buffer.c" -mcpu=cortex-m4 -std=gnu11 -g3 -DUSE_HAL_DRIVER -DSTM32F401xE -DDEBUG -c -IC:/Users/KSuma/STM32Cube/Repository/STM32Cube_FW_F4_V1.25.1/Middlewares/Third_Party/FreeRTOS/Source/portable/GCC/ARM_CM4F -IC:/Users/KSuma/STM32Cube/Repository/STM32Cube_FW_F4_V1.25.1/Drivers/CMSIS/Device/ST/STM32F4xx/Include -IC:/Users/KSuma/STM32Cube/Repository/STM32Cube_FW_F4_V1.25.1/Drivers/CMSIS/Include -IC:/Users/KSuma/STM32Cube/Repository/STM32Cube_FW_F4_V1.25.1/Drivers/STM32F4xx_HAL_Driver/Inc -I../Core/Inc -IC:/Users/KSuma/STM32Cube/Repository/STM32Cube_FW_F4_V1.25.1/Middlewares/Third_Party/FreeRTOS/Source/include -IC:/Users/KSuma/STM32Cube/Repository/STM32Cube_FW_F4_V1.25.1/Drivers/STM32F4xx_HAL_Driver/Inc/Legacy -IC:/Users/KSuma/STM32Cube/Repository/STM32Cube_FW_F4_V1.25.1/Middlewares/Third_Party/FreeRTOS/Source/CMSIS_RTOS_V2 -O0 -ffunction-sections -fdata-sections -Wall -fstack-usage -MMD -MP -MF"Middlewares/FreeRTOS/stream_buffer.d" -MT"Middlewares/FreeRTOS/stream_buffer.o" --specs=nano.specs -mfpu=fpv4-sp-d16 -mfloat-abi=hard -mthumb -o "Middlewares/FreeRTOS/stream_buffer.o"
arm-none-eabi-gcc "C:/Users/KSuma/STM32Cube/Repository/STM32Cube_FW_F4_V1.25.1/Middlewares/Third_Party/FreeRTOS/Source/tasks.c" -mcpu=cortex-m4 -std=gnu11 -g3 -DUSE_HAL_DRIVER -DSTM32F401xE -DDEBUG -c -IC:/Users/KSuma/STM32Cube/Repository/STM32Cube_FW_F4_V1.25.1/Middlewares/Third_Party/FreeRTOS/Source/portable/GCC/ARM_CM4F -IC:/Users/KSuma/STM32Cube/Repository/STM32Cube_FW_F4_V1.25.1/Drivers/CMSIS/Device/ST/STM32F4xx/Include -IC:/Users/KSuma/STM32Cube/Repository/STM32Cube_FW_F4_V1.25.1/Drivers/CMSIS/Include -IC:/Users/KSuma/STM32Cube/Repository/STM32Cube_FW_F4_V1.25.1/Drivers/STM32F4xx_HAL_Driver/Inc -I../Core/Inc -IC:/Users/KSuma/STM32Cube/Repository/STM32Cube_FW_F4_V1.25.1/Middlewares/Third_Party/FreeRTOS/Source/include -IC:/Users/KSuma/STM32Cube/Repository/STM32Cube_FW_F4_V1.25.1/Drivers/STM32F4xx_HAL_Driver/Inc/Legacy -IC:/Users/KSuma/STM32Cube/Repository/STM32Cube_FW_F4_V1.25.1/Middlewares/Third_Party/FreeRTOS/Source/CMSIS_RTOS_V2 -O0 -ffunction-sections -fdata-sections -Wall -fstack-usage -MMD -MP -MF"Middlewares/FreeRTOS/tasks.d" -MT"Middlewares/FreeRTOS/tasks.o" --specs=nano.specs -mfpu=fpv4-sp-d16 -mfloat-abi=hard -mthumb -o "Middlewares/FreeRTOS/tasks.o"
arm-none-eabi-gcc "C:/Users/KSuma/STM32Cube/Repository/STM32Cube_FW_F4_V1.25.1/Middlewares/Third_Party/FreeRTOS/Source/timers.c" -mcpu=cortex-m4 -std=gnu11 -g3 -DUSE_HAL_DRIVER -DSTM32F401xE -DDEBUG -c -IC:/Users/KSuma/STM32Cube/Repository/STM32Cube_FW_F4_V1.25.1/Middlewares/Third_Party/FreeRTOS/Source/portable/GCC/ARM_CM4F -IC:/Users/KSuma/STM32Cube/Repository/STM32Cube_FW_F4_V1.25.1/Drivers/CMSIS/Device/ST/STM32F4xx/Include -IC:/Users/KSuma/STM32Cube/Repository/STM32Cube_FW_F4_V1.25.1/Drivers/CMSIS/Include -IC:/Users/KSuma/STM32Cube/Repository/STM32Cube_FW_F4_V1.25.1/Drivers/STM32F4xx_HAL_Driver/Inc -I../Core/Inc -IC:/Users/KSuma/STM32Cube/Repository/STM32Cube_FW_F4_V1.25.1/Middlewares/Third_Party/FreeRTOS/Source/include -IC:/Users/KSuma/STM32Cube/Repository/STM32Cube_FW_F4_V1.25.1/Drivers/STM32F4xx_HAL_Driver/Inc/Legacy -IC:/Users/KSuma/STM32Cube/Repository/STM32Cube_FW_F4_V1.25.1/Middlewares/Third_Party/FreeRTOS/Source/CMSIS_RTOS_V2 -O0 -ffunction-sections -fdata-sections -Wall -fstack-usage -MMD -MP -MF"Middlewares/FreeRTOS/timers.d" -MT"Middlewares/FreeRTOS/timers.o" --specs=nano.specs -mfpu=fpv4-sp-d16 -mfloat-abi=hard -mthumb -o "Middlewares/FreeRTOS/timers.o"
arm-none-eabi-gcc "C:/Users/KSuma/STM32Cube/Repository/STM32Cube_FW_F4_V1.25.1/Drivers/STM32F4xx_HAL_Driver/Src/stm32f4xx_hal.c" -mcpu=cortex-m4 -std=gnu11 -g3 -DUSE_HAL_DRIVER -DSTM32F401xE -DDEBUG -c -IC:/Users/KSuma/STM32Cube/Repository/STM32Cube_FW_F4_V1.25.1/Middlewares/Third_Party/FreeRTOS/Source/portable/GCC/ARM_CM4F -IC:/Users/KSuma/STM32Cube/Repository/STM32Cube_FW_F4_V1.25.1/Drivers/CMSIS/Device/ST/STM32F4xx/Include -IC:/Users/KSuma/STM32Cube/Repository/STM32Cube_FW_F4_V1.25.1/Drivers/CMSIS/Include -IC:/Users/KSuma/STM32Cube/Repository/STM32Cube_FW_F4_V1.25.1/Drivers/STM32F4xx_HAL_Driver/Inc -I../Core/Inc -IC:/Users/KSuma/STM32Cube/Repository/STM32Cube_FW_F4_V1.25.1/Middlewares/Third_Party/FreeRTOS/Source/include -IC:/Users/KSuma/STM32Cube/Repository/STM32Cube_FW_F4_V1.25.1/Drivers/STM32F4xx_HAL_Driver/Inc/Legacy -IC:/Users/KSuma/STM32Cube/Repository/STM32Cube_FW_F4_V1.25.1/Middlewares/Third_Party/FreeRTOS/Source/CMSIS_RTOS_V2 -O0 -ffunction-sections -fdata-sections -Wall -fstack-usage -MMD -MP -MF"Drivers/STM32F4xx_HAL_Driver/stm32f4xx_hal.d" -MT"Drivers/STM32F4xx_HAL_Driver/stm32f4xx_hal.o" --specs=nano.specs -mfpu=fpv4-sp-d16 -mfloat-abi=hard -mthumb -o "Drivers/STM32F4xx_HAL_Driver/stm32f4xx_hal.o"
arm-none-eabi-gcc "C:/Users/KSuma/STM32Cube/Repository/STM32Cube_FW_F4_V1.25.1/Drivers/STM32F4xx_HAL_Driver/Src/stm32f4xx_hal_cortex.c" -mcpu=cortex-m4 -std=gnu11 -g3 -DUSE_HAL_DRIVER -DSTM32F401xE -DDEBUG -c -IC:/Users/KSuma/STM32Cube/Repository/STM32Cube_FW_F4_V1.25.1/Middlewares/Third_Party/FreeRTOS/Source/portable/GCC/ARM_CM4F -IC:/Users/KSuma/STM32Cube/Repository/STM32Cube_FW_F4_V1.25.1/Drivers/CMSIS/Device/ST/STM32F4xx/Include -IC:/Users/KSuma/STM32Cube/Repository/STM32Cube_FW_F4_V1.25.1/Drivers/CMSIS/Include -IC:/Users/KSuma/STM32Cube/Repository/STM32Cube_FW_F4_V1.25.1/Drivers/STM32F4xx_HAL_Driver/Inc -I../Core/Inc -IC:/Users/KSuma/STM32Cube/Repository/STM32Cube_FW_F4_V1.25.1/Middlewares/Third_Party/FreeRTOS/Source/include -IC:/Users/KSuma/STM32Cube/Repository/STM32Cube_FW_F4_V1.25.1/Drivers/STM32F4xx_HAL_Driver/Inc/Legacy -IC:/Users/KSuma/STM32Cube/Repository/STM32Cube_FW_F4_V1.25.1/Middlewares/Third_Party/FreeRTOS/Source/CMSIS_RTOS_V2 -O0 -ffunction-sections -fdata-sections -Wall -fstack-usage -MMD -MP -MF"Drivers/STM32F4xx_HAL_Driver/stm32f4xx_hal_cortex.d" -MT"Drivers/STM32F4xx_HAL_Driver/stm32f4xx_hal_cortex.o" --specs=nano.specs -mfpu=fpv4-sp-d16 -mfloat-abi=hard -mthumb -o "Drivers/STM32F4xx_HAL_Driver/stm32f4xx_hal_cortex.o"
arm-none-eabi-gcc "C:/Users/KSuma/STM32Cube/Repository/STM32Cube_FW_F4_V1.25.1/Drivers/STM32F4xx_HAL_Driver/Src/stm32f4xx_hal_dma.c" -mcpu=cortex-m4 -std=gnu11 -g3 -DUSE_HAL_DRIVER -DSTM32F401xE -DDEBUG -c -IC:/Users/KSuma/STM32Cube/Repository/STM32Cube_FW_F4_V1.25.1/Middlewares/Third_Party/FreeRTOS/Source/portable/GCC/ARM_CM4F -IC:/Users/KSuma/STM32Cube/Repository/STM32Cube_FW_F4_V1.25.1/Drivers/CMSIS/Device/ST/STM32F4xx/Include -IC:/Users/KSuma/STM32Cube/Repository/STM32Cube_FW_F4_V1.25.1/Drivers/CMSIS/Include -IC:/Users/KSuma/STM32Cube/Repository/STM32Cube_FW_F4_V1.25.1/Drivers/STM32F4xx_HAL_Driver/Inc -I../Core/Inc -IC:/Users/KSuma/STM32Cube/Repository/STM32Cube_FW_F4_V1.25.1/Middlewares/Third_Party/FreeRTOS/Source/include -IC:/Users/KSuma/STM32Cube/Repository/STM32Cube_FW_F4_V1.25.1/Drivers/STM32F4xx_HAL_Driver/Inc/Legacy -IC:/Users/KSuma/STM32Cube/Repository/STM32Cube_FW_F4_V1.25.1/Middlewares/Third_Party/FreeRTOS/Source/CMSIS_RTOS_V2 -O0 -ffunction-sections -fdata-sections -Wall -fstack-usage -MMD -MP -MF"Drivers/STM32F4xx_HAL_Driver/stm32f4xx_hal_dma.d" -MT"Drivers/STM32F4xx_HAL_Driver/stm32f4xx_hal_dma.o" --specs=nano.specs -mfpu=fpv4-sp-d16 -mfloat-abi=hard -mthumb -o "Drivers/STM32F4xx_HAL_Driver/stm32f4xx_hal_dma.o"
arm-none-eabi-gcc "C:/Users/KSuma/STM32Cube/Repository/STM32Cube_FW_F4_V1.25.1/Drivers/STM32F4xx_HAL_Driver/Src/stm32f4xx_hal_dma_ex.c" -mcpu=cortex-m4 -std=gnu11 -g3 -DUSE_HAL_DRIVER -DSTM32F401xE -DDEBUG -c -IC:/Users/KSuma/STM32Cube/Repository/STM32Cube_FW_F4_V1.25.1/Middlewares/Third_Party/FreeRTOS/Source/portable/GCC/ARM_CM4F -IC:/Users/KSuma/STM32Cube/Repository/STM32Cube_FW_F4_V1.25.1/Drivers/CMSIS/Device/ST/STM32F4xx/Include -IC:/Users/KSuma/STM32Cube/Repository/STM32Cube_FW_F4_V1.25.1/Drivers/CMSIS/Include -IC:/Users/KSuma/STM32Cube/Repository/STM32Cube_FW_F4_V1.25.1/Drivers/STM32F4xx_HAL_Driver/Inc -I../Core/Inc -IC:/Users/KSuma/STM32Cube/Repository/STM32Cube_FW_F4_V1.25.1/Middlewares/Third_Party/FreeRTOS/Source/include -IC:/Users/KSuma/STM32Cube/Repository/STM32Cube_FW_F4_V1.25.1/Drivers/STM32F4xx_HAL_Driver/Inc/Legacy -IC:/Users/KSuma/STM32Cube/Repository/STM32Cube_FW_F4_V1.25.1/Middlewares/Third_Party/FreeRTOS/Source/CMSIS_RTOS_V2 -O0 -ffunction-sections -fdata-sections -Wall -fstack-usage -MMD -MP -MF"Drivers/STM32F4xx_HAL_Driver/stm32f4xx_hal_dma_ex.d" -MT"Drivers/STM32F4xx_HAL_Driver/stm32f4xx_hal_dma_ex.o" --specs=nano.specs -mfpu=fpv4-sp-d16 -mfloat-abi=hard -mthumb -o "Drivers/STM32F4xx_HAL_Driver/stm32f4xx_hal_dma_ex.o"
arm-none-eabi-gcc "C:/Users/KSuma/STM32Cube/Repository/STM32Cube_FW_F4_V1.25.1/Drivers/STM32F4xx_HAL_Driver/Src/stm32f4xx_hal_exti.c" -mcpu=cortex-m4 -std=gnu11 -g3 -DUSE_HAL_DRIVER -DSTM32F401xE -DDEBUG -c -IC:/Users/KSuma/STM32Cube/Repository/STM32Cube_FW_F4_V1.25.1/Middlewares/Third_Party/FreeRTOS/Source/portable/GCC/ARM_CM4F -IC:/Users/KSuma/STM32Cube/Repository/STM32Cube_FW_F4_V1.25.1/Drivers/CMSIS/Device/ST/STM32F4xx/Include -IC:/Users/KSuma/STM32Cube/Repository/STM32Cube_FW_F4_V1.25.1/Drivers/CMSIS/Include -IC:/Users/KSuma/STM32Cube/Repository/STM32Cube_FW_F4_V1.25.1/Drivers/STM32F4xx_HAL_Driver/Inc -I../Core/Inc -IC:/Users/KSuma/STM32Cube/Repository/STM32Cube_FW_F4_V1.25.1/Middlewares/Third_Party/FreeRTOS/Source/include -IC:/Users/KSuma/STM32Cube/Repository/STM32Cube_FW_F4_V1.25.1/Drivers/STM32F4xx_HAL_Driver/Inc/Legacy -IC:/Users/KSuma/STM32Cube/Repository/STM32Cube_FW_F4_V1.25.1/Middlewares/Third_Party/FreeRTOS/Source/CMSIS_RTOS_V2 -O0 -ffunction-sections -fdata-sections -Wall -fstack-usage -MMD -MP -MF"Drivers/STM32F4xx_HAL_Driver/stm32f4xx_hal_exti.d" -MT"Drivers/STM32F4xx_HAL_Driver/stm32f4xx_hal_exti.o" --specs=nano.specs -mfpu=fpv4-sp-d16 -mfloat-abi=hard -mthumb -o "Drivers/STM32F4xx_HAL_Driver/stm32f4xx_hal_exti.o"
arm-none-eabi-gcc "C:/Users/KSuma/STM32Cube/Repository/STM32Cube_FW_F4_V1.25.1/Drivers/STM32F4xx_HAL_Driver/Src/stm32f4xx_hal_flash.c" -mcpu=cortex-m4 -std=gnu11 -g3 -DUSE_HAL_DRIVER -DSTM32F401xE -DDEBUG -c -IC:/Users/KSuma/STM32Cube/Repository/STM32Cube_FW_F4_V1.25.1/Middlewares/Third_Party/FreeRTOS/Source/portable/GCC/ARM_CM4F -IC:/Users/KSuma/STM32Cube/Repository/STM32Cube_FW_F4_V1.25.1/Drivers/CMSIS/Device/ST/STM32F4xx/Include -IC:/Users/KSuma/STM32Cube/Repository/STM32Cube_FW_F4_V1.25.1/Drivers/CMSIS/Include -IC:/Users/KSuma/STM32Cube/Repository/STM32Cube_FW_F4_V1.25.1/Drivers/STM32F4xx_HAL_Driver/Inc -I../Core/Inc -IC:/Users/KSuma/STM32Cube/Repository/STM32Cube_FW_F4_V1.25.1/Middlewares/Third_Party/FreeRTOS/Source/include -IC:/Users/KSuma/STM32Cube/Repository/STM32Cube_FW_F4_V1.25.1/Drivers/STM32F4xx_HAL_Driver/Inc/Legacy -IC:/Users/KSuma/STM32Cube/Repository/STM32Cube_FW_F4_V1.25.1/Middlewares/Third_Party/FreeRTOS/Source/CMSIS_RTOS_V2 -O0 -ffunction-sections -fdata-sections -Wall -fstack-usage -MMD -MP -MF"Drivers/STM32F4xx_HAL_Driver/stm32f4xx_hal_flash.d" -MT"Drivers/STM32F4xx_HAL_Driver/stm32f4xx_hal_flash.o" --specs=nano.specs -mfpu=fpv4-sp-d16 -mfloat-abi=hard -mthumb -o "Drivers/STM32F4xx_HAL_Driver/stm32f4xx_hal_flash.o"
arm-none-eabi-gcc "C:/Users/KSuma/STM32Cube/Repository/STM32Cube_FW_F4_V1.25.1/Drivers/STM32F4xx_HAL_Driver/Src/stm32f4xx_hal_flash_ex.c" -mcpu=cortex-m4 -std=gnu11 -g3 -DUSE_HAL_DRIVER -DSTM32F401xE -DDEBUG -c -IC:/Users/KSuma/STM32Cube/Repository/STM32Cube_FW_F4_V1.25.1/Middlewares/Third_Party/FreeRTOS/Source/portable/GCC/ARM_CM4F -IC:/Users/KSuma/STM32Cube/Repository/STM32Cube_FW_F4_V1.25.1/Drivers/CMSIS/Device/ST/STM32F4xx/Include -IC:/Users/KSuma/STM32Cube/Repository/STM32Cube_FW_F4_V1.25.1/Drivers/CMSIS/Include -IC:/Users/KSuma/STM32Cube/Repository/STM32Cube_FW_F4_V1.25.1/Drivers/STM32F4xx_HAL_Driver/Inc -I../Core/Inc -IC:/Users/KSuma/STM32Cube/Repository/STM32Cube_FW_F4_V1.25.1/Middlewares/Third_Party/FreeRTOS/Source/include -IC:/Users/KSuma/STM32Cube/Repository/STM32Cube_FW_F4_V1.25.1/Drivers/STM32F4xx_HAL_Driver/Inc/Legacy -IC:/Users/KSuma/STM32Cube/Repository/STM32Cube_FW_F4_V1.25.1/Middlewares/Third_Party/FreeRTOS/Source/CMSIS_RTOS_V2 -O0 -ffunction-sections -fdata-sections -Wall -fstack-usage -MMD -MP -MF"Drivers/STM32F4xx_HAL_Driver/stm32f4xx_hal_flash_ex.d" -MT"Drivers/STM32F4xx_HAL_Driver/stm32f4xx_hal_flash_ex.o" --specs=nano.specs -mfpu=fpv4-sp-d16 -mfloat-abi=hard -mthumb -o "Drivers/STM32F4xx_HAL_Driver/stm32f4xx_hal_flash_ex.o"
arm-none-eabi-gcc "C:/Users/KSuma/STM32Cube/Repository/STM32Cube_FW_F4_V1.25.1/Drivers/STM32F4xx_HAL_Driver/Src/stm32f4xx_hal_flash_ramfunc.c" -mcpu=cortex-m4 -std=gnu11 -g3 -DUSE_HAL_DRIVER -DSTM32F401xE -DDEBUG -c -IC:/Users/KSuma/STM32Cube/Repository/STM32Cube_FW_F4_V1.25.1/Middlewares/Third_Party/FreeRTOS/Source/portable/GCC/ARM_CM4F -IC:/Users/KSuma/STM32Cube/Repository/STM32Cube_FW_F4_V1.25.1/Drivers/CMSIS/Device/ST/STM32F4xx/Include -IC:/Users/KSuma/STM32Cube/Repository/STM32Cube_FW_F4_V1.25.1/Drivers/CMSIS/Include -IC:/Users/KSuma/STM32Cube/Repository/STM32Cube_FW_F4_V1.25.1/Drivers/STM32F4xx_HAL_Driver/Inc -I../Core/Inc -IC:/Users/KSuma/STM32Cube/Repository/STM32Cube_FW_F4_V1.25.1/Middlewares/Third_Party/FreeRTOS/Source/include -IC:/Users/KSuma/STM32Cube/Repository/STM32Cube_FW_F4_V1.25.1/Drivers/STM32F4xx_HAL_Driver/Inc/Legacy -IC:/Users/KSuma/STM32Cube/Repository/STM32Cube_FW_F4_V1.25.1/Middlewares/Third_Party/FreeRTOS/Source/CMSIS_RTOS_V2 -O0 -ffunction-sections -fdata-sections -Wall -fstack-usage -MMD -MP -MF"Drivers/STM32F4xx_HAL_Driver/stm32f4xx_hal_flash_ramfunc.d" -MT"Drivers/STM32F4xx_HAL_Driver/stm32f4xx_hal_flash_ramfunc.o" --specs=nano.specs -mfpu=fpv4-sp-d16 -mfloat-abi=hard -mthumb -o "Drivers/STM32F4xx_HAL_Driver/stm32f4xx_hal_flash_ramfunc.o"
arm-none-eabi-gcc "C:/Users/KSuma/STM32Cube/Repository/STM32Cube_FW_F4_V1.25.1/Drivers/STM32F4xx_HAL_Driver/Src/stm32f4xx_hal_gpio.c" -mcpu=cortex-m4 -std=gnu11 -g3 -DUSE_HAL_DRIVER -DSTM32F401xE -DDEBUG -c -IC:/Users/KSuma/STM32Cube/Repository/STM32Cube_FW_F4_V1.25.1/Middlewares/Third_Party/FreeRTOS/Source/portable/GCC/ARM_CM4F -IC:/Users/KSuma/STM32Cube/Repository/STM32Cube_FW_F4_V1.25.1/Drivers/CMSIS/Device/ST/STM32F4xx/Include -IC:/Users/KSuma/STM32Cube/Repository/STM32Cube_FW_F4_V1.25.1/Drivers/CMSIS/Include -IC:/Users/KSuma/STM32Cube/Repository/STM32Cube_FW_F4_V1.25.1/Drivers/STM32F4xx_HAL_Driver/Inc -I../Core/Inc -IC:/Users/KSuma/STM32Cube/Repository/STM32Cube_FW_F4_V1.25.1/Middlewares/Third_Party/FreeRTOS/Source/include -IC:/Users/KSuma/STM32Cube/Repository/STM32Cube_FW_F4_V1.25.1/Drivers/STM32F4xx_HAL_Driver/Inc/Legacy -IC:/Users/KSuma/STM32Cube/Repository/STM32Cube_FW_F4_V1.25.1/Middlewares/Third_Party/FreeRTOS/Source/CMSIS_RTOS_V2 -O0 -ffunction-sections -fdata-sections -Wall -fstack-usage -MMD -MP -MF"Drivers/STM32F4xx_HAL_Driver/stm32f4xx_hal_gpio.d" -MT"Drivers/STM32F4xx_HAL_Driver/stm32f4xx_hal_gpio.o" --specs=nano.specs -mfpu=fpv4-sp-d16 -mfloat-abi=hard -mthumb -o "Drivers/STM32F4xx_HAL_Driver/stm32f4xx_hal_gpio.o"
arm-none-eabi-gcc "C:/Users/KSuma/STM32Cube/Repository/STM32Cube_FW_F4_V1.25.1/Drivers/STM32F4xx_HAL_Driver/Src/stm32f4xx_hal_pwr.c" -mcpu=cortex-m4 -std=gnu11 -g3 -DUSE_HAL_DRIVER -DSTM32F401xE -DDEBUG -c -IC:/Users/KSuma/STM32Cube/Repository/STM32Cube_FW_F4_V1.25.1/Middlewares/Third_Party/FreeRTOS/Source/portable/GCC/ARM_CM4F -IC:/Users/KSuma/STM32Cube/Repository/STM32Cube_FW_F4_V1.25.1/Drivers/CMSIS/Device/ST/STM32F4xx/Include -IC:/Users/KSuma/STM32Cube/Repository/STM32Cube_FW_F4_V1.25.1/Drivers/CMSIS/Include -IC:/Users/KSuma/STM32Cube/Repository/STM32Cube_FW_F4_V1.25.1/Drivers/STM32F4xx_HAL_Driver/Inc -I../Core/Inc -IC:/Users/KSuma/STM32Cube/Repository/STM32Cube_FW_F4_V1.25.1/Middlewares/Third_Party/FreeRTOS/Source/include -IC:/Users/KSuma/STM32Cube/Repository/STM32Cube_FW_F4_V1.25.1/Drivers/STM32F4xx_HAL_Driver/Inc/Legacy -IC:/Users/KSuma/STM32Cube/Repository/STM32Cube_FW_F4_V1.25.1/Middlewares/Third_Party/FreeRTOS/Source/CMSIS_RTOS_V2 -O0 -ffunction-sections -fdata-sections -Wall -fstack-usage -MMD -MP -MF"Drivers/STM32F4xx_HAL_Driver/stm32f4xx_hal_pwr.d" -MT"Drivers/STM32F4xx_HAL_Driver/stm32f4xx_hal_pwr.o" --specs=nano.specs -mfpu=fpv4-sp-d16 -mfloat-abi=hard -mthumb -o "Drivers/STM32F4xx_HAL_Driver/stm32f4xx_hal_pwr.o"
arm-none-eabi-gcc "C:/Users/KSuma/STM32Cube/Repository/STM32Cube_FW_F4_V1.25.1/Drivers/STM32F4xx_HAL_Driver/Src/stm32f4xx_hal_pwr_ex.c" -mcpu=cortex-m4 -std=gnu11 -g3 -DUSE_HAL_DRIVER -DSTM32F401xE -DDEBUG -c -IC:/Users/KSuma/STM32Cube/Repository/STM32Cube_FW_F4_V1.25.1/Middlewares/Third_Party/FreeRTOS/Source/portable/GCC/ARM_CM4F -IC:/Users/KSuma/STM32Cube/Repository/STM32Cube_FW_F4_V1.25.1/Drivers/CMSIS/Device/ST/STM32F4xx/Include -IC:/Users/KSuma/STM32Cube/Repository/STM32Cube_FW_F4_V1.25.1/Drivers/CMSIS/Include -IC:/Users/KSuma/STM32Cube/Repository/STM32Cube_FW_F4_V1.25.1/Drivers/STM32F4xx_HAL_Driver/Inc -I../Core/Inc -IC:/Users/KSuma/STM32Cube/Repository/STM32Cube_FW_F4_V1.25.1/Middlewares/Third_Party/FreeRTOS/Source/include -IC:/Users/KSuma/STM32Cube/Repository/STM32Cube_FW_F4_V1.25.1/Drivers/STM32F4xx_HAL_Driver/Inc/Legacy -IC:/Users/KSuma/STM32Cube/Repository/STM32Cube_FW_F4_V1.25.1/Middlewares/Third_Party/FreeRTOS/Source/CMSIS_RTOS_V2 -O0 -ffunction-sections -fdata-sections -Wall -fstack-usage -MMD -MP -MF"Drivers/STM32F4xx_HAL_Driver/stm32f4xx_hal_pwr_ex.d" -MT"Drivers/STM32F4xx_HAL_Driver/stm32f4xx_hal_pwr_ex.o" --specs=nano.specs -mfpu=fpv4-sp-d16 -mfloat-abi=hard -mthumb -o "Drivers/STM32F4xx_HAL_Driver/stm32f4xx_hal_pwr_ex.o"
arm-none-eabi-gcc "C:/Users/KSuma/STM32Cube/Repository/STM32Cube_FW_F4_V1.25.1/Drivers/STM32F4xx_HAL_Driver/Src/stm32f4xx_hal_rcc.c" -mcpu=cortex-m4 -std=gnu11 -g3 -DUSE_HAL_DRIVER -DSTM32F401xE -DDEBUG -c -IC:/Users/KSuma/STM32Cube/Repository/STM32Cube_FW_F4_V1.25.1/Middlewares/Third_Party/FreeRTOS/Source/portable/GCC/ARM_CM4F -IC:/Users/KSuma/STM32Cube/Repository/STM32Cube_FW_F4_V1.25.1/Drivers/CMSIS/Device/ST/STM32F4xx/Include -IC:/Users/KSuma/STM32Cube/Repository/STM32Cube_FW_F4_V1.25.1/Drivers/CMSIS/Include -IC:/Users/KSuma/STM32Cube/Repository/STM32Cube_FW_F4_V1.25.1/Drivers/STM32F4xx_HAL_Driver/Inc -I../Core/Inc -IC:/Users/KSuma/STM32Cube/Repository/STM32Cube_FW_F4_V1.25.1/Middlewares/Third_Party/FreeRTOS/Source/include -IC:/Users/KSuma/STM32Cube/Repository/STM32Cube_FW_F4_V1.25.1/Drivers/STM32F4xx_HAL_Driver/Inc/Legacy -IC:/Users/KSuma/STM32Cube/Repository/STM32Cube_FW_F4_V1.25.1/Middlewares/Third_Party/FreeRTOS/Source/CMSIS_RTOS_V2 -O0 -ffunction-sections -fdata-sections -Wall -fstack-usage -MMD -MP -MF"Drivers/STM32F4xx_HAL_Driver/stm32f4xx_hal_rcc.d" -MT"Drivers/STM32F4xx_HAL_Driver/stm32f4xx_hal_rcc.o" --specs=nano.specs -mfpu=fpv4-sp-d16 -mfloat-abi=hard -mthumb -o "Drivers/STM32F4xx_HAL_Driver/stm32f4xx_hal_rcc.o"
arm-none-eabi-gcc "C:/Users/KSuma/STM32Cube/Repository/STM32Cube_FW_F4_V1.25.1/Drivers/STM32F4xx_HAL_Driver/Src/stm32f4xx_hal_rcc_ex.c" -mcpu=cortex-m4 -std=gnu11 -g3 -DUSE_HAL_DRIVER -DSTM32F401xE -DDEBUG -c -IC:/Users/KSuma/STM32Cube/Repository/STM32Cube_FW_F4_V1.25.1/Middlewares/Third_Party/FreeRTOS/Source/portable/GCC/ARM_CM4F -IC:/Users/KSuma/STM32Cube/Repository/STM32Cube_FW_F4_V1.25.1/Drivers/CMSIS/Device/ST/STM32F4xx/Include -IC:/Users/KSuma/STM32Cube/Repository/STM32Cube_FW_F4_V1.25.1/Drivers/CMSIS/Include -IC:/Users/KSuma/STM32Cube/Repository/STM32Cube_FW_F4_V1.25.1/Drivers/STM32F4xx_HAL_Driver/Inc -I../Core/Inc -IC:/Users/KSuma/STM32Cube/Repository/STM32Cube_FW_F4_V1.25.1/Middlewares/Third_Party/FreeRTOS/Source/include -IC:/Users/KSuma/STM32Cube/Repository/STM32Cube_FW_F4_V1.25.1/Drivers/STM32F4xx_HAL_Driver/Inc/Legacy -IC:/Users/KSuma/STM32Cube/Repository/STM32Cube_FW_F4_V1.25.1/Middlewares/Third_Party/FreeRTOS/Source/CMSIS_RTOS_V2 -O0 -ffunction-sections -fdata-sections -Wall -fstack-usage -MMD -MP -MF"Drivers/STM32F4xx_HAL_Driver/stm32f4xx_hal_rcc_ex.d" -MT"Drivers/STM32F4xx_HAL_Driver/stm32f4xx_hal_rcc_ex.o" --specs=nano.specs -mfpu=fpv4-sp-d16 -mfloat-abi=hard -mthumb -o "Drivers/STM32F4xx_HAL_Driver/stm32f4xx_hal_rcc_ex.o"
arm-none-eabi-gcc "C:/Users/KSuma/STM32Cube/Repository/STM32Cube_FW_F4_V1.25.1/Drivers/STM32F4xx_HAL_Driver/Src/stm32f4xx_hal_tim.c" -mcpu=cortex-m4 -std=gnu11 -g3 -DUSE_HAL_DRIVER -DSTM32F401xE -DDEBUG -c -IC:/Users/KSuma/STM32Cube/Repository/STM32Cube_FW_F4_V1.25.1/Middlewares/Third_Party/FreeRTOS/Source/portable/GCC/ARM_CM4F -IC:/Users/KSuma/STM32Cube/Repository/STM32Cube_FW_F4_V1.25.1/Drivers/CMSIS/Device/ST/STM32F4xx/Include -IC:/Users/KSuma/STM32Cube/Repository/STM32Cube_FW_F4_V1.25.1/Drivers/CMSIS/Include -IC:/Users/KSuma/STM32Cube/Repository/STM32Cube_FW_F4_V1.25.1/Drivers/STM32F4xx_HAL_Driver/Inc -I../Core/Inc -IC:/Users/KSuma/STM32Cube/Repository/STM32Cube_FW_F4_V1.25.1/Middlewares/Third_Party/FreeRTOS/Source/include -IC:/Users/KSuma/STM32Cube/Repository/STM32Cube_FW_F4_V1.25.1/Drivers/STM32F4xx_HAL_Driver/Inc/Legacy -IC:/Users/KSuma/STM32Cube/Repository/STM32Cube_FW_F4_V1.25.1/Middlewares/Third_Party/FreeRTOS/Source/CMSIS_RTOS_V2 -O0 -ffunction-sections -fdata-sections -Wall -fstack-usage -MMD -MP -MF"Drivers/STM32F4xx_HAL_Driver/stm32f4xx_hal_tim.d" -MT"Drivers/STM32F4xx_HAL_Driver/stm32f4xx_hal_tim.o" --specs=nano.specs -mfpu=fpv4-sp-d16 -mfloat-abi=hard -mthumb -o "Drivers/STM32F4xx_HAL_Driver/stm32f4xx_hal_tim.o"
[...]
arm-none-eabi-gcc "C:/Users/KSuma/STM32Cube/Repository/STM32Cube_FW_F4_V1.25.1/Drivers/STM32F4xx_HAL_Driver/Src/stm32f4xx_hal_pwr.c" -mcpu=cortex-m4 -std=gnu11 -g3 -DUSE_HAL_DRIVER -DSTM32F401xE -DDEBUG -c -IC:/Users/KSuma/STM32Cube/Repository/STM32Cube_FW_F4_V1.25.1/Middlewares/Third_Party/FreeRTOS/Source/portable/GCC/ARM_CM4F -IC:/Users/KSuma/STM32Cube/Repository/STM32Cube_FW_F4_V1.25.1/Drivers/CMSIS/Device/ST/STM32F4xx/Include -IC:/Users/KSuma/STM32Cube/Repository/STM32Cube_FW_F4_V1.25.1/Drivers/CMSIS/Include -IC:/Users/KSuma/STM32Cube/Repository/STM32Cube_FW_F4_V1.25.1/Drivers/STM32F4xx_HAL_Driver/Inc -I../Core/Inc -IC:/Users/KSuma/STM32Cube/Repository/STM32Cube_FW_F4_V1.25.1/Middlewares/Third_Party/FreeRTOS/Source/include -IC:/Users/KSuma/STM32Cube/Repository/STM32Cube_FW_F4_V1.25.1/Drivers/STM32F4xx_HAL_Driver/Inc/Legacy -IC:/Users/KSuma/STM32Cube/Repository/STM32Cube_FW_F4_V1.25.1/Middlewares/Third_Party/FreeRTOS/Source/CMSIS_RTOS_V2 -O0 -ffunction-sections -fdata-sections -Wall -fstack-usage -MMD -MP -MF"Drivers/STM32F4xx_HAL_Driver/stm32f4xx_hal_pwr.d" -MT"Drivers/STM32F4xx_HAL_Driver/stm32f4xx_hal_pwr.o" --specs=nano.specs -mfpu=fpv4-sp-d16 -mfloat-abi=hard -mthumb -o "Drivers/STM32F4xx_HAL_Driver/stm32f4xx_hal_pwr.o"
arm-none-eabi-gcc "C:/Users/KSuma/STM32Cube/Repository/STM32Cube_FW_F4_V1.25.1/Drivers/STM32F4xx_HAL_Driver/Src/stm32f4xx_hal_pwr_ex.c" -mcpu=cortex-m4 -std=gnu11 -g3 -DUSE_HAL_DRIVER -DSTM32F401xE -DDEBUG -c -IC:/Users/KSuma/STM32Cube/Repository/STM32Cube_FW_F4_V1.25.1/Middlewares/Third_Party/FreeRTOS/Source/portable/GCC/ARM_CM4F -IC:/Users/KSuma/STM32Cube/Repository/STM32Cube_FW_F4_V1.25.1/Drivers/CMSIS/Device/ST/STM32F4xx/Include -IC:/Users/KSuma/STM32Cube/Repository/STM32Cube_FW_F4_V1.25.1/Drivers/CMSIS/Include -IC:/Users/KSuma/STM32Cube/Repository/STM32Cube_FW_F4_V1.25.1/Drivers/STM32F4xx_HAL_Driver/Inc -I../Core/Inc -IC:/Users/KSuma/STM32Cube/Repository/STM32Cube_FW_F4_V1.25.1/Middlewares/Third_Party/FreeRTOS/Source/include -IC:/Users/KSuma/STM32Cube/Repository/STM32Cube_FW_F4_V1.25.1/Drivers/STM32F4xx_HAL_Driver/Inc/Legacy -IC:/Users/KSuma/STM32Cube/Repository/STM32Cube_FW_F4_V1.25.1/Middlewares/Third_Party/FreeRTOS/Source/CMSIS_RTOS_V2 -O0 -ffunction-sections -fdata-sections -Wall -fstack-usage -MMD -MP -MF"Drivers/STM32F4xx_HAL_Driver/stm32f4xx_hal_pwr_ex.d" -MT"Drivers/STM32F4xx_HAL_Driver/stm32f4xx_hal_pwr_ex.o" --specs=nano.specs -mfpu=fpv4-sp-d16 -mfloat-abi=hard -mthumb -o "Drivers/STM32F4xx_HAL_Driver/stm32f4xx_hal_pwr_ex.o"
arm-none-eabi-gcc "C:/Users/KSuma/STM32Cube/Repository/STM32Cube_FW_F4_V1.25.1/Drivers/STM32F4xx_HAL_Driver/Src/stm32f4xx_hal_rcc.c" -mcpu=cortex-m4 -std=gnu11 -g3 -DUSE_HAL_DRIVER -DSTM32F401xE -DDEBUG -c -IC:/Users/KSuma/STM32Cube/Repository/STM32Cube_FW_F4_V1.25.1/Middlewares/Third_Party/FreeRTOS/Source/portable/GCC/ARM_CM4F -IC:/Users/KSuma/STM32Cube/Repository/STM32Cube_FW_F4_V1.25.1/Drivers/CMSIS/Device/ST/STM32F4xx/Include -IC:/Users/KSuma/STM32Cube/Repository/STM32Cube_FW_F4_V1.25.1/Drivers/CMSIS/Include -IC:/Users/KSuma/STM32Cube/Repository/STM32Cube_FW_F4_V1.25.1/Drivers/STM32F4xx_HAL_Driver/Inc -I../Core/Inc -IC:/Users/KSuma/STM32Cube/Repository/STM32Cube_FW_F4_V1.25.1/Middlewares/Third_Party/FreeRTOS/Source/include -IC:/Users/KSuma/STM32Cube/Repository/STM32Cube_FW_F4_V1.25.1/Drivers/STM32F4xx_HAL_Driver/Inc/Legacy -IC:/Users/KSuma/STM32Cube/Repository/STM32Cube_FW_F4_V1.25.1/Middlewares/Third_Party/FreeRTOS/Source/CMSIS_RTOS_V2 -O0 -ffunction-sections -fdata-sections -Wall -fstack-usage -MMD -MP -MF"Drivers/STM32F4xx_HAL_Driver/stm32f4xx_hal_rcc.d" -MT"Drivers/STM32F4xx_HAL_Driver/stm32f4xx_hal_rcc.o" --specs=nano.specs -mfpu=fpv4-sp-d16 -mfloat-abi=hard -mthumb -o "Drivers/STM32F4xx_HAL_Driver/stm32f4xx_hal_rcc.o"
arm-none-eabi-gcc "C:/Users/KSuma/STM32Cube/Repository/STM32Cube_FW_F4_V1.25.1/Drivers/STM32F4xx_HAL_Driver/Src/stm32f4xx_hal_rcc_ex.c" -mcpu=cortex-m4 -std=gnu11 -g3 -DUSE_HAL_DRIVER -DSTM32F401xE -DDEBUG -c -IC:/Users/KSuma/STM32Cube/Repository/STM32Cube_FW_F4_V1.25.1/Middlewares/Third_Party/FreeRTOS/Source/portable/GCC/ARM_CM4F -IC:/Users/KSuma/STM32Cube/Repository/STM32Cube_FW_F4_V1.25.1/Drivers/CMSIS/Device/ST/STM32F4xx/Include -IC:/Users/KSuma/STM32Cube/Repository/STM32Cube_FW_F4_V1.25.1/Drivers/CMSIS/Include -IC:/Users/KSuma/STM32Cube/Repository/STM32Cube_FW_F4_V1.25.1/Drivers/STM32F4xx_HAL_Driver/Inc -I../Core/Inc -IC:/Users/KSuma/STM32Cube/Repository/STM32Cube_FW_F4_V1.25.1/Middlewares/Third_Party/FreeRTOS/Source/include -IC:/Users/KSuma/STM32Cube/Repository/STM32Cube_FW_F4_V1.25.1/Drivers/STM32F4xx_HAL_Driver/Inc/Legacy -IC:/Users/KSuma/STM32Cube/Repository/STM32Cube_FW_F4_V1.25.1/Middlewares/Third_Party/FreeRTOS/Source/CMSIS_RTOS_V2 -O0 -ffunction-sections -fdata-sections -Wall -fstack-usage -MMD -MP -MF"Drivers/STM32F4xx_HAL_Driver/stm32f4xx_hal_rcc_ex.d" -MT"Drivers/STM32F4xx_HAL_Driver/stm32f4xx_hal_rcc_ex.o" --specs=nano.specs -mfpu=fpv4-sp-d16 -mfloat-abi=hard -mthumb -o "Drivers/STM32F4xx_HAL_Driver/stm32f4xx_hal_rcc_ex.o"
arm-none-eabi-gcc "C:/Users/KSuma/STM32Cube/Repository/STM32Cube_FW_F4_V1.25.1/Drivers/STM32F4xx_HAL_Driver/Src/stm32f4xx_hal_tim.c" -mcpu=cortex-m4 -std=gnu11 -g3 -DUSE_HAL_DRIVER -DSTM32F401xE -DDEBUG -c -IC:/Users/KSuma/STM32Cube/Repository/STM32Cube_FW_F4_V1.25.1/Middlewares/Third_Party/FreeRTOS/Source/portable/GCC/ARM_CM4F -IC:/Users/KSuma/STM32Cube/Repository/STM32Cube_FW_F4_V1.25.1/Drivers/CMSIS/Device/ST/STM32F4xx/Include -IC:/Users/KSuma/STM32Cube/Repository/STM32Cube_FW_F4_V1.25.1/Drivers/CMSIS/Include -IC:/Users/KSuma/STM32Cube/Repository/STM32Cube_FW_F4_V1.25.1/Drivers/STM32F4xx_HAL_Driver/Inc -I../Core/Inc -IC:/Users/KSuma/STM32Cube/Repository/STM32Cube_FW_F4_V1.25.1/Middlewares/Third_Party/FreeRTOS/Source/include -IC:/Users/KSuma/STM32Cube/Repository/STM32Cube_FW_F4_V1.25.1/Drivers/STM32F4xx_HAL_Driver/Inc/Legacy -IC:/Users/KSuma/STM32Cube/Repository/STM32Cube_FW_F4_V1.25.1/Middlewares/Third_Party/FreeRTOS/Source/CMSIS_RTOS_V2 -O0 -ffunction-sections -fdata-sections -Wall -fstack-usage -MMD -MP -MF"Drivers/STM32F4xx_HAL_Driver/stm32f4xx_hal_tim.d" -MT"Drivers/STM32F4xx_HAL_Driver/stm32f4xx_hal_tim.o" --specs=nano.specs -mfpu=fpv4-sp-d16 -mfloat-abi=hard -mthumb -o "Drivers/STM32F4xx_HAL_Driver/stm32f4xx_hal_tim.o"
arm-none-eabi-gcc "C:/Users/KSuma/STM32Cube/Repository/STM32Cube_FW_F4_V1.25.1/Drivers/STM32F4xx_HAL_Driver/Src/stm32f4xx_hal_tim_ex.c" -mcpu=cortex-m4 -std=gnu11 -g3 -DUSE_HAL_DRIVER -DSTM32F401xE -DDEBUG -c -IC:/Users/KSuma/STM32Cube/Repository/STM32Cube_FW_F4_V1.25.1/Middlewares/Third_Party/FreeRTOS/Source/portable/GCC/ARM_CM4F -IC:/Users/KSuma/STM32Cube/Repository/STM32Cube_FW_F4_V1.25.1/Drivers/CMSIS/Device/ST/STM32F4xx/Include -IC:/Users/KSuma/STM32Cube/Repository/STM32Cube_FW_F4_V1.25.1/Drivers/CMSIS/Include -IC:/Users/KSuma/STM32Cube/Repository/STM32Cube_FW_F4_V1.25.1/Drivers/STM32F4xx_HAL_Driver/Inc -I../Core/Inc -IC:/Users/KSuma/STM32Cube/Repository/STM32Cube_FW_F4_V1.25.1/Middlewares/Third_Party/FreeRTOS/Source/include -IC:/Users/KSuma/STM32Cube/Repository/STM32Cube_FW_F4_V1.25.1/Drivers/STM32F4xx_HAL_Driver/Inc/Legacy -IC:/Users/KSuma/STM32Cube/Repository/STM32Cube_FW_F4_V1.25.1/Middlewares/Third_Party/FreeRTOS/Source/CMSIS_RTOS_V2 -O0 -ffunction-sections -fdata-sections -Wall -fstack-usage -MMD -MP -MF"Drivers/STM32F4xx_HAL_Driver/stm32f4xx_hal_tim_ex.d" -MT"Drivers/STM32F4xx_HAL_Driver/stm32f4xx_hal_tim_ex.o" --specs=nano.specs -mfpu=fpv4-sp-d16 -mfloat-abi=hard -mthumb -o "Drivers/STM32F4xx_HAL_Driver/stm32f4xx_hal_tim_ex.o"
arm-none-eabi-gcc "C:/Users/KSuma/STM32Cube/Repository/STM32Cube_FW_F4_V1.25.1/Drivers/STM32F4xx_HAL_Driver/Src/stm32f4xx_hal_uart.c" -mcpu=cortex-m4 -std=gnu11 -g3 -DUSE_HAL_DRIVER -DSTM32F401xE -DDEBUG -c -IC:/Users/KSuma/STM32Cube/Repository/STM32Cube_FW_F4_V1.25.1/Middlewares/Third_Party/FreeRTOS/Source/portable/GCC/ARM_CM4F -IC:/Users/KSuma/STM32Cube/Repository/STM32Cube_FW_F4_V1.25.1/Drivers/CMSIS/Device/ST/STM32F4xx/Include -IC:/Users/KSuma/STM32Cube/Repository/STM32Cube_FW_F4_V1.25.1/Drivers/CMSIS/Include -IC:/Users/KSuma/STM32Cube/Repository/STM32Cube_FW_F4_V1.25.1/Drivers/STM32F4xx_HAL_Driver/Inc -I../Core/Inc -IC:/Users/KSuma/STM32Cube/Repository/STM32Cube_FW_F4_V1.25.1/Middlewares/Third_Party/FreeRTOS/Source/include -IC:/Users/KSuma/STM32Cube/Repository/STM32Cube_FW_F4_V1.25.1/Drivers/STM32F4xx_HAL_Driver/Inc/Legacy -IC:/Users/KSuma/STM32Cube/Repository/STM32Cube_FW_F4_V1.25.1/Middlewares/Third_Party/FreeRTOS/Source/CMSIS_RTOS_V2 -O0 -ffunction-sections -fdata-sections -Wall -fstack-usage -MMD -MP -MF"Drivers/STM32F4xx_HAL_Driver/stm32f4xx_hal_uart.d" -MT"Drivers/STM32F4xx_HAL_Driver/stm32f4xx_hal_uart.o" --specs=nano.specs -mfpu=fpv4-sp-d16 -mfloat-abi=hard -mthumb -o "Drivers/STM32F4xx_HAL_Driver/stm32f4xx_hal_uart.o"
arm-none-eabi-gcc "../Core/Src/freertos.c" -mcpu=cortex-m4 -std=gnu11 -g3 -DUSE_HAL_DRIVER -DSTM32F401xE -DDEBUG -c -IC:/Users/KSuma/STM32Cube/Repository/STM32Cube_FW_F4_V1.25.1/Middlewares/Third_Party/FreeRTOS/Source/portable/GCC/ARM_CM4F -IC:/Users/KSuma/STM32Cube/Repository/STM32Cube_FW_F4_V1.25.1/Drivers/CMSIS/Device/ST/STM32F4xx/Include -IC:/Users/KSuma/STM32Cube/Repository/STM32Cube_FW_F4_V1.25.1/Drivers/CMSIS/Include -IC:/Users/KSuma/STM32Cube/Repository/STM32Cube_FW_F4_V1.25.1/Drivers/STM32F4xx_HAL_Driver/Inc -I../Core/Inc -IC:/Users/KSuma/STM32Cube/Repository/STM32Cube_FW_F4_V1.25.1/Middlewares/Third_Party/FreeRTOS/Source/include -IC:/Users/KSuma/STM32Cube/Repository/STM32Cube_FW_F4_V1.25.1/Drivers/STM32F4xx_HAL_Driver/Inc/Legacy -IC:/Users/KSuma/STM32Cube/Repository/STM32Cube_FW_F4_V1.25.1/Middlewares/Third_Party/FreeRTOS/Source/CMSIS_RTOS_V2 -O0 -ffunction-sections -fdata-sections -Wall -fstack-usage -MMD -MP -MF"Core/Src/freertos.d" -MT"Core/Src/freertos.o" --specs=nano.specs -mfpu=fpv4-sp-d16 -mfloat-abi=hard -mthumb -o "Core/Src/freertos.o"
arm-none-eabi-gcc "../Core/Src/main.c" -mcpu=cortex-m4 -std=gnu11 -g3 -DUSE_HAL_DRIVER -DSTM32F401xE -DDEBUG -c -IC:/Users/KSuma/STM32Cube/Repository/STM32Cube_FW_F4_V1.25.1/Middlewares/Third_Party/FreeRTOS/Source/portable/GCC/ARM_CM4F -IC:/Users/KSuma/STM32Cube/Repository/STM32Cube_FW_F4_V1.25.1/Drivers/CMSIS/Device/ST/STM32F4xx/Include -IC:/Users/KSuma/STM32Cube/Repository/STM32Cube_FW_F4_V1.25.1/Drivers/CMSIS/Include -IC:/Users/KSuma/STM32Cube/Repository/STM32Cube_FW_F4_V1.25.1/Drivers/STM32F4xx_HAL_Driver/Inc -I../Core/Inc -IC:/Users/KSuma/STM32Cube/Repository/STM32Cube_FW_F4_V1.25.1/Middlewares/Third_Party/FreeRTOS/Source/include -IC:/Users/KSuma/STM32Cube/Repository/STM32Cube_FW_F4_V1.25.1/Drivers/STM32F4xx_HAL_Driver/Inc/Legacy -IC:/Users/KSuma/STM32Cube/Repository/STM32Cube_FW_F4_V1.25.1/Middlewares/Third_Party/FreeRTOS/Source/CMSIS_RTOS_V2 -O0 -ffunction-sections -fdata-sections -Wall -fstack-usage -MMD -MP -MF"Core/Src/main.d" -MT"Core/Src/main.o" --specs=nano.specs -mfpu=fpv4-sp-d16 -mfloat-abi=hard -mthumb -o "Core/Src/main.o"
arm-none-eabi-gcc "../Core/Src/stm32f4xx_hal_msp.c" -mcpu=cortex-m4 -std=gnu11 -g3 -DUSE_HAL_DRIVER -DSTM32F401xE -DDEBUG -c -IC:/Users/KSuma/STM32Cube/Repository/STM32Cube_FW_F4_V1.25.1/Middlewares/Third_Party/FreeRTOS/Source/portable/GCC/ARM_CM4F -IC:/Users/KSuma/STM32Cube/Repository/STM32Cube_FW_F4_V1.25.1/Drivers/CMSIS/Device/ST/STM32F4xx/Include -IC:/Users/KSuma/STM32Cube/Repository/STM32Cube_FW_F4_V1.25.1/Drivers/CMSIS/Include -IC:/Users/KSuma/STM32Cube/Repository/STM32Cube_FW_F4_V1.25.1/Drivers/STM32F4xx_HAL_Driver/Inc -I../Core/Inc -IC:/Users/KSuma/STM32Cube/Repository/STM32Cube_FW_F4_V1.25.1/Middlewares/Third_Party/FreeRTOS/Source/include -IC:/Users/KSuma/STM32Cube/Repository/STM32Cube_FW_F4_V1.25.1/Drivers/STM32F4xx_HAL_Driver/Inc/Legacy -IC:/Users/KSuma/STM32Cube/Repository/STM32Cube_FW_F4_V1.25.1/Middlewares/Third_Party/FreeRTOS/Source/CMSIS_RTOS_V2 -O0 -ffunction-sections -fdata-sections -Wall -fstack-usage -MMD -MP -MF"Core/Src/stm32f4xx_hal_msp.d" -MT"Core/Src/stm32f4xx_hal_msp.o" --specs=nano.specs -mfpu=fpv4-sp-d16 -mfloat-abi=hard -mthumb -o "Core/Src/stm32f4xx_hal_msp.o"
arm-none-eabi-gcc "../Core/Src/stm32f4xx_hal_timebase_tim.c" -mcpu=cortex-m4 -std=gnu11 -g3 -DUSE_HAL_DRIVER -DSTM32F401xE -DDEBUG -c -IC:/Users/KSuma/STM32Cube/Repository/STM32Cube_FW_F4_V1.25.1/Middlewares/Third_Party/FreeRTOS/Source/portable/GCC/ARM_CM4F -IC:/Users/KSuma/STM32Cube/Repository/STM32Cube_FW_F4_V1.25.1/Drivers/CMSIS/Device/ST/STM32F4xx/Include -IC:/Users/KSuma/STM32Cube/Repository/STM32Cube_FW_F4_V1.25.1/Drivers/CMSIS/Include -IC:/Users/KSuma/STM32Cube/Repository/STM32Cube_FW_F4_V1.25.1/Drivers/STM32F4xx_HAL_Driver/Inc -I../Core/Inc -IC:/Users/KSuma/STM32Cube/Repository/STM32Cube_FW_F4_V1.25.1/Middlewares/Third_Party/FreeRTOS/Source/include -IC:/Users/KSuma/STM32Cube/Repository/STM32Cube_FW_F4_V1.25.1/Drivers/STM32F4xx_HAL_Driver/Inc/Legacy -IC:/Users/KSuma/STM32Cube/Repository/STM32Cube_FW_F4_V1.25.1/Middlewares/Third_Party/FreeRTOS/Source/CMSIS_RTOS_V2 -O0 -ffunction-sections -fdata-sections -Wall -fstack-usage -MMD -MP -MF"Core/Src/stm32f4xx_hal_timebase_tim.d" -MT"Core/Src/stm32f4xx_hal_timebase_tim.o" --specs=nano.specs -mfpu=fpv4-sp-d16 -mfloat-abi=hard -mthumb -o "Core/Src/stm32f4xx_hal_timebase_tim.o"
arm-none-eabi-gcc "../Core/Src/stm32f4xx_it.c" -mcpu=cortex-m4 -std=gnu11 -g3 -DUSE_HAL_DRIVER -DSTM32F401xE -DDEBUG -c -IC:/Users/KSuma/STM32Cube/Repository/STM32Cube_FW_F4_V1.25.1/Middlewares/Third_Party/FreeRTOS/Source/portable/GCC/ARM_CM4F -IC:/Users/KSuma/STM32Cube/Repository/STM32Cube_FW_F4_V1.25.1/Drivers/CMSIS/Device/ST/STM32F4xx/Include -IC:/Users/KSuma/STM32Cube/Repository/STM32Cube_FW_F4_V1.25.1/Drivers/CMSIS/Include -IC:/Users/KSuma/STM32Cube/Repository/STM32Cube_FW_F4_V1.25.1/Drivers/STM32F4xx_HAL_Driver/Inc -I../Core/Inc -IC:/Users/KSuma/STM32Cube/Repository/STM32Cube_FW_F4_V1.25.1/Middlewares/Third_Party/FreeRTOS/Source/include -IC:/Users/KSuma/STM32Cube/Repository/STM32Cube_FW_F4_V1.25.1/Drivers/STM32F4xx_HAL_Driver/Inc/Legacy -IC:/Users/KSuma/STM32Cube/Repository/STM32Cube_FW_F4_V1.25.1/Middlewares/Third_Party/FreeRTOS/Source/CMSIS_RTOS_V2 -O0 -ffunction-sections -fdata-sections -Wall -fstack-usage -MMD -MP -MF"Core/Src/stm32f4xx_it.d" -MT"Core/Src/stm32f4xx_it.o" --specs=nano.specs -mfpu=fpv4-sp-d16 -mfloat-abi=hard -mthumb -o "Core/Src/stm32f4xx_it.o"
../Core/Src/main.c: In function 'StartSender1':
../Core/Src/main.c:313:2: warning: implicit declaration of function 'printf' [-Wimplicit-function-declaration]
  printf("Task1\n");
  ^~~~~~
../Core/Src/main.c:313:2: warning: incompatible implicit declaration of built-in function 'printf'
../Core/Src/main.c:313:2: note: include '<stdio.h>' or provide a declaration of 'printf'
../Core/Src/main.c: In function 'StartSender2':
../Core/Src/main.c:342:5: warning: incompatible implicit declaration of built-in function 'printf'
     printf("Task2\n");
     ^~~~~~
../Core/Src/main.c:342:5: note: include '<stdio.h>' or provide a declaration of 'printf'
../Core/Src/main.c: In function 'StartReceiver':
../Core/Src/main.c:364:5: warning: incompatible implicit declaration of built-in function 'printf'
     printf("Task3\n");
     ^~~~~~
../Core/Src/main.c:364:5: note: include '<stdio.h>' or provide a declaration of 'printf'
arm-none-eabi-gcc "../Core/Src/system_stm32f4xx.c" -mcpu=cortex-m4 -std=gnu11 -g3 -DUSE_HAL_DRIVER -DSTM32F401xE -DDEBUG -c -IC:/Users/KSuma/STM32Cube/Repository/STM32Cube_FW_F4_V1.25.1/Middlewares/Third_Party/FreeRTOS/Source/portable/GCC/ARM_CM4F -IC:/Users/KSuma/STM32Cube/Repository/STM32Cube_FW_F4_V1.25.1/Drivers/CMSIS/Device/ST/STM32F4xx/Include -IC:/Users/KSuma/STM32Cube/Repository/STM32Cube_FW_F4_V1.25.1/Drivers/CMSIS/Include -IC:/Users/KSuma/STM32Cube/Repository/STM32Cube_FW_F4_V1.25.1/Drivers/STM32F4xx_HAL_Driver/Inc -I../Core/Inc -IC:/Users/KSuma/STM32Cube/Repository/STM32Cube_FW_F4_V1.25.1/Middlewares/Third_Party/FreeRTOS/Source/include -IC:/Users/KSuma/STM32Cube/Repository/STM32Cube_FW_F4_V1.25.1/Drivers/STM32F4xx_HAL_Driver/Inc/Legacy -IC:/Users/KSuma/STM32Cube/Repository/STM32Cube_FW_F4_V1.25.1/Middlewares/Third_Party/FreeRTOS/Source/CMSIS_RTOS_V2 -O0 -ffunction-sections -fdata-sections -Wall -fstack-usage -MMD -MP -MF"Core/Src/system_stm32f4xx.d" -MT"Core/Src/system_stm32f4xx.o" --specs=nano.specs -mfpu=fpv4-sp-d16 -mfloat-abi=hard -mthumb -o "Core/Src/system_stm32f4xx.o"
arm-none-eabi-gcc -o "nucleo-f401re-freertos-drone.elf" @"objects.list"   -mcpu=cortex-m4 -T"C:\SOFT\bis\do_przeniesienia\repozytoria\drone\nucleo-f401re-freertos-drone\STM32F401RETX_FLASH.ld" --specs=nosys.specs -Wl,-Map="nucleo-f401re-freertos-drone.map" -Wl,--gc-sections -static --specs=nano.specs -mfpu=fpv4-sp-d16 -mfloat-abi=hard -mthumb -Wl,--start-group -lc -lm -Wl,--end-group
Finished building target: nucleo-f401re-freertos-drone.elf
 
arm-none-eabi-objdump -h -S  nucleo-f401re-freertos-drone.elf  > "nucleo-f401re-freertos-drone.list"
arm-none-eabi-objcopy  -O binary  nucleo-f401re-freertos-drone.elf  "nucleo-f401re-freertos-drone.bin"
arm-none-eabi-size   nucleo-f401re-freertos-drone.elf 
   text	   data	    bss	    dec	    hex	filename
  26316	    124	  20492	  46932	   b754	nucleo-f401re-freertos-drone.elf
Finished building: default.size.stdout
 
Finished building: nucleo-f401re-freertos-drone.bin
 
Finished building: nucleo-f401re-freertos-drone.list
 
23:01:51 **** Incremental Build of configuration Debug for project nucleo-f401re-freertos-drone ****
make -j8 all 
arm-none-eabi-gcc "../Core/Src/main.c" -mcpu=cortex-m4 -std=gnu11 -g3 -DUSE_HAL_DRIVER -DSTM32F401xE -DDEBUG -c -IC:/Users/KSuma/STM32Cube/Repository/STM32Cube_FW_F4_V1.25.1/Middlewares/Third_Party/FreeRTOS/Source/portable/GCC/ARM_CM4F -IC:/Users/KSuma/STM32Cube/Repository/STM32Cube_FW_F4_V1.25.1/Drivers/CMSIS/Device/ST/STM32F4xx/Include -IC:/Users/KSuma/STM32Cube/Repository/STM32Cube_FW_F4_V1.25.1/Drivers/CMSIS/Include -IC:/Users/KSuma/STM32Cube/Repository/STM32Cube_FW_F4_V1.25.1/Drivers/STM32F4xx_HAL_Driver/Inc -I../Core/Inc -IC:/Users/KSuma/STM32Cube/Repository/STM32Cube_FW_F4_V1.25.1/Middlewares/Third_Party/FreeRTOS/Source/include -IC:/Users/KSuma/STM32Cube/Repository/STM32Cube_FW_F4_V1.25.1/Drivers/STM32F4xx_HAL_Driver/Inc/Legacy -IC:/Users/KSuma/STM32Cube/Repository/STM32Cube_FW_F4_V1.25.1/Middlewares/Third_Party/FreeRTOS/Source/CMSIS_RTOS_V2 -O0 -ffunction-sections -fdata-sections -Wall -fstack-usage -MMD -MP -MF"Core/Src/main.d" -MT"Core/Src/main.o" --specs=nano.specs -mfpu=fpv4-sp-d16 -mfloat-abi=hard -mthumb -o "Core/Src/main.o"
arm-none-eabi-gcc -o "nucleo-f401re-freertos-drone.elf" @"objects.list"   -mcpu=cortex-m4 -T"C:\SOFT\bis\do_przeniesienia\repozytoria\drone\nucleo-f401re-freertos-drone\STM32F401RETX_FLASH.ld" --specs=nosys.specs -Wl,-Map="nucleo-f401re-freertos-drone.map" -Wl,--gc-sections -static --specs=nano.specs -mfpu=fpv4-sp-d16 -mfloat-abi=hard -mthumb -Wl,--start-group -lc -lm -Wl,--end-group
Finished building target: nucleo-f401re-freertos-drone.elf
 
arm-none-eabi-objdump -h -S  nucleo-f401re-freertos-drone.elf  > "nucleo-f401re-freertos-drone.list"
arm-none-eabi-objcopy  -O binary  nucleo-f401re-freertos-drone.elf  "nucleo-f401re-freertos-drone.bin"
arm-none-eabi-size   nucleo-f401re-freertos-drone.elf 
   text	   data	    bss	    dec	    hex	filename
  26316	    124	  20492	  46932	   b754	nucleo-f401re-freertos-drone.elf
Finished building: default.size.stdout
 
Finished building: nucleo-f401re-freertos-drone.bin
 
Finished building: nucleo-f401re-freertos-drone.list
 
23:02:00 **** Incremental Build of configuration Debug for project nucleo-f401re-freertos-drone ****
make -j8 all 
arm-none-eabi-size   nucleo-f401re-freertos-drone.elf 
   text	   data	    bss	    dec	    hex	filename
  26316	    124	  20492	  46932	   b754	nucleo-f401re-freertos-drone.elf
Finished building: default.size.stdout
 
